#
# A fatal error has been detected by the Java Runtime Environment:
#
#  EXCEPTION_ACCESS_VIOLATION (0xc0000005) at pc=0x00007ffca8e422d1, pid=25048, tid=13392
#
# JRE version: Java(TM) SE Runtime Environment (21.0.4+8) (build 21.0.4+8-LTS-274)
# Java VM: Java HotSpot(TM) 64-Bit Server VM (21.0.4+8-LTS-274, mixed mode, emulated-client, sharing, tiered, compressed oops, compressed class ptrs, g1 gc, windows-amd64)
# Problematic frame:
# V  [jvm.dll+0x5d22d1]
#
# No core dump will be written. Minidumps are not enabled by default on client versions of Windows
#
# If you would like to submit a bug report, please visit:
#   https://bugreport.java.com/bugreport/crash.jsp
#

---------------  S U M M A R Y ------------

Command Line: -XX:TieredStopAtLevel=1 -Dspring.output.ansi.enabled=always -Dcom.sun.management.jmxremote -Dspring.jmx.enabled=true -Dspring.liveBeansView.mbeanDomain -Dspring.application.admin.enabled=true -Dmanagement.endpoints.jmx.exposure.include=* -javaagent:C:\Program Files\JetBrains\IntelliJ IDEA 2024.3.7\lib\idea_rt.jar=12483 -Dfile.encoding=UTF-8 -Dsun.stdout.encoding=UTF-8 -Dsun.stderr.encoding=UTF-8 -agentpath:C:\Program Files\SentinelOne\Sentinel Agent 25.1.4.434\SentinelJava64.dll=extendedCapabilities com.kyhslam.BootJspApplication

Host: 13th Gen Intel(R) Core(TM) i7-13700H, 20 cores, 39G,  Windows 10 , 64 bit Build 19041 (10.0.19041.5915)
Time: Wed May 27 21:30:58 2026  Windows 10 , 64 bit Build 19041 (10.0.19041.5915) elapsed time: 28.726264 seconds (0d 0h 0m 28s)

---------------  T H R E A D  ---------------

Current thread (0x000002463d85fed0):  JavaThread "http-nio-8070-exec-1" daemon [_thread_in_vm, id=13392, stack(0x000000ae56400000,0x000000ae56500000) (1024K)]

Stack: [0x000000ae56400000,0x000000ae56500000],  sp=0x000000ae564fb6c0,  free space=1005k
Native frames: (J=compiled Java code, j=interpreted, Vv=VM code, C=native code)
V  [jvm.dll+0x5d22d1]
V  [jvm.dll+0x3d5705]
V  [jvm.dll+0x3d4d7d]
C  0x00000245e1c19520

The last pc belongs to invokevirtual (printed below).
Java frames: (J=compiled Java code, j=interpreted, Vv=VM code)
j  jakarta.servlet.http.HttpServletRequestWrapper.isUserInRole(Ljava/lang/String;)Z+1
v  ~StubRoutines::call_stub 0x00000245e1c0100d
j  org.apache.jasper.runtime.HttpJspBase.service(Ljakarta/servlet/http/HttpServletRequest;Ljakarta/servlet/http/HttpServletResponse;)V+0
j  jakarta.servlet.http.HttpServlet.service(Ljakarta/servlet/ServletRequest;Ljakarta/servlet/ServletResponse;)V+37
j  org.apache.jasper.servlet.JspServletWrapper.service(Ljakarta/servlet/http/HttpServletRequest;Ljakarta/servlet/http/HttpServletResponse;Z)V+372
j  org.apache.jasper.servlet.JspServlet.serviceJspFile(Ljakarta/servlet/http/HttpServletRequest;Ljakarta/servlet/http/HttpServletResponse;Ljava/lang/String;Z)V+112
j  org.apache.jasper.servlet.JspServlet.service(Ljakarta/servlet/http/HttpServletRequest;Ljakarta/servlet/http/HttpServletResponse;)V+230
j  jakarta.servlet.http.HttpServlet.service(Ljakarta/servlet/ServletRequest;Ljakarta/servlet/ServletResponse;)V+37
j  org.apache.catalina.core.ApplicationFilterChain.internalDoFilter(Ljakarta/servlet/ServletRequest;Ljakarta/servlet/ServletResponse;)V+300
j  org.apache.catalina.core.ApplicationFilterChain.doFilter(Ljakarta/servlet/ServletRequest;Ljakarta/servlet/ServletResponse;)V+99
j  org.apache.tomcat.websocket.server.WsFilter.doFilter(Ljakarta/servlet/ServletRequest;Ljakarta/servlet/ServletResponse;Ljakarta/servlet/FilterChain;)V+21
j  org.apache.catalina.core.ApplicationFilterChain.internalDoFilter(Ljakarta/servlet/ServletRequest;Ljakarta/servlet/ServletResponse;)V+130
j  org.apache.catalina.core.ApplicationFilterChain.doFilter(Ljakarta/servlet/ServletRequest;Ljakarta/servlet/ServletResponse;)V+99
j  org.springframework.web.filter.OncePerRequestFilter.doFilter(Ljakarta/servlet/ServletRequest;Ljakarta/servlet/ServletResponse;Ljakarta/servlet/FilterChain;)V+125
j  org.apache.catalina.core.ApplicationFilterChain.internalDoFilter(Ljakarta/servlet/ServletRequest;Ljakarta/servlet/ServletResponse;)V+130
j  org.apache.catalina.core.ApplicationFilterChain.doFilter(Ljakarta/servlet/ServletRequest;Ljakarta/servlet/ServletResponse;)V+99
j  org.springframework.web.filter.OncePerRequestFilter.doFilter(Ljakarta/servlet/ServletRequest;Ljakarta/servlet/ServletResponse;Ljakarta/servlet/FilterChain;)V+125
j  org.apache.catalina.core.ApplicationFilterChain.internalDoFilter(Ljakarta/servlet/ServletRequest;Ljakarta/servlet/ServletResponse;)V+130
j  org.apache.catalina.core.ApplicationFilterChain.doFilter(Ljakarta/servlet/ServletRequest;Ljakarta/servlet/ServletResponse;)V+99
j  org.springframework.web.filter.OncePerRequestFilter.doFilter(Ljakarta/servlet/ServletRequest;Ljakarta/servlet/ServletResponse;Ljakarta/servlet/FilterChain;)V+125
j  org.apache.catalina.core.ApplicationFilterChain.internalDoFilter(Ljakarta/servlet/ServletRequest;Ljakarta/servlet/ServletResponse;)V+130
j  org.apache.catalina.core.ApplicationFilterChain.doFilter(Ljakarta/servlet/ServletRequest;Ljakarta/servlet/ServletResponse;)V+99
j  org.apache.catalina.core.ApplicationDispatcher.invoke(Ljakarta/servlet/ServletRequest;Ljakarta/servlet/ServletResponse;Lorg/apache/catalina/core/ApplicationDispatcher$State;)V+347
j  org.apache.catalina.core.ApplicationDispatcher.processRequest(Ljakarta/servlet/ServletRequest;Ljakarta/servlet/ServletResponse;Lorg/apache/catalina/core/ApplicationDispatcher$State;)V+101
j  org.apache.catalina.core.ApplicationDispatcher.doForward(Ljakarta/servlet/ServletRequest;Ljakarta/servlet/ServletResponse;)V+363
j  org.apache.catalina.core.ApplicationDispatcher.forward(Ljakarta/servlet/ServletRequest;Ljakarta/servlet/ServletResponse;)V+55
j  org.springframework.web.servlet.view.InternalResourceView.renderMergedOutputModel(Ljava/util/Map;Ljakarta/servlet/http/HttpServletRequest;Ljakarta/servlet/http/HttpServletResponse;)V+145
j  org.springframework.web.servlet.view.AbstractView.render(Ljava/util/Map;Ljakarta/servlet/http/HttpServletRequest;Ljakarta/servlet/http/HttpServletResponse;)V+91
j  org.springframework.web.servlet.DispatcherServlet.render(Lorg/springframework/web/servlet/ModelAndView;Ljakarta/servlet/http/HttpServletRequest;Ljakarta/servlet/http/HttpServletResponse;)V+218
j  org.springframework.web.servlet.DispatcherServlet.processDispatchResult(Ljakarta/servlet/http/HttpServletRequest;Ljakarta/servlet/http/HttpServletResponse;Lorg/springframework/web/servlet/HandlerExecutionChain;Lorg/springframework/web/servlet/ModelAndView;Ljava/lang/Exception;)V+103
j  org.springframework.web.servlet.DispatcherServlet.doDispatch(Ljakarta/servlet/http/HttpServletRequest;Ljakarta/servlet/http/HttpServletResponse;)V+425
j  org.springframework.web.servlet.DispatcherServlet.doService(Ljakarta/servlet/http/HttpServletRequest;Ljakarta/servlet/http/HttpServletResponse;)V+242
j  org.springframework.web.servlet.FrameworkServlet.processRequest(Ljakarta/servlet/http/HttpServletRequest;Ljakarta/servlet/http/HttpServletResponse;)V+70
j  org.springframework.web.servlet.FrameworkServlet.doGet(Ljakarta/servlet/http/HttpServletRequest;Ljakarta/servlet/http/HttpServletResponse;)V+3
j  jakarta.servlet.http.HttpServlet.service(Ljakarta/servlet/http/HttpServletRequest;Ljakarta/servlet/http/HttpServletResponse;)V+35
j  org.springframework.web.servlet.FrameworkServlet.service(Ljakarta/servlet/http/HttpServletRequest;Ljakarta/servlet/http/HttpServletResponse;)V+20
j  jakarta.servlet.http.HttpServlet.service(Ljakarta/servlet/ServletRequest;Ljakarta/servlet/ServletResponse;)V+37
j  org.apache.catalina.core.ApplicationFilterChain.internalDoFilter(Ljakarta/servlet/ServletRequest;Ljakarta/servlet/ServletResponse;)V+300
j  org.apache.catalina.core.ApplicationFilterChain.doFilter(Ljakarta/servlet/ServletRequest;Ljakarta/servlet/ServletResponse;)V+99
j  org.apache.tomcat.websocket.server.WsFilter.doFilter(Ljakarta/servlet/ServletRequest;Ljakarta/servlet/ServletResponse;Ljakarta/servlet/FilterChain;)V+21
j  org.apache.catalina.core.ApplicationFilterChain.internalDoFilter(Ljakarta/servlet/ServletRequest;Ljakarta/servlet/ServletResponse;)V+130
j  org.apache.catalina.core.ApplicationFilterChain.doFilter(Ljakarta/servlet/ServletRequest;Ljakarta/servlet/ServletResponse;)V+99
j  org.springframework.web.filter.RequestContextFilter.doFilterInternal(Ljakarta/servlet/http/HttpServletRequest;Ljakarta/servlet/http/HttpServletResponse;Ljakarta/servlet/FilterChain;)V+21
j  org.springframework.web.filter.OncePerRequestFilter.doFilter(Ljakarta/servlet/ServletRequest;Ljakarta/servlet/ServletResponse;Ljakarta/servlet/FilterChain;)V+150
j  org.apache.catalina.core.ApplicationFilterChain.internalDoFilter(Ljakarta/servlet/ServletRequest;Ljakarta/servlet/ServletResponse;)V+130
j  org.apache.catalina.core.ApplicationFilterChain.doFilter(Ljakarta/servlet/ServletRequest;Ljakarta/servlet/ServletResponse;)V+99
j  org.springframework.web.filter.FormContentFilter.doFilterInternal(Ljakarta/servlet/http/HttpServletRequest;Ljakarta/servlet/http/HttpServletResponse;Ljakarta/servlet/FilterChain;)V+38
j  org.springframework.web.filter.OncePerRequestFilter.doFilter(Ljakarta/servlet/ServletRequest;Ljakarta/servlet/ServletResponse;Ljakarta/servlet/FilterChain;)V+150
j  org.apache.catalina.core.ApplicationFilterChain.internalDoFilter(Ljakarta/servlet/ServletRequest;Ljakarta/servlet/ServletResponse;)V+130
j  org.apache.catalina.core.ApplicationFilterChain.doFilter(Ljakarta/servlet/ServletRequest;Ljakarta/servlet/ServletResponse;)V+99
j  org.springframework.web.filter.CharacterEncodingFilter.doFilterInternal(Ljakarta/servlet/http/HttpServletRequest;Ljakarta/servlet/http/HttpServletResponse;Ljakarta/servlet/FilterChain;)V+53
j  org.springframework.web.filter.OncePerRequestFilter.doFilter(Ljakarta/servlet/ServletRequest;Ljakarta/servlet/ServletResponse;Ljakarta/servlet/FilterChain;)V+150
j  org.apache.catalina.core.ApplicationFilterChain.internalDoFilter(Ljakarta/servlet/ServletRequest;Ljakarta/servlet/ServletResponse;)V+130
j  org.apache.catalina.core.ApplicationFilterChain.doFilter(Ljakarta/servlet/ServletRequest;Ljakarta/servlet/ServletResponse;)V+99
j  org.apache.catalina.core.StandardWrapperValve.invoke(Lorg/apache/catalina/connector/Request;Lorg/apache/catalina/connector/Response;)V+514
j  org.apache.catalina.core.StandardContextValve.invoke(Lorg/apache/catalina/connector/Request;Lorg/apache/catalina/connector/Response;)V+169
j  org.apache.catalina.authenticator.AuthenticatorBase.invoke(Lorg/apache/catalina/connector/Request;Lorg/apache/catalina/connector/Response;)V+221
j  org.apache.catalina.core.StandardHostValve.invoke(Lorg/apache/catalina/connector/Request;Lorg/apache/catalina/connector/Response;)V+131
j  org.apache.catalina.valves.ErrorReportValve.invoke(Lorg/apache/catalina/connector/Request;Lorg/apache/catalina/connector/Response;)V+6
j  org.apache.catalina.core.StandardEngineValve.invoke(Lorg/apache/catalina/connector/Request;Lorg/apache/catalina/connector/Response;)V+59
j  org.apache.catalina.connector.CoyoteAdapter.service(Lorg/apache/coyote/Request;Lorg/apache/coyote/Response;)V+188
j  org.apache.coyote.http11.Http11Processor.service(Lorg/apache/tomcat/util/net/SocketWrapperBase;)Lorg/apache/tomcat/util/net/AbstractEndpoint$Handler$SocketState;+796
j  org.apache.coyote.AbstractProcessorLight.process(Lorg/apache/tomcat/util/net/SocketWrapperBase;Lorg/apache/tomcat/util/net/SocketEvent;)Lorg/apache/tomcat/util/net/AbstractEndpoint$Handler$SocketState;+155
j  org.apache.coyote.AbstractProtocol$ConnectionHandler.process(Lorg/apache/tomcat/util/net/SocketWrapperBase;Lorg/apache/tomcat/util/net/SocketEvent;)Lorg/apache/tomcat/util/net/AbstractEndpoint$Handler$SocketState;+482
j  org.apache.tomcat.util.net.NioEndpoint$SocketProcessor.doRun()V+249
j  org.apache.tomcat.util.net.SocketProcessorBase.run()V+32
j  org.apache.tomcat.util.threads.ThreadPoolExecutor.runWorker(Lorg/apache/tomcat/util/threads/ThreadPoolExecutor$Worker;)V+92
j  org.apache.tomcat.util.threads.ThreadPoolExecutor$Worker.run()V+5
j  org.apache.tomcat.util.threads.TaskThread$WrappingRunnable.run()V+4
j  java.lang.Thread.runWith(Ljava/lang/Object;Ljava/lang/Runnable;)V+5 java.base@21.0.4
j  java.lang.Thread.run()V+19 java.base@21.0.4
v  ~StubRoutines::call_stub 0x00000245e1c0100d

siginfo: EXCEPTION_ACCESS_VIOLATION (0xc0000005), reading address 0x0000000000000019


Registers:
RAX=0x000000ae564fb708, RBX=0x000002463e493bc0, RCX=0x000000ae564fb690, RDX=0x000000ae564fb690
RSP=0x000000ae564fb6c0, RBP=0x000000ae564fb850, RSI=0x000000ae564fb820, RDI=0x000002463d85fed0
R8 =0x0000000000000011, R9 =0x000002463ade9190, R10=0x000002463e464ad0, R11=0x0000000000000000
R12=0x0000000000000000, R13=0x000002463adea461, R14=0x00000000000000b6, R15=0x000002463adea461
RIP=0x00007ffca8e422d1, EFLAGS=0x0000000000010202


Register to memory mapping:

RAX=0x000000ae564fb708 is pointing into the stack for thread: 0x000002463d85fed0
RBX=0x000002463e493bc0 points into unknown readable memory: 0x0000000000000011 | 11 00 00 00 00 00 00 00
RCX=0x000000ae564fb690 is pointing into the stack for thread: 0x000002463d85fed0
RDX=0x000000ae564fb690 is pointing into the stack for thread: 0x000002463d85fed0
RSP=0x000000ae564fb6c0 is pointing into the stack for thread: 0x000002463d85fed0
RBP=0x000000ae564fb850 is pointing into the stack for thread: 0x000002463d85fed0
RSI=0x000000ae564fb820 is pointing into the stack for thread: 0x000002463d85fed0
RDI=0x000002463d85fed0 is a thread
R8 =0x0000000000000011 is an unknown value
R9 =0x000002463ade9190 is pointing into metadata
R10=0x000002463e464ad0 points into unknown readable memory: 0x0000008000000006 | 06 00 00 00 80 00 00 00
R11=0x0 is null
R12=0x0 is null
R13=0x000002463adea461 is pointing into metadata
R14=0x00000000000000b6 is an unknown value
R15=0x000002463adea461 is pointing into metadata

Top of Stack: (sp=0x000000ae564fb6c0)
0x000000ae564fb6c0:   000002463e493bc0 000000ae564fb850
0x000000ae564fb6d0:   000000ae564fb820 000000030000000c
0x000000ae564fb6e0:   000002463d85fe0a 0000000000000000
0x000000ae564fb6f0:   00000000000000b6 00007ffca8b80a4f
0x000000ae564fb700:   000000058abc9dd0 000002463e402038
0x000000ae564fb710:   000002463c34a4a8 00000245f79d9da8
0x000000ae564fb720:   00000245f79d9da8 0000000000000000
0x000000ae564fb730:   0000000000000000 00000000000a0101
0x000000ae564fb740:   000002463e56b500 00007ffca8c45705
0x000000ae564fb750:   000002463d85fed0 000002463e493bc0
0x000000ae564fb760:   0000000000000000 0000000000000010
0x000000ae564fb770:   00000000000000b6 000002463d85fed0
0x000000ae564fb780:   000002463adea490 000002463d85fed0
0x000000ae564fb790:   0000000000000000 0000000000000000
0x000000ae564fb7a0:   000002463ade9190 000002463d85fed0
0x000000ae564fb7b0:   000002463adea461 00000245000000b6
0x000000ae564fb7c0:   000002463adea490 0000000000000000
0x000000ae564fb7d0:   0000000000000000 000000ae564fbb00
0x000000ae564fb7e0:   000000ae564fbab0 000000ae564fbab0
0x000000ae564fb7f0:   00000245e1c194dd 00000245e1c08190
0x000000ae564fb800:   0000000000000000 0000000000000000
0x000000ae564fb810:   000000ae564fbb00 000000ae564fbab0
0x000000ae564fb820:   0000024638729113 0000000000000000
0x000000ae564fb830:   0000000000000000 0000000000000000
0x000000ae564fb840:   0000000000000000 00000246437617e8
0x000000ae564fb850:   0000000000000000 0000000000000000
0x000000ae564fb860:   000002463d85fed0 000002463adea461
0x000000ae564fb870:   000000ae564fbb18 000002463d85fed0
0x000000ae564fb880:   000000ae564fbf00 00000000000000b6
0x000000ae564fb890:   000000ae564fb9a0 00007ffca8c44d7d
0x000000ae564fb8a0:   000002463ade9190 0000000000000000
0x000000ae564fb8b0:   00000000000003d8 000002463c2da888 

Instructions: (pc=0x00007ffca8e422d1)
0x00007ffca8e421d1:   e8 ca cf ff ff 48 83 7b 08 00 0f 85 d0 01 00 00
0x00007ffca8e421e1:   4c 8b cb 48 8d 54 24 48 41 b0 01 48 8b ce e8 1c
0x00007ffca8e421f1:   10 00 00 e9 b8 01 00 00 48 8b bc 24 b8 00 00 00
0x00007ffca8e42201:   48 8d 4c 24 48 41 b9 b7 00 00 00 48 89 7c 24 20
0x00007ffca8e42211:   45 8b c2 49 8b d3 e8 84 cf ff ff 48 83 7f 08 00
0x00007ffca8e42221:   0f 85 8a 01 00 00 48 8b d7 48 8d 4c 24 48 e8 5c
0x00007ffca8e42231:   df ff ff 48 83 7f 08 00 0f 85 72 01 00 00 48 89
0x00007ffca8e42241:   44 24 38 48 89 7c 24 40 48 85 c0 74 16 48 8b 8f
0x00007ffca8e42251:   28 03 00 00 48 8d 54 24 30 48 89 44 24 30 e8 4c
0x00007ffca8e42261:   78 a3 ff 4c 8b cb 48 89 7c 24 20 4c 8d 44 24 38
0x00007ffca8e42271:   48 8b ce 48 8d 54 24 48 e8 42 19 00 00 48 8d 4c
0x00007ffca8e42281:   24 38 e8 18 ac dc ff e9 24 01 00 00 48 8b bc 24
0x00007ffca8e42291:   b8 00 00 00 48 8d 4c 24 48 41 b9 b6 00 00 00 48
0x00007ffca8e422a1:   89 7c 24 20 45 8b c2 49 8b d3 e8 f0 ce ff ff 48
0x00007ffca8e422b1:   83 7f 08 00 0f 85 f6 00 00 00 48 85 db 75 05 45
0x00007ffca8e422c1:   33 c0 eb 26 80 3d ce 62 5e 00 00 4c 8b 03 74 16
0x00007ffca8e422d1:   45 8b 40 08 8b 0d 9d 4c 5e 00 49 d3 e0 4c 03 05
0x00007ffca8e422e1:   8b 4c 5e 00 eb 04 4d 8b 40 08 48 89 7c 24 28 4c
0x00007ffca8e422f1:   8d 4c 24 48 48 8b d3 c6 44 24 20 01 48 8b ce e8
0x00007ffca8e42301:   7b 11 00 00 e9 a7 00 00 00 4c 8b 8c 24 b8 00 00
0x00007ffca8e42311:   00 45 8b c2 49 8b d3 48 8b ce e8 20 03 00 00 e9
0x00007ffca8e42321:   96 00 00 00 4c 8b 8c 24 b8 00 00 00 45 8b c2 49
0x00007ffca8e42331:   8b d3 48 8b ce e8 f5 00 00 00 eb 7e 48 8b bc 24
0x00007ffca8e42341:   b8 00 00 00 48 8d 4c 24 48 41 b9 b9 00 00 00 48
0x00007ffca8e42351:   89 7c 24 20 45 8b c2 49 8b d3 e8 40 ce ff ff 48
0x00007ffca8e42361:   83 7f 08 00 75 4a 48 85 db 75 05 45 33 c0 eb 26
0x00007ffca8e42371:   80 3d 22 62 5e 00 00 4c 8b 03 74 16 45 8b 40 08
0x00007ffca8e42381:   8b 0d f1 4b 5e 00 49 d3 e0 4c 03 05 df 4b 5e 00
0x00007ffca8e42391:   eb 04 4d 8b 40 08 48 89 7c 24 28 4c 8d 4c 24 48
0x00007ffca8e423a1:   48 8b d3 c6 44 24 20 01 48 8b ce e8 ff f4 ff ff
0x00007ffca8e423b1:   48 8d 4c 24 68 e8 e5 aa dc ff 48 8b bc 24 90 00
0x00007ffca8e423c1:   00 00 48 8b 9c 24 98 00 00 00 48 81 c4 80 00 00 


Stack slot to memory mapping:

stack at sp + 0 slots: 0x000002463e493bc0 points into unknown readable memory: 0x0000000000000011 | 11 00 00 00 00 00 00 00
stack at sp + 1 slots: 0x000000ae564fb850 is pointing into the stack for thread: 0x000002463d85fed0
stack at sp + 2 slots: 0x000000ae564fb820 is pointing into the stack for thread: 0x000002463d85fed0
stack at sp + 3 slots: 0x000000030000000c is an unknown value
stack at sp + 4 slots: 0x000002463d85fe0a points into unknown readable memory: 00 00 00 00 00 00
stack at sp + 5 slots: 0x0 is null
stack at sp + 6 slots: 0x00000000000000b6 is an unknown value
stack at sp + 7 slots: 0x00007ffca8b80a4f jvm.dll

invokevirtual  182 invokevirtual  [0x00000245e1c19480, 0x00000245e1c19600]  384 bytes
[MachCode]
  0x00000245e1c19480: 4883 ec08 | c5fa 1104 | 24eb 1f48 | 83ec 10c5 | fb11 0424 | eb14 4883 | ec10 4889 | 0424 48c7 
  0x00000245e1c194a0: 4424 0800 | 0000 00eb | 0150 4c89 | 6dc0 410f | b755 0148 | 8b4d d0c1 | e202 8b5c | d138 c1eb 
  0x00000245e1c194c0: 1881 e3ff | 0000 0081 | fbb6 0000 | 000f 84b4 | 0000 00bb | b600 0000 | e805 0000 | 00e9 9900 
  0x00000245e1c194e0: 0000 488b | d348 8d44 | 2408 4c89 | 6dc0 498b | cfc5 f877 | 4989 afa8 | 0300 0049 | 8987 9803 
  0x00000245e1c19500: 0000 4883 | ec20 40f6 | c40f 0f84 | 1900 0000 | 4883 ec08 | 48b8 104d | c4a8 fc7f | 0000 ffd0 
  0x00000245e1c19520: 4883 c408 | e90c 0000 | 0048 b810 | 4dc4 a8fc | 7f00 00ff | d048 83c4 | 2049 c787 | 9803 0000 
  0x00000245e1c19540: 0000 0000 | 49c7 87a8 | 0300 0000 | 0000 0049 | c787 a003 | 0000 0000 | 0000 c5f8 | 7749 837f 
  0x00000245e1c19560: 0800 0f84 | 0500 0000 | e993 79fe | ff4c 8b6d | c04c 8b75 | c84e 8d74 | f500 c341 | 0fb7 5501 
  0x00000245e1c19580: 488b 4dd0 | c1e2 0248 | 8b5c d148 | 8b54 d150 | 8bca 81e1 | ff00 0000 | 488b 4ccc | f844 8bea 
  0x00000245e1c195a0: c1ea 1c49 | ba20 7b4b | a9fc 7f00 | 0049 8b14 | d252 418b | d54c 8b6d | c08b c225 | 0000 1000 
  0x00000245e1c195c0: 0f84 0f00 | 0000 483b | 014c 8d6c | 2408 4c89 | 6df0 ff63 | 508b 4108 | 49ba 0000 | 00f6 4502 
  0x00000245e1c195e0: 0000 4903 | c248 8b9c | d8c8 0100 | 004c 8d6c | 2408 4c89 | 6df0 ff63 | 500f 1f80 | 0000 0000 
[/MachCode]

---------------  P R O C E S S  ---------------

Threads class SMR info:
_java_thread_list=0x000002463e5867e0, length=43, elements={
0x00000245f55d5f80, 0x00000245f55d7530, 0x00000245f55ea2f0, 0x00000245f55eb8a0,
0x00000245f55ece50, 0x00000245f55f1900, 0x00000245f55f6ec0, 0x00000245e5e03e70,
0x000002463b2c3dc0, 0x000002463b2dcc90, 0x000002463b46eac0, 0x000002463b66a330,
0x000002463b6c0f40, 0x000002463b6f9f10, 0x000002463bbaa0c0, 0x000002463bbaa750,
0x000002463bbaade0, 0x000002463bbab470, 0x000002463bbac190, 0x000002463d85f840,
0x000002463d861fa0, 0x000002463d85fed0, 0x000002463d85f1b0, 0x000002463d860bf0,
0x000002463d862630, 0x000002463d861910, 0x000002463df75b80, 0x000002463df72700,
0x000002463df747d0, 0x000002463df77c50, 0x000002463df782e0, 0x000002463df73420,
0x000002463df74140, 0x000002463df74e60, 0x000002463df754f0, 0x000002463c5267a0,
0x00000245f569bad0, 0x000002463e22a500, 0x000002463cd3b2d0, 0x00000246437885d0,
0x000002464303a270, 0x0000024643038730, 0x000002464303b6e0
}

Java Threads: ( => current thread )
  0x00000245f55d5f80 JavaThread "Reference Handler"          daemon [_thread_blocked, id=20152, stack(0x000000ae53400000,0x000000ae53500000) (1024K)]
  0x00000245f55d7530 JavaThread "Finalizer"                  daemon [_thread_blocked, id=14236, stack(0x000000ae53500000,0x000000ae53600000) (1024K)]
  0x00000245f55ea2f0 JavaThread "Signal Dispatcher"          daemon [_thread_blocked, id=28852, stack(0x000000ae53600000,0x000000ae53700000) (1024K)]
  0x00000245f55eb8a0 JavaThread "Attach Listener"            daemon [_thread_blocked, id=11496, stack(0x000000ae53700000,0x000000ae53800000) (1024K)]
  0x00000245f55ece50 JavaThread "Service Thread"             daemon [_thread_blocked, id=29840, stack(0x000000ae53800000,0x000000ae53900000) (1024K)]
  0x00000245f55f1900 JavaThread "Monitor Deflation Thread"   daemon [_thread_blocked, id=26476, stack(0x000000ae53900000,0x000000ae53a00000) (1024K)]
  0x00000245f55f6ec0 JavaThread "C1 CompilerThread0"         daemon [_thread_blocked, id=2780, stack(0x000000ae53a00000,0x000000ae53b00000) (1024K)]
  0x00000245e5e03e70 JavaThread "Common-Cleaner"             daemon [_thread_blocked, id=25028, stack(0x000000ae53c00000,0x000000ae53d00000) (1024K)]
  0x000002463b2c3dc0 JavaThread "Monitor Ctrl-Break"         daemon [_thread_in_native, id=9248, stack(0x000000ae53e00000,0x000000ae53f00000) (1024K)]
  0x000002463b2dcc90 JavaThread "Notification Thread"        daemon [_thread_blocked, id=9380, stack(0x000000ae53f00000,0x000000ae54000000) (1024K)]
  0x000002463b46eac0 JavaThread "RMI TCP Accept-0"           daemon [_thread_in_native, id=29936, stack(0x000000ae54200000,0x000000ae54300000) (1024K)]
  0x000002463b66a330 JavaThread "RMI TCP Connection(1)-112.168.107.98" daemon [_thread_in_native, id=14004, stack(0x000000ae54300000,0x000000ae54400000) (1024K)]
  0x000002463b6c0f40 JavaThread "RMI Scheduler(0)"           daemon [_thread_blocked, id=28816, stack(0x000000ae54400000,0x000000ae54500000) (1024K)]
  0x000002463b6f9f10 JavaThread "JMX server connection timeout 34" daemon [_thread_blocked, id=23712, stack(0x000000ae54500000,0x000000ae54600000) (1024K)]
  0x000002463bbaa0c0 JavaThread "Catalina-utility-1"                [_thread_blocked, id=29976, stack(0x000000ae55600000,0x000000ae55700000) (1024K)]
  0x000002463bbaa750 JavaThread "Catalina-utility-2"                [_thread_blocked, id=9808, stack(0x000000ae55d00000,0x000000ae55e00000) (1024K)]
  0x000002463bbaade0 JavaThread "container-0"                       [_thread_blocked, id=25288, stack(0x000000ae55e00000,0x000000ae55f00000) (1024K)]
  0x000002463bbab470 JavaThread "mssql-jdbc-shared-timer-core-0" daemon [_thread_blocked, id=10532, stack(0x000000ae56000000,0x000000ae56100000) (1024K)]
  0x000002463bbac190 JavaThread "HikariPool-1 housekeeper"   daemon [_thread_blocked, id=25884, stack(0x000000ae56100000,0x000000ae56200000) (1024K)]
  0x000002463d85f840 JavaThread "File Watcher"               daemon [_thread_blocked, id=17412, stack(0x000000ae56300000,0x000000ae56400000) (1024K)]
  0x000002463d861fa0 JavaThread "Live Reload Server"         daemon [_thread_in_native, id=28812, stack(0x000000ae56500000,0x000000ae56600000) (1024K)]
=>0x000002463d85fed0 JavaThread "http-nio-8070-exec-1"       daemon [_thread_in_vm, id=13392, stack(0x000000ae56400000,0x000000ae56500000) (1024K)]
  0x000002463d85f1b0 JavaThread "http-nio-8070-exec-2"       daemon [_thread_blocked, id=7456, stack(0x000000ae56600000,0x000000ae56700000) (1024K)]
  0x000002463d860bf0 JavaThread "http-nio-8070-exec-3"       daemon [_thread_blocked, id=26628, stack(0x000000ae56700000,0x000000ae56800000) (1024K)]
  0x000002463d862630 JavaThread "http-nio-8070-exec-4"       daemon [_thread_blocked, id=23740, stack(0x000000ae56800000,0x000000ae56900000) (1024K)]
  0x000002463d861910 JavaThread "http-nio-8070-exec-5"       daemon [_thread_blocked, id=30484, stack(0x000000ae56900000,0x000000ae56a00000) (1024K)]
  0x000002463df75b80 JavaThread "http-nio-8070-exec-6"       daemon [_thread_blocked, id=30168, stack(0x000000ae56a00000,0x000000ae56b00000) (1024K)]
  0x000002463df72700 JavaThread "http-nio-8070-exec-7"       daemon [_thread_blocked, id=30176, stack(0x000000ae56b00000,0x000000ae56c00000) (1024K)]
  0x000002463df747d0 JavaThread "http-nio-8070-exec-8"       daemon [_thread_blocked, id=25360, stack(0x000000ae56c00000,0x000000ae56d00000) (1024K)]
  0x000002463df77c50 JavaThread "http-nio-8070-exec-9"       daemon [_thread_blocked, id=21460, stack(0x000000ae56d00000,0x000000ae56e00000) (1024K)]
  0x000002463df782e0 JavaThread "http-nio-8070-exec-10"      daemon [_thread_blocked, id=3048, stack(0x000000ae56e00000,0x000000ae56f00000) (1024K)]
  0x000002463df73420 JavaThread "http-nio-8070-Poller"       daemon [_thread_in_native, id=5708, stack(0x000000ae56f00000,0x000000ae57000000) (1024K)]
  0x000002463df74140 JavaThread "http-nio-8070-Acceptor"     daemon [_thread_in_native, id=30512, stack(0x000000ae57000000,0x000000ae57100000) (1024K)]
  0x000002463df74e60 JavaThread "DestroyJavaVM"                     [_thread_blocked, id=27632, stack(0x000000ae52c00000,0x000000ae52d00000) (1024K)]
  0x000002463df754f0 JavaThread "RMI TCP Connection(2)-112.168.107.98" daemon [_thread_in_native, id=23004, stack(0x000000ae55400000,0x000000ae55500000) (1024K)]
  0x000002463c5267a0 JavaThread "C1 CompilerThread1"         daemon [_thread_blocked, id=10144, stack(0x000000ae53b00000,0x000000ae53c00000) (1024K)]
  0x00000245f569bad0 JavaThread "C1 CompilerThread2"         daemon [_thread_blocked, id=22676, stack(0x000000ae53d00000,0x000000ae53e00000) (1024K)]
  0x000002463e22a500 JavaThread "C1 CompilerThread3"         daemon [_thread_blocked, id=13416, stack(0x000000ae54000000,0x000000ae54100000) (1024K)]
  0x000002463cd3b2d0 JavaThread "C1 CompilerThread4"         daemon [_thread_blocked, id=30144, stack(0x000000ae54100000,0x000000ae54200000) (1024K)]
  0x00000246437885d0 JavaThread "C1 CompilerThread5"         daemon [_thread_blocked, id=24896, stack(0x000000ae55500000,0x000000ae55600000) (1024K)]
  0x000002464303a270 JavaThread "C1 CompilerThread6"         daemon [_thread_blocked, id=13100, stack(0x000000ae55700000,0x000000ae55800000) (1024K)]
  0x0000024643038730 JavaThread "C1 CompilerThread7"         daemon [_thread_blocked, id=24656, stack(0x000000ae55800000,0x000000ae55900000) (1024K)]
  0x000002464303b6e0 JavaThread "C1 CompilerThread8"         daemon [_thread_blocked, id=10736, stack(0x000000ae55900000,0x000000ae55a00000) (1024K)]
Total: 43

Other Threads:
  0x00000245e5e22a50 VMThread "VM Thread"                           [id=12680, stack(0x000000ae53300000,0x000000ae53400000) (1024K)]
  0x00000245f55d10e0 WatcherThread "VM Periodic Task Thread"        [id=14668, stack(0x000000ae53200000,0x000000ae53300000) (1024K)]
  0x00000245e5cc8920 WorkerThread "GC Thread#0"                     [id=30280, stack(0x000000ae52d00000,0x000000ae52e00000) (1024K)]
  0x000002463b99c020 WorkerThread "GC Thread#1"                     [id=16224, stack(0x000000ae54600000,0x000000ae54700000) (1024K)]
  0x000002463b9b84c0 WorkerThread "GC Thread#2"                     [id=30584, stack(0x000000ae54700000,0x000000ae54800000) (1024K)]
  0x000002463b99a960 WorkerThread "GC Thread#3"                     [id=30192, stack(0x000000ae54800000,0x000000ae54900000) (1024K)]
  0x000002463b9c6360 WorkerThread "GC Thread#4"                     [id=1164, stack(0x000000ae54900000,0x000000ae54a00000) (1024K)]
  0x000002463b9c6700 WorkerThread "GC Thread#5"                     [id=27448, stack(0x000000ae54a00000,0x000000ae54b00000) (1024K)]
  0x000002463b9d0f30 WorkerThread "GC Thread#6"                     [id=21392, stack(0x000000ae54b00000,0x000000ae54c00000) (1024K)]
  0x000002463b9d26e0 WorkerThread "GC Thread#7"                     [id=30556, stack(0x000000ae54c00000,0x000000ae54d00000) (1024K)]
  0x000002463b9ec860 WorkerThread "GC Thread#8"                     [id=24592, stack(0x000000ae54d00000,0x000000ae54e00000) (1024K)]
  0x000002463b9d1f00 WorkerThread "GC Thread#9"                     [id=9624, stack(0x000000ae54e00000,0x000000ae54f00000) (1024K)]
  0x000002463b9ecc00 WorkerThread "GC Thread#10"                    [id=8488, stack(0x000000ae54f00000,0x000000ae55000000) (1024K)]
  0x000002463b9ee950 WorkerThread "GC Thread#11"                    [id=15212, stack(0x000000ae55000000,0x000000ae55100000) (1024K)]
  0x000002463b9edad0 WorkerThread "GC Thread#12"                    [id=25596, stack(0x000000ae55100000,0x000000ae55200000) (1024K)]
  0x000002463b9ede70 WorkerThread "GC Thread#13"                    [id=24628, stack(0x000000ae55200000,0x000000ae55300000) (1024K)]
  0x000002463b9ed390 WorkerThread "GC Thread#14"                    [id=30112, stack(0x000000ae55300000,0x000000ae55400000) (1024K)]
  0x00000245d806d420 ConcurrentGCThread "G1 Main Marker"            [id=30292, stack(0x000000ae52e00000,0x000000ae52f00000) (1024K)]
  0x00000245d8070890 WorkerThread "G1 Conc#0"                       [id=832, stack(0x000000ae52f00000,0x000000ae53000000) (1024K)]
  0x000002463b9ed730 WorkerThread "G1 Conc#1"                       [id=20760, stack(0x000000ae55a00000,0x000000ae55b00000) (1024K)]
  0x000002463b9ee5b0 WorkerThread "G1 Conc#2"                       [id=24840, stack(0x000000ae55b00000,0x000000ae55c00000) (1024K)]
  0x000002463b9ecff0 WorkerThread "G1 Conc#3"                       [id=17960, stack(0x000000ae55c00000,0x000000ae55d00000) (1024K)]
  0x00000245e5d55ba0 ConcurrentGCThread "G1 Refine#0"               [id=30296, stack(0x000000ae53000000,0x000000ae53100000) (1024K)]
  0x00000245e5d56770 ConcurrentGCThread "G1 Service"                [id=3900, stack(0x000000ae53100000,0x000000ae53200000) (1024K)]
Total: 24

Threads with active compile tasks:
Total: 0

VM state: not at safepoint (normal execution)

VM Mutex/Monitor currently owned by a thread: None

Heap address: 0x0000000585800000, size: 10152 MB, Compressed Oops mode: Zero based, Oop shift amount: 3

CDS archive(s) mapped at: [0x00000245f6000000-0x00000245f6c90000-0x00000245f6c90000), size 13172736, SharedBaseAddress: 0x00000245f6000000, ArchiveRelocationMode: 1.
Compressed class space mapped at: 0x00000245f7000000-0x0000024637000000, reserved size: 1073741824
Narrow klass base: 0x00000245f6000000, Narrow klass shift: 0, Narrow klass range: 0x100000000

GC Precious Log:
 CardTable entry size: 512
 Card Set container configuration: InlinePtr #cards 4 size 8 Array Of Cards #cards 64 size 144 Howl #buckets 8 coarsen threshold 14745 Howl Bitmap #cards 2048 size 272 coarsen threshold 1843 Card regions per heap region 1 cards per card region 16384
 CPUs: 20 total, 20 available
 Memory: 40600M
 Large Page Support: Disabled
 NUMA Support: Disabled
 Compressed Oops: Enabled (Zero based)
 Heap Region Size: 8M
 Heap Min Capacity: 8M
 Heap Initial Capacity: 640M
 Heap Max Capacity: 10152M
 Pre-touch: Disabled
 Parallel Workers: 15
 Concurrent Workers: 4
 Concurrent Refinement Workers: 15
 Periodic GC: Disabled

Heap:
 garbage-first heap   total 114688K, used 66398K [0x0000000585800000, 0x0000000800000000)
  region size 8192K, 5 young (40960K), 1 survivors (8192K)
 Metaspace       used 78775K, committed 79616K, reserved 1179648K
  class space    used 10311K, committed 10688K, reserved 1048576K

Heap Regions: E=young(eden), S=young(survivor), O=old, HS=humongous(starts), HC=humongous(continues), CS=collection set, F=free, TAMS=top-at-mark-start, PB=parsable bottom
|   0|0x0000000585800000, 0x0000000586000000, 0x0000000586000000|100%| O|  |TAMS 0x0000000585800000| PB 0x0000000585800000| Untracked 
|   1|0x0000000586000000, 0x0000000586800000, 0x0000000586800000|100%| O|  |TAMS 0x0000000586000000| PB 0x0000000586000000| Untracked 
|   2|0x0000000586800000, 0x0000000587000000, 0x0000000587000000|100%| O|  |TAMS 0x0000000586800000| PB 0x0000000586800000| Untracked 
|   3|0x0000000587000000, 0x0000000587800000, 0x0000000587800000|100%| O|Cm|TAMS 0x0000000587000000| PB 0x0000000587000000| Complete 
|   4|0x0000000587800000, 0x0000000587a7eca0, 0x0000000588000000| 31%| O|  |TAMS 0x0000000587800000| PB 0x0000000587800000| Untracked 
|   5|0x0000000588000000, 0x0000000588000000, 0x0000000588800000|  0%| F|  |TAMS 0x0000000588000000| PB 0x0000000588000000| Untracked 
|   6|0x0000000588800000, 0x0000000588800000, 0x0000000589000000|  0%| F|  |TAMS 0x0000000588800000| PB 0x0000000588800000| Untracked 
|   7|0x0000000589000000, 0x0000000589658e20, 0x0000000589800000| 79%| S|CS|TAMS 0x0000000589000000| PB 0x0000000589000000| Complete 
|   8|0x0000000589800000, 0x0000000589800000, 0x000000058a000000|  0%| F|  |TAMS 0x0000000589800000| PB 0x0000000589800000| Untracked 
|   9|0x000000058a000000, 0x000000058a000000, 0x000000058a800000|  0%| F|  |TAMS 0x000000058a000000| PB 0x000000058a000000| Untracked 
|  10|0x000000058a800000, 0x000000058abf8260, 0x000000058b000000| 49%| E|  |TAMS 0x000000058a800000| PB 0x000000058a800000| Complete 
|  11|0x000000058b000000, 0x000000058b800000, 0x000000058b800000|100%| E|CS|TAMS 0x000000058b000000| PB 0x000000058b000000| Complete 
|  74|0x00000005aa800000, 0x00000005ab000000, 0x00000005ab000000|100%| E|CS|TAMS 0x00000005aa800000| PB 0x00000005aa800000| Complete 
|  79|0x00000005ad000000, 0x00000005ad800000, 0x00000005ad800000|100%| E|CS|TAMS 0x00000005ad000000| PB 0x00000005ad000000| Complete 

Card table byte_map: [0x00000245e7230000,0x00000245e8610000] _byte_map_base: 0x00000245e4604000

Marking Bits: (CMBitMap*) 0x00000245d80628e0
 Bits: [0x00000245e8610000, 0x00000245f24b0000)

Polling page: 0x00000245d7a20000

Metaspace:

Usage:
  Non-class:     66.86 MB used.
      Class:     10.07 MB used.
       Both:     76.93 MB used.

Virtual space:
  Non-class space:      128.00 MB reserved,      67.31 MB ( 53%) committed,  2 nodes.
      Class space:        1.00 GB reserved,      10.44 MB (  1%) committed,  1 nodes.
             Both:        1.12 GB reserved,      77.75 MB (  7%) committed. 

Chunk freelists:
   Non-Class:  12.33 MB
       Class:  5.56 MB
        Both:  17.89 MB

MaxMetaspaceSize: unlimited
CompressedClassSpaceSize: 1.00 GB
Initial GC threshold: 21.00 MB
Current GC threshold: 122.75 MB
CDS: on
 - commit_granule_bytes: 65536.
 - commit_granule_words: 8192.
 - virtual_space_node_default_size: 8388608.
 - enlarge_chunks_in_place: 1.
 - use_allocation_guard: 0.


Internal statistics:

num_allocs_failed_limit: 12.
num_arena_births: 1210.
num_arena_deaths: 0.
num_vsnodes_births: 3.
num_vsnodes_deaths: 0.
num_space_committed: 1244.
num_space_uncommitted: 0.
num_chunks_returned_to_freelist: 12.
num_chunks_taken_from_freelist: 3901.
num_chunk_merges: 12.
num_chunk_splits: 2811.
num_chunks_enlarged: 2103.
num_inconsistent_stats: 0.

CodeCache: size=49152Kb used=19238Kb max_used=19238Kb free=29913Kb
 bounds [0x00000245e1c00000, 0x00000245e2ed0000, 0x00000245e4c00000]
 total_blobs=8457 nmethods=7666 adapters=705
 compilation: enabled
              stopped_count=0, restarted_count=0
 full_count=0

Compilation events (20 events):
Event: 28.703 Thread 0x00000245f569bad0 nmethod 7759 0x00000245e2ec5690 code [0x00000245e2ec5820, 0x00000245e2ec5928]
Event: 28.703 Thread 0x000002464303a270 7762       1       org.apache.jasper.compiler.SmapUtil$SDEInstaller::writeBytes (45 bytes)
Event: 28.703 Thread 0x000002464303b6e0 nmethod 7761 0x00000245e2ec5a10 code [0x00000245e2ec5ba0, 0x00000245e2ec5d78]
Event: 28.703 Thread 0x000002464303a270 nmethod 7762 0x00000245e2ec5e90 code [0x00000245e2ec6020, 0x00000245e2ec6150]
Event: 28.703 Thread 0x000002464303b6e0 7763       1       java.nio.charset.Charset::lookup (44 bytes)
Event: 28.703 Thread 0x000002463c5267a0 7764       1       java.nio.charset.Charset::forName (20 bytes)
Event: 28.703 Thread 0x000002463cd3b2d0 7765       1       org.apache.jasper.compiler.SmapUtil$SDEInstaller::readU2 (15 bytes)
Event: 28.703 Thread 0x000002464303a270 7766       1       org.apache.jasper.compiler.SmapUtil$SDEInstaller::writeU2 (18 bytes)
Event: 28.703 Thread 0x00000246437885d0 7768   !   1       java.lang.String::lookupCharset (20 bytes)
Event: 28.703 Thread 0x00000245f569bad0 7767       1       java.lang.String::<init> (13 bytes)
Event: 28.703 Thread 0x0000024643038730 7769       1       org.apache.jasper.compiler.SmapUtil$SDEInstaller::copy (46 bytes)
Event: 28.703 Thread 0x000002463c5267a0 nmethod 7764 0x00000245e2ec6290 code [0x00000245e2ec6440, 0x00000245e2ec65d0]
Event: 28.703 Thread 0x000002463cd3b2d0 nmethod 7765 0x00000245e2ec6690 code [0x00000245e2ec6820, 0x00000245e2ec6958]
Event: 28.703 Thread 0x000002464303b6e0 nmethod 7763 0x00000245e2ec6a90 code [0x00000245e2ec6c60, 0x00000245e2ec6ef0]
Event: 28.703 Thread 0x000002464303a270 nmethod 7766 0x00000245e2ec7090 code [0x00000245e2ec7220, 0x00000245e2ec7358]
Event: 28.704 Thread 0x00000246437885d0 nmethod 7768 0x00000245e2ec7490 code [0x00000245e2ec7660, 0x00000245e2ec7978]
Event: 28.704 Thread 0x0000024643038730 nmethod 7769 0x00000245e2ec7b90 code [0x00000245e2ec7d20, 0x00000245e2ec7e80]
Event: 28.704 Thread 0x00000245f569bad0 nmethod 7767 0x00000245e2ec7f90 code [0x00000245e2ec8180, 0x00000245e2ec8520]
Event: 28.715 Thread 0x00000245f569bad0 7770       1       org.apache.catalina.core.DefaultInstanceManager::findLifecycleCallback (112 bytes)
Event: 28.716 Thread 0x00000245f569bad0 nmethod 7770 0x00000245e2ec8790 code [0x00000245e2ec8a20, 0x00000245e2ec93b0]

GC Heap History (20 events):
Event: 1.358 GC heap before
{Heap before GC invocations=2 (full 0):
 garbage-first heap   total 655360K, used 36946K [0x0000000585800000, 0x0000000800000000)
  region size 8192K, 5 young (40960K), 1 survivors (8192K)
 Metaspace       used 15437K, committed 15936K, reserved 1114112K
  class space    used 2006K, committed 2240K, reserved 1048576K
}
Event: 1.360 GC heap after
{Heap after GC invocations=3 (full 0):
 garbage-first heap   total 655360K, used 13951K [0x0000000585800000, 0x0000000800000000)
  region size 8192K, 1 young (8192K), 1 survivors (8192K)
 Metaspace       used 15437K, committed 15936K, reserved 1114112K
  class space    used 2006K, committed 2240K, reserved 1048576K
}
Event: 1.960 GC heap before
{Heap before GC invocations=4 (full 0):
 garbage-first heap   total 114688K, used 63103K [0x0000000585800000, 0x0000000800000000)
  region size 8192K, 8 young (65536K), 1 survivors (8192K)
 Metaspace       used 22010K, committed 22528K, reserved 1114112K
  class space    used 2881K, committed 3136K, reserved 1048576K
}
Event: 1.963 GC heap after
{Heap after GC invocations=5 (full 0):
 garbage-first heap   total 114688K, used 19038K [0x0000000585800000, 0x0000000800000000)
  region size 8192K, 1 young (8192K), 1 survivors (8192K)
 Metaspace       used 22010K, committed 22528K, reserved 1114112K
  class space    used 2881K, committed 3136K, reserved 1048576K
}
Event: 2.471 GC heap before
{Heap before GC invocations=5 (full 0):
 garbage-first heap   total 114688K, used 59998K [0x0000000585800000, 0x0000000800000000)
  region size 8192K, 7 young (57344K), 1 survivors (8192K)
 Metaspace       used 26069K, committed 26560K, reserved 1114112K
  class space    used 3481K, committed 3712K, reserved 1048576K
}
Event: 2.475 GC heap after
{Heap after GC invocations=6 (full 0):
 garbage-first heap   total 114688K, used 21423K [0x0000000585800000, 0x0000000800000000)
  region size 8192K, 1 young (8192K), 1 survivors (8192K)
 Metaspace       used 26069K, committed 26560K, reserved 1114112K
  class space    used 3481K, committed 3712K, reserved 1048576K
}
Event: 2.516 GC heap before
{Heap before GC invocations=6 (full 0):
 garbage-first heap   total 114688K, used 21423K [0x0000000585800000, 0x0000000800000000)
  region size 8192K, 2 young (16384K), 1 survivors (8192K)
 Metaspace       used 26389K, committed 26880K, reserved 1114112K
  class space    used 3539K, committed 3776K, reserved 1048576K
}
Event: 2.517 GC heap after
{Heap after GC invocations=7 (full 0):
 garbage-first heap   total 114688K, used 21572K [0x0000000585800000, 0x0000000800000000)
  region size 8192K, 1 young (8192K), 1 survivors (8192K)
 Metaspace       used 26389K, committed 26880K, reserved 1114112K
  class space    used 3539K, committed 3776K, reserved 1048576K
}
Event: 3.252 GC heap before
{Heap before GC invocations=8 (full 0):
 garbage-first heap   total 114688K, used 78916K [0x0000000585800000, 0x0000000800000000)
  region size 8192K, 8 young (65536K), 1 survivors (8192K)
 Metaspace       used 33025K, committed 33664K, reserved 1114112K
  class space    used 4381K, committed 4672K, reserved 1048576K
}
Event: 3.255 GC heap after
{Heap after GC invocations=9 (full 0):
 garbage-first heap   total 114688K, used 26263K [0x0000000585800000, 0x0000000800000000)
  region size 8192K, 1 young (8192K), 1 survivors (8192K)
 Metaspace       used 33025K, committed 33664K, reserved 1114112K
  class space    used 4381K, committed 4672K, reserved 1048576K
}
Event: 4.142 GC heap before
{Heap before GC invocations=9 (full 0):
 garbage-first heap   total 114688K, used 67223K [0x0000000585800000, 0x0000000800000000)
  region size 8192K, 7 young (57344K), 1 survivors (8192K)
 Metaspace       used 44352K, committed 44928K, reserved 1114112K
  class space    used 5937K, committed 6208K, reserved 1048576K
}
Event: 4.147 GC heap after
{Heap after GC invocations=10 (full 0):
 garbage-first heap   total 114688K, used 28810K [0x0000000585800000, 0x0000000800000000)
  region size 8192K, 1 young (8192K), 1 survivors (8192K)
 Metaspace       used 44352K, committed 44928K, reserved 1114112K
  class space    used 5937K, committed 6208K, reserved 1048576K
}
Event: 5.211 GC heap before
{Heap before GC invocations=11 (full 0):
 garbage-first heap   total 114688K, used 86154K [0x0000000585800000, 0x0000000800000000)
  region size 8192K, 8 young (65536K), 1 survivors (8192K)
 Metaspace       used 57740K, committed 58432K, reserved 1114112K
  class space    used 7863K, committed 8192K, reserved 1048576K
}
Event: 5.214 GC heap after
{Heap after GC invocations=12 (full 0):
 garbage-first heap   total 114688K, used 31943K [0x0000000585800000, 0x0000000800000000)
  region size 8192K, 1 young (8192K), 1 survivors (8192K)
 Metaspace       used 57740K, committed 58432K, reserved 1114112K
  class space    used 7863K, committed 8192K, reserved 1048576K
}
Event: 6.012 GC heap before
{Heap before GC invocations=12 (full 0):
 garbage-first heap   total 114688K, used 89287K [0x0000000585800000, 0x0000000800000000)
  region size 8192K, 8 young (65536K), 1 survivors (8192K)
 Metaspace       used 66361K, committed 67136K, reserved 1114112K
  class space    used 8939K, committed 9280K, reserved 1048576K
}
Event: 6.016 GC heap after
{Heap after GC invocations=13 (full 0):
 garbage-first heap   total 114688K, used 35357K [0x0000000585800000, 0x0000000800000000)
  region size 8192K, 1 young (8192K), 1 survivors (8192K)
 Metaspace       used 66361K, committed 67136K, reserved 1114112K
  class space    used 8939K, committed 9280K, reserved 1048576K
}
Event: 14.513 GC heap before
{Heap before GC invocations=13 (full 0):
 garbage-first heap   total 114688K, used 92701K [0x0000000585800000, 0x0000000800000000)
  region size 8192K, 8 young (65536K), 1 survivors (8192K)
 Metaspace       used 69916K, committed 70720K, reserved 1114112K
  class space    used 9451K, committed 9792K, reserved 1048576K
}
Event: 14.516 GC heap after
{Heap after GC invocations=14 (full 0):
 garbage-first heap   total 114688K, used 39462K [0x0000000585800000, 0x0000000800000000)
  region size 8192K, 1 young (8192K), 1 survivors (8192K)
 Metaspace       used 69916K, committed 70720K, reserved 1114112K
  class space    used 9451K, committed 9792K, reserved 1048576K
}
Event: 28.255 GC heap before
{Heap before GC invocations=14 (full 0):
 garbage-first heap   total 114688K, used 80422K [0x0000000585800000, 0x0000000800000000)
  region size 8192K, 7 young (57344K), 1 survivors (8192K)
 Metaspace       used 74391K, committed 75200K, reserved 1114112K
  class space    used 9856K, committed 10176K, reserved 1048576K
}
Event: 28.259 GC heap after
{Heap after GC invocations=15 (full 0):
 garbage-first heap   total 114688K, used 41822K [0x0000000585800000, 0x0000000800000000)
  region size 8192K, 1 young (8192K), 1 survivors (8192K)
 Metaspace       used 74391K, committed 75200K, reserved 1114112K
  class space    used 9856K, committed 10176K, reserved 1048576K
}

Dll operation events (12 events):
Event: 0.030 Loaded shared library C:\Program Files\Java\jdk-21\bin\java.dll
Event: 0.199 Loaded shared library C:\Program Files\Java\jdk-21\bin\zip.dll
Event: 0.206 Loaded shared library C:\Program Files\Java\jdk-21\bin\instrument.dll
Event: 0.213 Loaded shared library C:\Program Files\Java\jdk-21\bin\net.dll
Event: 0.225 Loaded shared library C:\Program Files\Java\jdk-21\bin\jimage.dll
Event: 0.232 Loaded shared library C:\Program Files\Java\jdk-21\bin\nio.dll
Event: 0.235 Loaded shared library C:\Program Files\Java\jdk-21\bin\zip.dll
Event: 0.345 Loaded shared library C:\Program Files\Java\jdk-21\bin\extnet.dll
Event: 0.346 Loaded shared library C:\Program Files\Java\jdk-21\bin\management.dll
Event: 0.366 Loaded shared library C:\Program Files\Java\jdk-21\bin\management_ext.dll
Event: 1.587 Loaded shared library C:\Program Files\Java\jdk-21\bin\sunmscapi.dll
Event: 3.699 Loaded shared library C:\Program Files\Java\jdk-21\bin\verify.dll

Deoptimization events (0 events):
No events

Classes loaded (20 events):
Event: 28.410 Loading class java/io/FileWriter
Event: 28.410 Loading class java/io/FileWriter done
Event: 28.479 Loading class java/lang/NegativeArraySizeException
Event: 28.479 Loading class java/lang/NegativeArraySizeException done
Event: 28.555 Loading class sun/net/www/protocol/jrt/JavaRuntimeURLConnection
Event: 28.555 Loading class sun/net/www/protocol/jrt/JavaRuntimeURLConnection done
Event: 28.555 Loading class sun/net/www/protocol/jrt/JavaRuntimeURLConnection$1
Event: 28.555 Loading class sun/net/www/protocol/jrt/JavaRuntimeURLConnection$1 done
Event: 28.555 Loading class jdk/internal/jimage/ImageBufferCache
Event: 28.555 Loading class jdk/internal/jimage/ImageBufferCache done
Event: 28.555 Loading class jdk/internal/jimage/ImageBufferCache$1
Event: 28.555 Loading class jdk/internal/jimage/ImageBufferCache$1 done
Event: 28.555 Loading class jdk/internal/jimage/ImageBufferCache$2
Event: 28.555 Loading class jdk/internal/jimage/ImageBufferCache$2 done
Event: 28.555 Loading class java/util/AbstractMap$SimpleEntry
Event: 28.555 Loading class java/util/AbstractMap$SimpleEntry done
Event: 28.562 Loading class java/text/MessageFormat$Field
Event: 28.562 Loading class java/text/MessageFormat$Field done
Event: 28.701 Loading class java/util/Hashtable$ValueCollection
Event: 28.701 Loading class java/util/Hashtable$ValueCollection done

Classes unloaded (0 events):
No events

Classes redefined (0 events):
No events

Internal exceptions (20 events):
Event: 5.305 Thread 0x000002463bbabb00 Exception <a 'java/lang/NoSuchMethodError'{0x00000005ad689d30}: 'java.lang.Object java.lang.invoke.DirectMethodHandle$Holder.invokeSpecial(java.lang.Object, java.lang.Object, java.lang.Object, java.lang.Object, java.lang.Object, java.lang.Object, java.lang.Object, java.lang.Object, java.lang.Object, java.lang.Object, java.lang.Object, java.lang.Object, java.lang.Object)'> (0x00000005ad689d30) 
thrown [s\open\src\hotspot\share\interpreter\linkResolver.cpp, line 773]
Event: 5.305 Thread 0x000002463bbabb00 Exception <a 'java/lang/NoSuchMethodError'{0x00000005ad68e208}: 'java.lang.Object java.lang.invoke.Invokers$Holder.linkToTargetMethod(java.lang.Object, java.lang.Object, java.lang.Object, java.lang.Object, java.lang.Object, java.lang.Object, java.lang.Object, java.lang.Object, java.lang.Object, java.lang.Object, java.lang.Object, java.lang.Object)'> (0x00000005ad68e208) 
thrown [s\open\src\hotspot\share\interpreter\linkResolver.cpp, line 773]
Event: 5.335 Thread 0x000002463bbabb00 Exception <a 'java/lang/IncompatibleClassChangeError'{0x00000005aa86c110}: Found class java.lang.Object, but interface was expected> (0x00000005aa86c110) 
thrown [s\open\src\hotspot\share\interpreter\linkResolver.cpp, line 840]
Event: 5.344 Thread 0x000002463bbabb00 Exception <a 'java/lang/NoSuchMethodError'{0x00000005aa8fd750}: 'java.lang.Object java.lang.invoke.DirectMethodHandle$Holder.newInvokeSpecial(java.lang.Object, java.lang.Object, java.lang.Object, java.lang.Object, java.lang.Object, java.lang.Object, java.lang.Object, int)'> (0x00000005aa8fd750) 
thrown [s\open\src\hotspot\share\interpreter\linkResolver.cpp, line 773]
Event: 5.344 Thread 0x000002463bbabb00 Exception <a 'java/lang/NoSuchMethodError'{0x00000005aa929d80}: 'java.lang.Object java.lang.invoke.DirectMethodHandle$Holder.invokeSpecial(java.lang.Object, java.lang.Object, java.lang.Object, java.lang.Object, java.lang.Object, java.lang.Object, java.lang.Object, java.lang.Object, int)'> (0x00000005aa929d80) 
thrown [s\open\src\hotspot\share\interpreter\linkResolver.cpp, line 773]
Event: 5.344 Thread 0x000002463bbabb00 Exception <a 'java/lang/NoSuchMethodError'{0x00000005aa92dd98}: 'java.lang.Object java.lang.invoke.Invokers$Holder.linkToTargetMethod(java.lang.Object, java.lang.Object, java.lang.Object, java.lang.Object, java.lang.Object, java.lang.Object, int, java.lang.Object)'> (0x00000005aa92dd98) 
thrown [s\open\src\hotspot\share\interpreter\linkResolver.cpp, line 773]
Event: 5.627 Thread 0x000002463bbabb00 Exception <a 'java/lang/NoSuchMethodError'{0x000000058b17e618}: 'void java.lang.invoke.Invokers$Holder.invokeExact_MT(java.lang.Object, java.lang.Object, java.lang.Object, java.lang.Object)'> (0x000000058b17e618) 
thrown [s\open\src\hotspot\share\interpreter\linkResolver.cpp, line 773]
Event: 5.651 Thread 0x000002463bbabb00 Exception <a 'java/lang/NoSuchMethodError'{0x000000058b2ffa48}: 'int java.lang.invoke.DirectMethodHandle$Holder.invokeStaticInit(java.lang.Object, int, java.lang.Object, java.lang.Object, java.lang.Object, java.lang.Object)'> (0x000000058b2ffa48) 
thrown [s\open\src\hotspot\share\interpreter\linkResolver.cpp, line 773]
Event: 5.683 Thread 0x000002463bbabb00 Exception <a 'java/lang/NoSuchMethodError'{0x000000058b5cd720}: 'java.lang.Object java.lang.invoke.DirectMethodHandle$Holder.newInvokeSpecial(java.lang.Object, java.lang.Object, java.lang.Object, java.lang.Object, java.lang.Object, java.lang.Object, java.lang.Object, java.lang.Object, java.lang.Object)'> (0x000000058b5cd720) 
thrown [s\open\src\hotspot\share\interpreter\linkResolver.cpp, line 773]
Event: 5.955 Thread 0x000002463bbabb00 Exception <a 'java/lang/NoSuchMethodError'{0x0000000589cf8278}: 'java.lang.Object java.lang.invoke.DirectMethodHandle$Holder.newInvokeSpecial(java.lang.Object, java.lang.Object, java.lang.Object, java.lang.Object, java.lang.Object, java.lang.Object, java.lang.Object, java.lang.Object)'> (0x0000000589cf8278) 
thrown [s\open\src\hotspot\share\interpreter\linkResolver.cpp, line 773]
Event: 6.187 Thread 0x000002463bbabb00 Exception <a 'java/lang/IncompatibleClassChangeError'{0x000000058b708628}: Found class java.lang.Object, but interface was expected> (0x000000058b708628) 
thrown [s\open\src\hotspot\share\interpreter\linkResolver.cpp, line 840]
Event: 6.220 Thread 0x000002463bbabb00 Exception <a 'java/lang/NoSuchMethodError'{0x000000058a91e558}: 'void java.lang.invoke.DirectMethodHandle$Holder.invokeVirtual(java.lang.Object, java.lang.Object, long)'> (0x000000058a91e558) 
thrown [s\open\src\hotspot\share\interpreter\linkResolver.cpp, line 773]
Event: 6.263 Thread 0x000002463bbabb00 Exception <a 'java/lang/NoSuchMethodError'{0x000000058ac463f8}: 'int java.lang.invoke.DirectMethodHandle$Holder.invokeStaticInit(java.lang.Object, java.lang.Object, java.lang.Object, java.lang.Object)'> (0x000000058ac463f8) 
thrown [s\open\src\hotspot\share\interpreter\linkResolver.cpp, line 773]
Event: 6.334 Thread 0x000002463bbabb00 Exception <a 'java/lang/IncompatibleClassChangeError'{0x000000058a1fbd78}: Found class java.lang.Object, but interface was expected> (0x000000058a1fbd78) 
thrown [s\open\src\hotspot\share\interpreter\linkResolver.cpp, line 840]
Event: 6.358 Thread 0x000002463bbabb00 Exception <a 'java/lang/NoSuchMethodError'{0x000000058a407938}: 'java.lang.Object java.lang.invoke.Invokers$Holder.invoke_MT(java.lang.Object, java.lang.Object, java.lang.Object, java.lang.Object, java.lang.Object, java.lang.Object, java.lang.Object, java.lang.Object, java.lang.Object, java.lang.Object, java.lang.Object)'> (0x000000058a407938) 
thrown [s\open\src\hotspot\share\interpreter\linkResolver.cpp, line 773]
Event: 7.409 Thread 0x000002463bbabb00 Exception <a 'java/lang/NoSuchMethodError'{0x0000000589a66700}: 'java.lang.Object java.lang.invoke.DirectMethodHandle$Holder.newInvokeSpecial(java.lang.Object, java.lang.Object, int, java.lang.Object, java.lang.Object)'> (0x0000000589a66700) 
thrown [s\open\src\hotspot\share\interpreter\linkResolver.cpp, line 773]
Event: 7.936 Thread 0x000002463df754f0 Exception <a 'java/lang/NoSuchMethodError'{0x0000000589f31990}: 'java.lang.Object java.lang.invoke.DirectMethodHandle$Holder.invokeInterface(java.lang.Object, java.lang.Object, java.lang.Object, java.lang.Object, java.lang.Object, java.lang.Object, java.lang.Object)'> (0x0000000589f31990) 
thrown [s\open\src\hotspot\share\interpreter\linkResolver.cpp, line 773]
Event: 27.932 Thread 0x000002463d85fed0 Exception <a 'java/lang/NoSuchMethodError'{0x000000058b5ad738}: 'java.lang.Object java.lang.invoke.DirectMethodHandle$Holder.invokeSpecial(java.lang.Object, java.lang.Object, java.lang.Object, java.lang.Object, java.lang.Object, long)'> (0x000000058b5ad738) 
thrown [s\open\src\hotspot\share\interpreter\linkResolver.cpp, line 773]
Event: 27.932 Thread 0x000002463d85fed0 Exception <a 'java/lang/NoSuchMethodError'{0x000000058b5b0ef8}: 'java.lang.Object java.lang.invoke.Invokers$Holder.linkToTargetMethod(java.lang.Object, java.lang.Object, java.lang.Object, long, java.lang.Object)'> (0x000000058b5b0ef8) 
thrown [s\open\src\hotspot\share\interpreter\linkResolver.cpp, line 773]
Event: 27.965 Thread 0x000002463d85fed0 Exception <a 'java/lang/NoSuchMethodError'{0x000000058b70dbc8}: getSession> (0x000000058b70dbc8) 
thrown [s\open\src\hotspot\share\prims\jni.cpp, line 1077]

ZGC Phase Switch (0 events):
No events

VM Operations (20 events):
Event: 28.162 Executing VM operation: HandshakeAllThreads (Deoptimize)
Event: 28.162 Executing VM operation: HandshakeAllThreads (Deoptimize) done
Event: 28.255 Executing VM operation: CollectForMetadataAllocation (Metadata GC Threshold)
Event: 28.259 Executing VM operation: CollectForMetadataAllocation (Metadata GC Threshold) done
Event: 28.269 Executing VM operation: G1PauseRemark
Event: 28.271 Executing VM operation: G1PauseRemark done
Event: 28.275 Executing VM operation: G1PauseCleanup
Event: 28.275 Executing VM operation: G1PauseCleanup done
Event: 28.569 Executing VM operation: HandshakeAllThreads (Deoptimize)
Event: 28.569 Executing VM operation: HandshakeAllThreads (Deoptimize) done
Event: 28.701 Executing VM operation: HandshakeAllThreads (Deoptimize)
Event: 28.701 Executing VM operation: HandshakeAllThreads (Deoptimize) done
Event: 28.712 Executing VM operation: ChangeBreakpoints
Event: 28.713 Executing VM operation: ChangeBreakpoints done
Event: 28.713 Executing VM operation: ChangeBreakpoints
Event: 28.714 Executing VM operation: ChangeBreakpoints done
Event: 28.715 Executing VM operation: get/set locals
Event: 28.715 Executing VM operation: get/set locals done
Event: 28.715 Executing VM operation: get/set locals
Event: 28.715 Executing VM operation: get/set locals done

Events (20 events):
Event: 28.270 Thread 0x00000245e5e22a50 flushing nmethod 0x00000245e26c0010
Event: 28.270 Thread 0x00000245e5e22a50 flushing nmethod 0x00000245e26c0790
Event: 28.270 Thread 0x00000245e5e22a50 flushing nmethod 0x00000245e265bd90
Event: 28.270 Thread 0x00000245e5e22a50 flushing nmethod 0x00000245e28cfd10
Event: 28.270 Thread 0x00000245e5e22a50 flushing nmethod 0x00000245e2255390
Event: 28.270 Thread 0x00000245e5e22a50 flushing nmethod 0x00000245e2583c10
Event: 28.270 Thread 0x00000245e5e22a50 flushing nmethod 0x00000245e25d4710
Event: 28.270 Thread 0x00000245e5e22a50 flushing nmethod 0x00000245e25d4e90
Event: 28.270 Thread 0x00000245e5e22a50 flushing nmethod 0x00000245e25d5390
Event: 28.270 Thread 0x00000245e5e22a50 flushing nmethod 0x00000245e2686790
Event: 28.270 Thread 0x00000245e5e22a50 flushing nmethod 0x00000245e2687190
Event: 28.270 Thread 0x00000245e5e22a50 flushing nmethod 0x00000245e2687590
Event: 28.270 Thread 0x00000245e5e22a50 flushing nmethod 0x00000245e271ab10
Event: 28.270 Thread 0x00000245e5e22a50 flushing nmethod 0x00000245e288fb10
Event: 28.270 Thread 0x00000245e5e22a50 flushing nmethod 0x00000245e21ba190
Event: 28.661 Thread 0x000002463cd3b2d0 Thread added: 0x000002463cd3b2d0
Event: 28.661 Thread 0x00000246437885d0 Thread added: 0x00000246437885d0
Event: 28.661 Thread 0x000002464303a270 Thread added: 0x000002464303a270
Event: 28.661 Thread 0x0000024643038730 Thread added: 0x0000024643038730
Event: 28.661 Thread 0x000002464303b6e0 Thread added: 0x000002464303b6e0


Dynamic libraries:
0x00007ff613720000 - 0x00007ff613730000 	C:\Program Files\Java\jdk-21\bin\java.exe
0x00000245d7d80000 - 0x00000245d7f78000 	C:\windows\SYSTEM32\ntd1l.dll
0x00000245d7940000 - 0x00000245d7a02000 	C:\windows\System32\kern3l32.dll
0x00007ffdb7cf0000 - 0x00007ffdb7ee8000 	C:\windows\SYSTEM32\ntdll.dll
0x00007ffdb6d00000 - 0x00007ffdb6dc2000 	C:\windows\System32\KERNEL32.DLL
0x00007ffdb5750000 - 0x00007ffdb5a46000 	C:\windows\System32\KERNELBASE.dll
0x00007ffdb4d30000 - 0x00007ffdb510c000 	C:\Program Files\SentinelOne\Sentinel Agent 25.1.4.434\InProcessClient64.dll
0x00007ffdb6bf0000 - 0x00007ffdb6ca1000 	C:\windows\System32\ADVAPI32.dll
0x00007ffdb6fe0000 - 0x00007ffdb707e000 	C:\windows\System32\msvcrt.dll
0x00007ffdb60e0000 - 0x00007ffdb617f000 	C:\windows\System32\sechost.dll
0x00007ffdb5fc0000 - 0x00007ffdb60e0000 	C:\windows\System32\RPCRT4.dll
0x00007ffdb5bb0000 - 0x00007ffdb5bd7000 	C:\windows\System32\bcrypt.dll
0x00007ffdb55c0000 - 0x00007ffdb56c0000 	C:\windows\System32\ucrtbase.dll
0x00007ffdaf250000 - 0x00007ffdaf26b000 	C:\Program Files\Java\jdk-21\bin\VCRUNTIME140.dll
0x00007ffdaf270000 - 0x00007ffdaf289000 	C:\Program Files\Java\jdk-21\bin\jli.dll
0x00007ffdb67f0000 - 0x00007ffdb6991000 	C:\windows\System32\USER32.dll
0x00007ffdb54a0000 - 0x00007ffdb54c2000 	C:\windows\System32\win32u.dll
0x00007ffd88860000 - 0x00007ffd88afb000 	C:\windows\WinSxS\amd64_microsoft.windows.common-controls_6595b64144ccf1df_6.0.19041.6456_none_60b8a6cb71f64256\COMCTL32.dll
0x00007ffdb6710000 - 0x00007ffdb673b000 	C:\windows\System32\GDI32.dll
0x00007ffdb5380000 - 0x00007ffdb5499000 	C:\windows\System32\gdi32full.dll
0x00007ffdb5520000 - 0x00007ffdb55bd000 	C:\windows\System32\msvcp_win.dll
0x00007ffdb4d20000 - 0x00007ffdb4d2a000 	C:\windows\SYSTEM32\VERSION.dll
0x00007ffdb4d10000 - 0x00007ffdb4d1b000 	C:\windows\SYSTEM32\FLTLIB.DLL
0x00007ffdb6cb0000 - 0x00007ffdb6cdf000 	C:\windows\System32\IMM32.DLL
0x00007ffdaf240000 - 0x00007ffdaf24c000 	C:\Program Files\Java\jdk-21\bin\vcruntime140_1.dll
0x00007ffdacdd0000 - 0x00007ffdace5e000 	C:\Program Files\Java\jdk-21\bin\msvcp140.dll
0x00007ffca8870000 - 0x00007ffca9583000 	C:\Program Files\Java\jdk-21\bin\server\jvm.dll
0x00007ffdb7170000 - 0x00007ffdb71db000 	C:\windows\System32\WS2_32.dll
0x00007ffdb44c0000 - 0x00007ffdb450b000 	C:\windows\SYSTEM32\POWRPROF.dll
0x00007ffda7560000 - 0x00007ffda7587000 	C:\windows\SYSTEM32\WINMM.dll
0x00007ffdb4380000 - 0x00007ffdb4392000 	C:\windows\SYSTEM32\UMPDC.dll
0x00007ffdb2ae0000 - 0x00007ffdb2af2000 	C:\windows\SYSTEM32\kernel.appcore.dll
0x00007ffdaf230000 - 0x00007ffdaf23a000 	C:\Program Files\Java\jdk-21\bin\jimage.dll
0x00007ffdb2330000 - 0x00007ffdb2531000 	C:\windows\SYSTEM32\DBGHELP.DLL
0x00007ffda60b0000 - 0x00007ffda60e4000 	C:\windows\SYSTEM32\dbgcore.DLL
0x00007ffdb56c0000 - 0x00007ffdb5742000 	C:\windows\System32\bcryptPrimitives.dll
0x00007ffdaf200000 - 0x00007ffdaf20f000 	C:\Program Files\Java\jdk-21\bin\instrument.dll
0x00007ffdaf210000 - 0x00007ffdaf22f000 	C:\Program Files\Java\jdk-21\bin\java.dll
0x00007ffd5b230000 - 0x00007ffd5b2d0000 	C:\Program Files\SentinelOne\Sentinel Agent 25.1.4.434\SentinelJava64.dll
0x00007ffdb6eb0000 - 0x00007ffdb6fdb000 	C:\windows\System32\ole32.dll
0x00007ffdb71e0000 - 0x00007ffdb7534000 	C:\windows\System32\combase.dll
0x00007ffdb7540000 - 0x00007ffdb7cb0000 	C:\windows\System32\SHELL32.dll
0x00007ffdb2d00000 - 0x00007ffdb34a5000 	C:\windows\SYSTEM32\windows.storage.dll
0x00007ffdb49b0000 - 0x00007ffdb49db000 	C:\windows\SYSTEM32\Wldp.dll
0x00007ffdb5ef0000 - 0x00007ffdb5fbd000 	C:\windows\System32\OLEAUT32.dll
0x00007ffdb6660000 - 0x00007ffdb670d000 	C:\windows\System32\SHCORE.dll
0x00007ffdb5d10000 - 0x00007ffdb5d6b000 	C:\windows\System32\shlwapi.dll
0x00007ffdb52b0000 - 0x00007ffdb52d4000 	C:\windows\SYSTEM32\profapi.dll
0x00007ffdacd90000 - 0x00007ffdacda8000 	C:\Program Files\Java\jdk-21\bin\zip.dll
0x00007ffdaf1f0000 - 0x00007ffdaf200000 	C:\Program Files\Java\jdk-21\bin\net.dll
0x00007ffdb3f40000 - 0x00007ffdb404a000 	C:\windows\SYSTEM32\WINHTTP.dll
0x00007ffda35b0000 - 0x00007ffda3634000 	C:\Program Files (x86)\WareValley\Chakra Max Client V2\x86_64\NFDBCTL64.dll
0x00007ffdaeb30000 - 0x00007ffdaeb44000 	C:\windows\SYSTEM32\WTSAPI32.dll
0x00007ffdb5230000 - 0x00007ffdb525e000 	C:\windows\SYSTEM32\USERENV.dll
0x00007ffdb5260000 - 0x00007ffdb5292000 	C:\windows\SYSTEM32\SspiCli.dll
0x00007ffdb4710000 - 0x00007ffdb477a000 	C:\windows\system32\mswsock.dll
0x00007ffda3590000 - 0x00007ffda35a7000 	C:\windows\system32\napinsp.dll
0x00007ffda3570000 - 0x00007ffda358b000 	C:\windows\system32\pnrpnsp.dll
0x00007ffda3550000 - 0x00007ffda356d000 	C:\windows\system32\wshbth.dll
0x00007ffdaec10000 - 0x00007ffdaec2d000 	C:\windows\system32\NLAapi.dll
0x00007ffdb43a0000 - 0x00007ffdb43db000 	C:\windows\SYSTEM32\IPHLPAPI.DLL
0x00007ffdb43f0000 - 0x00007ffdb44ba000 	C:\windows\SYSTEM32\DNSAPI.dll
0x00007ffdb7080000 - 0x00007ffdb7088000 	C:\windows\System32\NSI.dll
0x00007ffda3530000 - 0x00007ffda3542000 	C:\windows\System32\winrnr.dll
0x00007ffdacdb0000 - 0x00007ffdacdc6000 	C:\Program Files\Java\jdk-21\bin\nio.dll
0x00007ffdac010000 - 0x00007ffdac01a000 	C:\Windows\System32\rasadhlp.dll
0x00007ffdadc50000 - 0x00007ffdadcd0000 	C:\windows\System32\fwpuclnt.dll
0x00007ffdaf1a0000 - 0x00007ffdaf1a9000 	C:\Program Files\Java\jdk-21\bin\extnet.dll
0x00007ffdacd60000 - 0x00007ffdacd6a000 	C:\Program Files\Java\jdk-21\bin\management.dll
0x00007ffdacd40000 - 0x00007ffdacd4b000 	C:\Program Files\Java\jdk-21\bin\management_ext.dll
0x00007ffdb69a0000 - 0x00007ffdb69a8000 	C:\windows\System32\PSAPI.DLL
0x00007ffdb4900000 - 0x00007ffdb4918000 	C:\windows\SYSTEM32\CRYPTSP.dll
0x00007ffdb3eb0000 - 0x00007ffdb3ee8000 	C:\windows\system32\rsaenh.dll
0x00007ffdb4920000 - 0x00007ffdb492c000 	C:\windows\SYSTEM32\CRYPTBASE.dll
0x00007ffd70bc0000 - 0x00007ffd70c11000 	C:\windows\SYSTEM32\pdh.dll
0x00007ffd73ce0000 - 0x00007ffd73cef000 	C:\windows\System32\perfproc.dll
0x00007ffd73250000 - 0x00007ffd7325f000 	C:\windows\System32\perfos.dll
0x00007ffdacd50000 - 0x00007ffdacd5e000 	C:\Program Files\Java\jdk-21\bin\sunmscapi.dll
0x00007ffdb5a50000 - 0x00007ffdb5bad000 	C:\windows\System32\CRYPT32.dll
0x00007ffdb4a20000 - 0x00007ffdb4a47000 	C:\windows\SYSTEM32\ncrypt.dll
0x00007ffdb49e0000 - 0x00007ffdb4a1b000 	C:\windows\SYSTEM32\NTASN1.dll
0x00007ffda5b00000 - 0x00007ffda5b10000 	C:\Program Files\Java\jdk-21\bin\verify.dll
0x00007ffd731c0000 - 0x00007ffd731c7000 	C:\windows\system32\wshunix.dll

dbghelp: loaded successfully - version: 4.0.5 - missing functions: none
symbol engine: initialized successfully - sym options: 0x614 - pdb path: .;C:\Program Files\Java\jdk-21\bin;C:\windows\SYSTEM32;C:\Program Files\SentinelOne\Sentinel Agent 25.1.4.434;C:\windows\WinSxS\amd64_microsoft.windows.common-controls_6595b64144ccf1df_6.0.19041.6456_none_60b8a6cb71f64256;C:\Program Files\Java\jdk-21\bin\server;C:\Program Files (x86)\WareValley\Chakra Max Client V2\x86_64

VM Arguments:
jvm_args: -XX:TieredStopAtLevel=1 -Dspring.output.ansi.enabled=always -Dcom.sun.management.jmxremote -Dspring.jmx.enabled=true -Dspring.liveBeansView.mbeanDomain -Dspring.application.admin.enabled=true -Dmanagement.endpoints.jmx.exposure.include=* -javaagent:C:\Program Files\JetBrains\IntelliJ IDEA 2024.3.7\lib\idea_rt.jar=12483 -Dfile.encoding=UTF-8 -Dsun.stdout.encoding=UTF-8 -Dsun.stderr.encoding=UTF-8 -agentpath:C:\Program Files\SentinelOne\Sentinel Agent 25.1.4.434\SentinelJava64.dll=extendedCapabilities 
java_command: com.kyhslam.BootJspApplication
java_class_path (initial): C:\Dev-Work\vaultWeb\hh_bootjsp\target\classes;C:\Users\user\.m2\repository\org\springframework\boot\spring-boot-starter-jdbc\3.4.1\spring-boot-starter-jdbc-3.4.1.jar;C:\Users\user\.m2\repository\org\springframework\boot\spring-boot-starter\3.4.1\spring-boot-starter-3.4.1.jar;C:\Users\user\.m2\repository\org\springframework\boot\spring-boot-starter-logging\3.4.1\spring-boot-starter-logging-3.4.1.jar;C:\Users\user\.m2\repository\ch\qos\logback\logback-classic\1.5.12\logback-classic-1.5.12.jar;C:\Users\user\.m2\repository\ch\qos\logback\logback-core\1.5.12\logback-core-1.5.12.jar;C:\Users\user\.m2\repository\org\apache\logging\log4j\log4j-to-slf4j\2.24.3\log4j-to-slf4j-2.24.3.jar;C:\Users\user\.m2\repository\org\apache\logging\log4j\log4j-api\2.24.3\log4j-api-2.24.3.jar;C:\Users\user\.m2\repository\org\slf4j\jul-to-slf4j\2.0.16\jul-to-slf4j-2.0.16.jar;C:\Users\user\.m2\repository\jakarta\annotation\jakarta.annotation-api\2.1.1\jakarta.annotation-api-2.1.1.jar;C:\Users\user\.m2\repository\org\yaml\snakeyaml\2.3\snakeyaml-2.3.jar;C:\Users\user\.m2\repository\com\zaxxer\HikariCP\5.1.0\HikariCP-5.1.0.jar;C:\Users\user\.m2\repository\org\springframework\spring-jdbc\6.2.1\spring-jdbc-6.2.1.jar;C:\Users\user\.m2\repository\org\springframework\spring-beans\6.2.1\spring-beans-6.2.1.jar;C:\Users\user\.m2\repository\org\springframework\spring-tx\6.2.1\spring-tx-6.2.1.jar;C:\Users\user\.m2\repository\org\mybatis\spring\boot\mybatis-spring-boot-starter\3.0.3\mybatis-spring-boot-starter-3.0.3.jar;C:\Users\user\.m2\repository\org\mybatis\spring\boot\mybatis-spring-boot-autoconfigure\3.0.3\mybatis-spring-boot-autoconfigure-3.0.3.jar;C:\Users\user\.m2\repository\org\mybatis\mybatis\3.5.14\mybatis-3.5.14.jar;C:\Users\user\.m2\repository\org\mybatis\mybatis-spring\3.0.3\mybatis-spring-3.0.3.jar;C:\Users\user\.m2\repository\org\springframework\boot\spring-boot-starter-data-jpa\3.4.1\spring-boot-starter-data-jpa-3.4.1.jar;C:\Users\user\.m2\repository\org\hibernate\orm\hibernate-core\6.6.4.Final\hibernate-core-6.6.4.Final.jar;C:\Users\user\.m2\repository\jakarta\persistence\jakarta.persistence-api\3.1.0\jakarta.persistence-api-3.1.0.jar;C:\Users\user\.m2\repository\jakarta\transaction\jakarta.transaction-api\2.0.1\jakarta.transaction-api-2.0.1.jar;C:\Users\user\.m2\repository\org\jboss\logging\jboss-logging\3.6.1.Final\jboss-logging-3.6.1.Final.jar;C:\Users\user\.m2\repository\org\hibernate\common\hibernate-commons-annotations\7.0.3.Final\hibernate-commons-annotations-7.0.3.Final.jar;C:\Users\user\.m2\repository\io\smallrye\jandex\3.2.0\jandex-3.2.0.jar;C:\Users\user\.m2\repository\com\fasterxml\classmate\1.7.0\classmate-1.7.0.jar;C:\Users\user\.m2\repository\net\bytebuddy\byte-buddy\1.15.11\byte-buddy-1.15.11.jar;C:\Users\user\.m2\repository\org\glassfish\jaxb\jaxb-runtime\4.0.5\jaxb-runtime-4.0.5.jar;C:\Users\user\.m2\repository\org\glassfish\jaxb\jaxb-core\4.0.5\jaxb-core-4.0.5.jar;C:\Users\user\.m2\repository\org\eclipse\angus\angus-activation\2.0.2\angus-activation-2.0.2.jar;C:\Users\user\.m2\repository\org\glassfish\jaxb\txw2\4.0.5\txw2-4.0.5.jar;C:\Users\user\.m2\repository\com\sun\istack\istack-commons-runtime\4.1.2\istack-commons-runtime-4.1.2.jar;C:\Users\user\.m2\repository\jakarta\inject\jakarta.inject-api\2.0.1\jakarta.inject-api-2.0.1.jar;C:\Users\user\.m2\repository\org\antlr\antlr4-runtime\4.13.0\antlr4-runtime-4.13.0.jar;C:\Users\user\.m2\repository\org\springframework\data\spring-data-jpa\3.4.1\spring-data-jpa-3.4.1.jar;C:\Users\user\.m2\repository\org\springframework\data\spring-data-commons\3.4.1\spring-data-commons-3.4.1.jar;C:\Users\user\.m2\repository\org\springframework\spring-orm\6.2.1\spring-orm-6.2.1.jar;C:\Users\user\.m2\repository\org\springframework\spring-context\6.2.1\spring-context-6.2.1.jar;C:\Users\user\.m2\repository\org\springframework\spring-aop\6.2.1\spring-aop-6.2.1.jar;C:\Users\user\.m2\repository\org\springframework\spring-aspects\6.2.1\spring-aspects-6.2.1.jar;C:\Users\user\.m2\repository\org\aspectj\aspectjweaver\1.9.22.1\aspectjweaver-1.9.22.1.jar;C:\Users\user\.m2\repository\org\springframework\boot\spring-boot-starter-web\3.4.1\spring-boot-starter-web-3.4.1.jar;C:\Users\user\.m2\repository\org\springframework\boot\spring-boot-starter-json\3.4.1\spring-boot-starter-json-3.4.1.jar;C:\Users\user\.m2\repository\com\fasterxml\jackson\core\jackson-databind\2.18.2\jackson-databind-2.18.2.jar;C:\Users\user\.m2\repository\com\fasterxml\jackson\core\jackson-annotations\2.18.2\jackson-annotations-2.18.2.jar;C:\Users\user\.m2\repository\com\fasterxml\jackson\core\jackson-core\2.18.2\jackson-core-2.18.2.jar;C:\Users\user\.m2\repository\com\fasterxml\jackson\datatype\jackson-datatype-jdk8\2.18.2\jackson-datatype-jdk8-2.18.2.jar;C:\Users\user\.m2\repository\com\fasterxml\jackson\datatype\jackson-datatype-jsr310\2.18.2\jackson-datatype-jsr310-2.18.2.jar;C:\Users\user\.m2\repository\com\fasterxml\jackson\module\jackson-module-parameter-names\2.18.2\jackson-module-parameter-names-2.18.2.jar;C:\Users\user\.m2\repository\org\springframework\boot\spring-boot-starter-tomcat\3.4.1\spring-boot-starter-tomcat-3.4.1.jar;C:\Users\user\.m2\repository\org\apache\tomcat\embed\tomcat-embed-websocket\10.1.34\tomcat-embed-websocket-10.1.34.jar;C:\Users\user\.m2\repository\org\springframework\spring-web\6.2.1\spring-web-6.2.1.jar;C:\Users\user\.m2\repository\io\micrometer\micrometer-observation\1.14.2\micrometer-observation-1.14.2.jar;C:\Users\user\.m2\repository\io\micrometer\micrometer-commons\1.14.2\micrometer-commons-1.14.2.jar;C:\Users\user\.m2\repository\org\springframework\spring-webmvc\6.2.1\spring-webmvc-6.2.1.jar;C:\Users\user\.m2\repository\org\springframework\spring-expression\6.2.1\spring-expression-6.2.1.jar;C:\Users\user\.m2\repository\com\microsoft\sqlserver\mssql-jdbc\12.8.1.jre11\mssql-jdbc-12.8.1.jre11.jar;C:\Users\user\.m2\repository\com\oracle\database\jdbc\ojdbc11\23.5.0.24.07\ojdbc11-23.5.0.24.07.jar;C:\Users\user\.m2\repository\org\projectlombok\lombok\1.18.30\lombok-1.18.30.jar;C:\Users\user\.m2\repository\jakarta\xml\bind\jakarta.xml.bind-api\4.0.2\jakarta.xml.bind-api-4.0.2.jar;C:\Users\user\.m2\repository\jakarta\activation\jakarta.activation-api\2.1.3\jakarta.activation-api-2.1.3.jar;C:\Users\user\.m2\repository\org\springframework\spring-core\6.2.1\spring-core-6.2.1.jar;C:\Users\user\.m2\repository\org\springframework\spring-jcl\6.2.1\spring-jcl-6.2.1.jar;C:\Users\user\.m2\repository\com\sun\mail\jakarta.mail\2.0.1\jakarta.mail-2.0.1.jar;C:\Users\user\.m2\repository\com\sun\activation\jakarta.activation\2.0.1\jakarta.activation-2.0.1.jar;C:\Users\user\.m2\repository\org\apache\tomcat\embed\tomcat-embed-jasper\10.1.34\tomcat-embed-jasper-10.1.34.jar;C:\Users\user\.m2\repository\org\apache\tomcat\embed\tomcat-embed-core\10.1.34\tomcat-embed-core-10.1.34.jar;C:\Users\user\.m2\repository\org\apache\tomcat\tomcat-annotations-api\10.1.34\tomcat-annotations-api-10.1.34.jar;C:\Users\user\.m2\repository\org\apache\tomcat\embed\tomcat-embed-el\10.1.34\tomcat-embed-el-10.1.34.jar;C:\Users\user\.m2\repository\org\eclipse\jdt\ecj\3.33.0\ecj-3.33.0.jar;C:\Users\user\.m2\repository\org\apache\poi\poi\4.1.2\poi-4.1.2.jar;C:\Users\user\.m2\repository\commons-codec\commons-codec\1.17.1\commons-codec-1.17.1.jar;C:\Users\user\.m2\repository\org\apache\commons\commons-collections4\4.4\commons-collections4-4.4.jar;C:\Users\user\.m2\repository\org\apache\commons\commons-math3\3.6.1\commons-math3-3.6.1.jar;C:\Users\user\.m2\repository\com\zaxxer\SparseBitSet\1.2\SparseBitSet-1.2.jar;C:\Users\user\.m2\repository\org\apache\poi\poi-ooxml\4.1.2\poi-ooxml-4.1.2.jar;C:\Users\user\.m2\repository\org\apache\poi\poi-ooxml-schemas\4.1.2\poi-ooxml-schemas-4.1.2.jar;C:\Users\user\.m2\repository\org\apache\xmlbeans\xmlbeans\3.1.0\xmlbeans-3.1.0.jar;C:\Users\user\.m2\repository\org\apache\commons\commons-compress\1.19\commons-compress-1.19.jar;C:\Users\user\.m2\repository\com\github\virtuald\curvesapi\1.06\curvesapi-1.06.jar;C:\Users\user\.m2\repository\org\apache\tika\tika-core\2.3.0\tika-core-2.3.0.jar;C:\Users\user\.m2\repository\org\slf4j\slf4j-api\2.0.16\slf4j-api-2.0.16.jar;C:\Users\user\.m2\repository\commons-io\commons-io\2.11.0\commons-io-2.11.0.jar;C:\Users\user\.m2\repository\org\json\json\20210307\json-20210307.jar;C:\Users\user\.m2\repository\org\springframework\boot\spring-boot-starter-thymeleaf\3.4.1\spring-boot-starter-thymeleaf-3.4.1.jar;C:\Users\user\.m2\repository\org\thymeleaf\thymeleaf-spring6\3.1.3.RELEASE\thymeleaf-spring6-3.1.3.RELEASE.jar;C:\Users\user\.m2\repository\org\thymeleaf\thymeleaf\3.1.3.RELEASE\thymeleaf-3.1.3.RELEASE.jar;C:\Users\user\.m2\repository\org\attoparser\attoparser\2.0.7.RELEASE\attoparser-2.0.7.RELEASE.jar;C:\Users\user\.m2\repository\org\unbescape\unbescape\1.1.6.RELEASE\unbescape-1.1.6.RELEASE.jar;C:\Users\user\.m2\repository\org\springframework\boot\spring-boot-devtools\3.4.1\spring-boot-devtools-3.4.1.jar;C:\Users\user\.m2\repository\org\springframework\boot\spring-boot\3.4.1\spring-boot-3.4.1.jar;C:\Users\user\.m2\repository\org\springframework\boot\spring-boot-autoconfigure\3.4.1\spring-boot-autoconfigure-3.4.1.jar
Launcher Type: SUN_STANDARD

[Global flags]
     intx CICompilerCount                          = 12                                        {product} {ergonomic}
     uint ConcGCThreads                            = 4                                         {product} {ergonomic}
     uint G1ConcRefinementThreads                  = 15                                        {product} {ergonomic}
   size_t G1HeapRegionSize                         = 8388608                                   {product} {ergonomic}
    uintx GCDrainStackTargetSize                   = 64                                        {product} {ergonomic}
   size_t InitialHeapSize                          = 671088640                                 {product} {ergonomic}
     bool ManagementServer                         = true                                      {product} {command line}
   size_t MarkStackSize                            = 4194304                                   {product} {ergonomic}
   size_t MaxHeapSize                              = 10645143552                               {product} {ergonomic}
   size_t MaxNewSize                               = 6383730688                                {product} {ergonomic}
   size_t MinHeapDeltaBytes                        = 8388608                                   {product} {ergonomic}
   size_t MinHeapSize                              = 8388608                                   {product} {ergonomic}
    uintx NonNMethodCodeHeapSize                   = 4096                                   {pd product} {ergonomic}
    uintx NonProfiledCodeHeapSize                  = 0                                      {pd product} {ergonomic}
     bool ProfileInterpreter                       = false                                  {pd product} {command line}
    uintx ProfiledCodeHeapSize                     = 0                                      {pd product} {ergonomic}
   size_t SoftMaxHeapSize                          = 10645143552                            {manageable} {ergonomic}
     intx TieredStopAtLevel                        = 1                                         {product} {command line}
     bool UseCompressedOops                        = true                           {product lp64_product} {ergonomic}
     bool UseG1GC                                  = true                                      {product} {ergonomic}
     bool UseLargePagesIndividualAllocation        = false                                  {pd product} {ergonomic}

Logging:
Log output configuration:
 #0: stdout all=warning uptime,level,tags foldmultilines=false
 #1: stderr all=off uptime,level,tags foldmultilines=false

Environment Variables:
JAVA_HOME=C:\Program Files\Java\jdk1.8.0_202
PATH=C:\Program Files\Java\jdk1.8.0_202\bin;C:\Program Files\Common Files\Oracle\Java\javapath;C:\PLM_Workspace\apache-maven-3.8.1\bin\;C:\windows\Softcamp\SDK;C:\windows\Softcamp\SDS\x64;C:\windows\Softcamp\SDS;.;C:\Program Files (x86)\WareValley\Chakra Max Client V2\;C:\Program Files (x86)\Common Files\Oracle\Java\javapath;C:\windows\system32;C:\windows;C:\windows\System32\Wbem;C:\windows\System32\WindowsPowerShell\v1.0\;C:\windows\System32\OpenSSH\;C:\Program Files (x86)\NVIDIA Corporation\PhysX\Common;C:\Program Files\Bandizip\;c:\windows\softcamp\vsd;c:\windows\softcamp\vsd\x64;c:\windows\softcamp\vsd\swork3;C:\Program Files\Git\cmd;C:\Program Files\dotnet\;C:\Program Files (x86)\Windows Kits\10\Windows Performance Toolkit\;C:\Program Files\Microsoft SQL Server\170\Tools\Binn\;C:\Program Files\Microsoft SQL Server\Client SDK\ODBC\170\Tools\Binn\;C:\Program Files\nodejs\;C:\Program Files\cursor\resources\app\bin;C:\Users\user\.local\bin;C:\Users\user\AppData\Local\Programs\Python\Launcher\;C:\Users\user\AppData\Local\Microsoft\WindowsApps;C:\Users\user\AppData\Roaming\npm;C:\Users\user\AppData\Local\Programs\Microsoft VS Code\bin;C:\Users\user\.dotnet\tools
USERNAME=helco2035570
OS=Windows_NT
PROCESSOR_IDENTIFIER=Intel64 Family 6 Model 186 Stepping 2, GenuineIntel
TMP=C:\Users\user\AppData\Local\Temp
TEMP=C:\Users\user\AppData\Local\Temp




Periodic native trim disabled

---------------  S Y S T E M  ---------------

OS:
 Windows 10 , 64 bit Build 19041 (10.0.19041.5915)
OS uptime: 0 days 0:40 hours

CPU: total 20 (initial active 20) (10 cores per cpu, 2 threads per core) family 6 model 186 stepping 2 microcode 0x4119, cx8, cmov, fxsr, ht, mmx, 3dnowpref, sse, sse2, sse3, ssse3, sse4.1, sse4.2, popcnt, lzcnt, tsc, tscinvbit, avx, avx2, aes, erms, clmul, bmi1, bmi2, adx, sha, fma, vzeroupper, clflush, clflushopt, clwb, serialize, rdtscp, rdpid, fsrm, f16c, pku, cet_ibt, cet_ss
Processor Information for processor 0
  Max Mhz: 2400, Current Mhz: 2400, Mhz Limit: 1800
Processor Information for processor 1
  Max Mhz: 2400, Current Mhz: 2400, Mhz Limit: 2400
Processor Information for processor 2
  Max Mhz: 2400, Current Mhz: 2400, Mhz Limit: 2400
Processor Information for processor 3
  Max Mhz: 2400, Current Mhz: 2400, Mhz Limit: 2400
Processor Information for processor 4
  Max Mhz: 2400, Current Mhz: 2400, Mhz Limit: 2400
Processor Information for processor 5
  Max Mhz: 2400, Current Mhz: 2400, Mhz Limit: 2400
Processor Information for processor 6
  Max Mhz: 2400, Current Mhz: 2400, Mhz Limit: 2400
Processor Information for processor 7
  Max Mhz: 2400, Current Mhz: 2400, Mhz Limit: 2400
Processor Information for processor 8
  Max Mhz: 2400, Current Mhz: 2400, Mhz Limit: 2400
Processor Information for processor 9
  Max Mhz: 2400, Current Mhz: 2400, Mhz Limit: 2400
Processor Information for processor 10
  Max Mhz: 2400, Current Mhz: 2400, Mhz Limit: 2400
Processor Information for processor 11
  Max Mhz: 2400, Current Mhz: 2400, Mhz Limit: 2400
Processor Information for processor 12
  Max Mhz: 2400, Current Mhz: 1800, Mhz Limit: 1800
Processor Information for processor 13
  Max Mhz: 2400, Current Mhz: 1800, Mhz Limit: 1800
Processor Information for processor 14
  Max Mhz: 2400, Current Mhz: 1800, Mhz Limit: 1800
Processor Information for processor 15
  Max Mhz: 2400, Current Mhz: 1800, Mhz Limit: 1800
Processor Information for processor 16
  Max Mhz: 2400, Current Mhz: 1800, Mhz Limit: 1800
Processor Information for processor 17
  Max Mhz: 2400, Current Mhz: 1800, Mhz Limit: 1800
Processor Information for processor 18
  Max Mhz: 2400, Current Mhz: 1800, Mhz Limit: 1800
Processor Information for processor 19
  Max Mhz: 2400, Current Mhz: 1800, Mhz Limit: 1800

Memory: 4k page, system-wide physical 40600M (19591M free)
TotalPageFile size 46488M (AvailPageFile size 19200M)
current process WorkingSet (physical memory assigned to process): 314M, peak: 314M
current process commit charge ("private bytes"): 372M, peak: 793M

vm_info: Java HotSpot(TM) 64-Bit Server VM (21.0.4+8-LTS-274) for windows-amd64 JRE (21.0.4+8-LTS-274), built on 2024-06-05T05:23:33Z by "mach5one" with MS VC++ 17.6 (VS2022)

END.
