#
# A fatal error has been detected by the Java Runtime Environment:
#
#  EXCEPTION_ACCESS_VIOLATION (0xc0000005) at pc=0x00007ffcd24722d1, pid=22600, tid=26964
#
# JRE version: Java(TM) SE Runtime Environment (21.0.4+8) (build 21.0.4+8-LTS-274)
# Java VM: Java HotSpot(TM) 64-Bit Server VM (21.0.4+8-LTS-274, mixed mode, emulated-client, sharing, tiered, compressed oops, compressed class ptrs, g1 gc, windows-amd64)
# Problematic frame:
# V  [jvm.dll+0x5d22d1]
#
# No core dump will be written. Minidumps are not enabled by default on client versions of Windows
#
# If you would like to submit a bug report, please visit:
#   https://bugreport.java.com/bugreport/crash.jsp
#

---------------  S U M M A R Y ------------

Command Line: -XX:TieredStopAtLevel=1 -Dspring.output.ansi.enabled=always -Dcom.sun.management.jmxremote -Dspring.jmx.enabled=true -Dspring.liveBeansView.mbeanDomain -Dspring.application.admin.enabled=true -Dmanagement.endpoints.jmx.exposure.include=* -javaagent:C:\Program Files\JetBrains\IntelliJ IDEA 2024.3.7\lib\idea_rt.jar=5052 -Dfile.encoding=UTF-8 -Dsun.stdout.encoding=UTF-8 -Dsun.stderr.encoding=UTF-8 -agentpath:C:\Program Files\SentinelOne\Sentinel Agent 25.1.4.434\SentinelJava64.dll=extendedCapabilities com.kyhslam.BootJspApplication

Host: 13th Gen Intel(R) Core(TM) i7-13700H, 20 cores, 39G,  Windows 10 , 64 bit Build 19041 (10.0.19041.5915)
Time: Sat May 30 20:34:17 2026  Windows 10 , 64 bit Build 19041 (10.0.19041.5915) elapsed time: 41.208315 seconds (0d 0h 0m 41s)

---------------  T H R E A D  ---------------

Current thread (0x000001a5484e50c0):  JavaThread "http-nio-8070-exec-1" daemon [_thread_in_vm, id=26964, stack(0x00000026ffa00000,0x00000026ffb00000) (1024K)]

Stack: [0x00000026ffa00000,0x00000026ffb00000],  sp=0x00000026ffafb720,  free space=1005k
Native frames: (J=compiled Java code, j=interpreted, Vv=VM code, C=native code)
V  [jvm.dll+0x5d22d1]
V  [jvm.dll+0x3d5705]
V  [jvm.dll+0x3d4d7d]
C  0x000001a4897d9520

The last pc belongs to invokevirtual (printed below).
Java frames: (J=compiled Java code, j=interpreted, Vv=VM code)
j  jakarta.servlet.http.HttpServletRequestWrapper.getIntHeader(Ljava/lang/String;)I+1
v  ~StubRoutines::call_stub 0x000001a4897c100d
j  org.apache.jasper.runtime.HttpJspBase.service(Ljakarta/servlet/http/HttpServletRequest;Ljakarta/servlet/http/HttpServletResponse;)V+0
j  jakarta.servlet.http.HttpServlet.service(Ljakarta/servlet/ServletRequest;Ljakarta/servlet/ServletResponse;)V+37
j  org.apache.jasper.servlet.JspServletWrapper.service(Ljakarta/servlet/http/HttpServletRequest;Ljakarta/servlet/http/HttpServletResponse;Z)V+372
j  org.apache.jasper.servlet.JspServlet.serviceJspFile(Ljakarta/servlet/http/HttpServletRequest;Ljakarta/servlet/http/HttpServletResponse;Ljava/lang/String;Z)V+112
j  org.apache.jasper.servlet.JspServlet.service(Ljakarta/servlet/http/HttpServletRequest;Ljakarta/servlet/http/HttpServletResponse;)V+230
j  jakarta.servlet.http.HttpServlet.service(Ljakarta/servlet/ServletRequest;Ljakarta/servlet/ServletResponse;)V+37
j  org.apache.catalina.core.ApplicationFilterChain.internalDoFilter(Ljakarta/servlet/ServletRequest;Ljakarta/servlet/ServletResponse;)V+300
j  org.apache.catalina.core.ApplicationFilterChain.doFilter(Ljakarta/servlet/ServletRequest;Ljakarta/servlet/ServletResponse;)V+99
j  org.apache.tomcat.websocket.server.WsFilter.doFilter(Ljakarta/servlet/ServletRequest;Ljakarta/servlet/ServletResponse;Ljakarta/servlet/FilterChain;)V+21
j  org.apache.catalina.core.ApplicationFilterChain.internalDoFilter(Ljakarta/servlet/ServletRequest;Ljakarta/servlet/ServletResponse;)V+130
j  org.apache.catalina.core.ApplicationFilterChain.doFilter(Ljakarta/servlet/ServletRequest;Ljakarta/servlet/ServletResponse;)V+99
j  org.springframework.web.filter.OncePerRequestFilter.doFilter(Ljakarta/servlet/ServletRequest;Ljakarta/servlet/ServletResponse;Ljakarta/servlet/FilterChain;)V+125
j  org.apache.catalina.core.ApplicationFilterChain.internalDoFilter(Ljakarta/servlet/ServletRequest;Ljakarta/servlet/ServletResponse;)V+130
j  org.apache.catalina.core.ApplicationFilterChain.doFilter(Ljakarta/servlet/ServletRequest;Ljakarta/servlet/ServletResponse;)V+99
j  org.springframework.web.filter.OncePerRequestFilter.doFilter(Ljakarta/servlet/ServletRequest;Ljakarta/servlet/ServletResponse;Ljakarta/servlet/FilterChain;)V+125
j  org.apache.catalina.core.ApplicationFilterChain.internalDoFilter(Ljakarta/servlet/ServletRequest;Ljakarta/servlet/ServletResponse;)V+130
j  org.apache.catalina.core.ApplicationFilterChain.doFilter(Ljakarta/servlet/ServletRequest;Ljakarta/servlet/ServletResponse;)V+99
j  org.springframework.web.filter.OncePerRequestFilter.doFilter(Ljakarta/servlet/ServletRequest;Ljakarta/servlet/ServletResponse;Ljakarta/servlet/FilterChain;)V+125
j  org.apache.catalina.core.ApplicationFilterChain.internalDoFilter(Ljakarta/servlet/ServletRequest;Ljakarta/servlet/ServletResponse;)V+130
j  org.apache.catalina.core.ApplicationFilterChain.doFilter(Ljakarta/servlet/ServletRequest;Ljakarta/servlet/ServletResponse;)V+99
j  org.apache.catalina.core.ApplicationDispatcher.invoke(Ljakarta/servlet/ServletRequest;Ljakarta/servlet/ServletResponse;Lorg/apache/catalina/core/ApplicationDispatcher$State;)V+347
j  org.apache.catalina.core.ApplicationDispatcher.processRequest(Ljakarta/servlet/ServletRequest;Ljakarta/servlet/ServletResponse;Lorg/apache/catalina/core/ApplicationDispatcher$State;)V+101
j  org.apache.catalina.core.ApplicationDispatcher.doForward(Ljakarta/servlet/ServletRequest;Ljakarta/servlet/ServletResponse;)V+363
j  org.apache.catalina.core.ApplicationDispatcher.forward(Ljakarta/servlet/ServletRequest;Ljakarta/servlet/ServletResponse;)V+55
j  org.springframework.web.servlet.view.InternalResourceView.renderMergedOutputModel(Ljava/util/Map;Ljakarta/servlet/http/HttpServletRequest;Ljakarta/servlet/http/HttpServletResponse;)V+145
j  org.springframework.web.servlet.view.AbstractView.render(Ljava/util/Map;Ljakarta/servlet/http/HttpServletRequest;Ljakarta/servlet/http/HttpServletResponse;)V+91
j  org.springframework.web.servlet.DispatcherServlet.render(Lorg/springframework/web/servlet/ModelAndView;Ljakarta/servlet/http/HttpServletRequest;Ljakarta/servlet/http/HttpServletResponse;)V+218
j  org.springframework.web.servlet.DispatcherServlet.processDispatchResult(Ljakarta/servlet/http/HttpServletRequest;Ljakarta/servlet/http/HttpServletResponse;Lorg/springframework/web/servlet/HandlerExecutionChain;Lorg/springframework/web/servlet/ModelAndView;Ljava/lang/Exception;)V+103
j  org.springframework.web.servlet.DispatcherServlet.doDispatch(Ljakarta/servlet/http/HttpServletRequest;Ljakarta/servlet/http/HttpServletResponse;)V+425
j  org.springframework.web.servlet.DispatcherServlet.doService(Ljakarta/servlet/http/HttpServletRequest;Ljakarta/servlet/http/HttpServletResponse;)V+242
j  org.springframework.web.servlet.FrameworkServlet.processRequest(Ljakarta/servlet/http/HttpServletRequest;Ljakarta/servlet/http/HttpServletResponse;)V+70
j  org.springframework.web.servlet.FrameworkServlet.doGet(Ljakarta/servlet/http/HttpServletRequest;Ljakarta/servlet/http/HttpServletResponse;)V+3
j  jakarta.servlet.http.HttpServlet.service(Ljakarta/servlet/http/HttpServletRequest;Ljakarta/servlet/http/HttpServletResponse;)V+35
j  org.springframework.web.servlet.FrameworkServlet.service(Ljakarta/servlet/http/HttpServletRequest;Ljakarta/servlet/http/HttpServletResponse;)V+20
j  jakarta.servlet.http.HttpServlet.service(Ljakarta/servlet/ServletRequest;Ljakarta/servlet/ServletResponse;)V+37
j  org.apache.catalina.core.ApplicationFilterChain.internalDoFilter(Ljakarta/servlet/ServletRequest;Ljakarta/servlet/ServletResponse;)V+300
j  org.apache.catalina.core.ApplicationFilterChain.doFilter(Ljakarta/servlet/ServletRequest;Ljakarta/servlet/ServletResponse;)V+99
j  org.apache.tomcat.websocket.server.WsFilter.doFilter(Ljakarta/servlet/ServletRequest;Ljakarta/servlet/ServletResponse;Ljakarta/servlet/FilterChain;)V+21
j  org.apache.catalina.core.ApplicationFilterChain.internalDoFilter(Ljakarta/servlet/ServletRequest;Ljakarta/servlet/ServletResponse;)V+130
j  org.apache.catalina.core.ApplicationFilterChain.doFilter(Ljakarta/servlet/ServletRequest;Ljakarta/servlet/ServletResponse;)V+99
j  org.springframework.web.filter.RequestContextFilter.doFilterInternal(Ljakarta/servlet/http/HttpServletRequest;Ljakarta/servlet/http/HttpServletResponse;Ljakarta/servlet/FilterChain;)V+21
j  org.springframework.web.filter.OncePerRequestFilter.doFilter(Ljakarta/servlet/ServletRequest;Ljakarta/servlet/ServletResponse;Ljakarta/servlet/FilterChain;)V+150
j  org.apache.catalina.core.ApplicationFilterChain.internalDoFilter(Ljakarta/servlet/ServletRequest;Ljakarta/servlet/ServletResponse;)V+130
j  org.apache.catalina.core.ApplicationFilterChain.doFilter(Ljakarta/servlet/ServletRequest;Ljakarta/servlet/ServletResponse;)V+99
j  org.springframework.web.filter.FormContentFilter.doFilterInternal(Ljakarta/servlet/http/HttpServletRequest;Ljakarta/servlet/http/HttpServletResponse;Ljakarta/servlet/FilterChain;)V+38
j  org.springframework.web.filter.OncePerRequestFilter.doFilter(Ljakarta/servlet/ServletRequest;Ljakarta/servlet/ServletResponse;Ljakarta/servlet/FilterChain;)V+150
j  org.apache.catalina.core.ApplicationFilterChain.internalDoFilter(Ljakarta/servlet/ServletRequest;Ljakarta/servlet/ServletResponse;)V+130
j  org.apache.catalina.core.ApplicationFilterChain.doFilter(Ljakarta/servlet/ServletRequest;Ljakarta/servlet/ServletResponse;)V+99
j  org.springframework.web.filter.CharacterEncodingFilter.doFilterInternal(Ljakarta/servlet/http/HttpServletRequest;Ljakarta/servlet/http/HttpServletResponse;Ljakarta/servlet/FilterChain;)V+53
j  org.springframework.web.filter.OncePerRequestFilter.doFilter(Ljakarta/servlet/ServletRequest;Ljakarta/servlet/ServletResponse;Ljakarta/servlet/FilterChain;)V+150
j  org.apache.catalina.core.ApplicationFilterChain.internalDoFilter(Ljakarta/servlet/ServletRequest;Ljakarta/servlet/ServletResponse;)V+130
j  org.apache.catalina.core.ApplicationFilterChain.doFilter(Ljakarta/servlet/ServletRequest;Ljakarta/servlet/ServletResponse;)V+99
j  org.apache.catalina.core.StandardWrapperValve.invoke(Lorg/apache/catalina/connector/Request;Lorg/apache/catalina/connector/Response;)V+514
j  org.apache.catalina.core.StandardContextValve.invoke(Lorg/apache/catalina/connector/Request;Lorg/apache/catalina/connector/Response;)V+169
j  org.apache.catalina.authenticator.AuthenticatorBase.invoke(Lorg/apache/catalina/connector/Request;Lorg/apache/catalina/connector/Response;)V+221
j  org.apache.catalina.core.StandardHostValve.invoke(Lorg/apache/catalina/connector/Request;Lorg/apache/catalina/connector/Response;)V+131
j  org.apache.catalina.valves.ErrorReportValve.invoke(Lorg/apache/catalina/connector/Request;Lorg/apache/catalina/connector/Response;)V+6
j  org.apache.catalina.core.StandardEngineValve.invoke(Lorg/apache/catalina/connector/Request;Lorg/apache/catalina/connector/Response;)V+59
j  org.apache.catalina.connector.CoyoteAdapter.service(Lorg/apache/coyote/Request;Lorg/apache/coyote/Response;)V+188
j  org.apache.coyote.http11.Http11Processor.service(Lorg/apache/tomcat/util/net/SocketWrapperBase;)Lorg/apache/tomcat/util/net/AbstractEndpoint$Handler$SocketState;+796
j  org.apache.coyote.AbstractProcessorLight.process(Lorg/apache/tomcat/util/net/SocketWrapperBase;Lorg/apache/tomcat/util/net/SocketEvent;)Lorg/apache/tomcat/util/net/AbstractEndpoint$Handler$SocketState;+155
j  org.apache.coyote.AbstractProtocol$ConnectionHandler.process(Lorg/apache/tomcat/util/net/SocketWrapperBase;Lorg/apache/tomcat/util/net/SocketEvent;)Lorg/apache/tomcat/util/net/AbstractEndpoint$Handler$SocketState;+482
j  org.apache.tomcat.util.net.NioEndpoint$SocketProcessor.doRun()V+249
j  org.apache.tomcat.util.net.SocketProcessorBase.run()V+32
j  org.apache.tomcat.util.threads.ThreadPoolExecutor.runWorker(Lorg/apache/tomcat/util/threads/ThreadPoolExecutor$Worker;)V+92
j  org.apache.tomcat.util.threads.ThreadPoolExecutor$Worker.run()V+5
j  org.apache.tomcat.util.threads.TaskThread$WrappingRunnable.run()V+4
j  java.lang.Thread.runWith(Ljava/lang/Object;Ljava/lang/Runnable;)V+5 java.base@21.0.4
j  java.lang.Thread.run()V+19 java.base@21.0.4
v  ~StubRoutines::call_stub 0x000001a4897c100d

siginfo: EXCEPTION_ACCESS_VIOLATION (0xc0000005), reading address 0x000000000000009f


Registers:
RAX=0x00000026ffafb768, RBX=0x000001a548e85f50, RCX=0x00000026ffafb6f0, RDX=0x00000026ffafb6f0
RSP=0x00000026ffafb720, RBP=0x00000026ffafb8b0, RSI=0x00000026ffafb880, RDI=0x000001a5484e50c0
R8 =0x0000000000000097, R9 =0x000001a545d6c1f8, R10=0x000001a5490d0c70, R11=0x0000000000000000
R12=0x0000000000000000, R13=0x000001a545d6cf39, R14=0x00000000000000b6, R15=0x000001a545d6cf39
RIP=0x00007ffcd24722d1, EFLAGS=0x0000000000010202


Register to memory mapping:

RAX=0x00000026ffafb768 is pointing into the stack for thread: 0x000001a5484e50c0
RBX=0x000001a548e85f50 points into unknown readable memory: 0x0000000000000097 | 97 00 00 00 00 00 00 00
RCX=0x00000026ffafb6f0 is pointing into the stack for thread: 0x000001a5484e50c0
RDX=0x00000026ffafb6f0 is pointing into the stack for thread: 0x000001a5484e50c0
RSP=0x00000026ffafb720 is pointing into the stack for thread: 0x000001a5484e50c0
RBP=0x00000026ffafb8b0 is pointing into the stack for thread: 0x000001a5484e50c0
RSI=0x00000026ffafb880 is pointing into the stack for thread: 0x000001a5484e50c0
RDI=0x000001a5484e50c0 is a thread
R8 =0x0000000000000097 is an unknown value
R9 =0x000001a545d6c1f8 is pointing into metadata
R10=0x000001a5490d0c70 points into unknown readable memory: 0x0000008000000006 | 06 00 00 00 80 00 00 00
R11=0x0 is null
R12=0x0 is null
R13=0x000001a545d6cf39 is pointing into metadata
R14=0x00000000000000b6 is an unknown value
R15=0x000001a545d6cf39 is pointing into metadata

Top of Stack: (sp=0x00000026ffafb720)
0x00000026ffafb720:   000001a548e85f50 00000026ffafb8b0
0x00000026ffafb730:   00000026ffafb880 000000030000000c
0x00000026ffafb740:   000001a5484e500a 0000000000000000
0x00000026ffafb750:   00000000000000b6 00007ffcd21b0a4f
0x00000026ffafb760:   00000005ad0d7508 000001a5491a6498
0x00000026ffafb770:   000001a546a29c88 000001a5019db8d0
0x00000026ffafb780:   000001a5019db8d0 0000000000000000
0x00000026ffafb790:   0000000000000000 00000000000a0101
0x00000026ffafb7a0:   000001a548a5ba00 00007ffcd2275705
0x00000026ffafb7b0:   000001a5484e50c0 000001a548e85f50
0x00000026ffafb7c0:   0000000000000000 0000000000000010
0x00000026ffafb7d0:   00000000000000b6 000001a5484e50c0
0x00000026ffafb7e0:   000001a545d6cf68 000001a5484e50c0
0x00000026ffafb7f0:   0000000000000000 0000000000000000
0x00000026ffafb800:   000001a545d6c1f8 000001a5484e50c0
0x00000026ffafb810:   000001a545d6cf39 000001a4000000b6
0x00000026ffafb820:   000001a545d6cf68 0000000000000000
0x00000026ffafb830:   0000000000000000 00000026ffafbb60
0x00000026ffafb840:   00000026ffafbb10 00000026ffafbb10
0x00000026ffafb850:   000001a4897d94dd 000001a4897c8190
0x00000026ffafb860:   0000000000000000 0000000000000000
0x00000026ffafb870:   00000026ffafbb60 00000026ffafbb10
0x00000026ffafb880:   000001a54372ef3b 0000000000000000
0x00000026ffafb890:   0000000000000000 0000000000000000
0x00000026ffafb8a0:   0000000000000000 000001a5461055a8
0x00000026ffafb8b0:   0000000000000000 0000000000000000
0x00000026ffafb8c0:   000001a5484e50c0 000001a545d6cf39
0x00000026ffafb8d0:   00000026ffafbb78 000001a5484e50c0
0x00000026ffafb8e0:   00000026ffafbf60 00000000000000b6
0x00000026ffafb8f0:   00000026ffafba00 00007ffcd2274d7d
0x00000026ffafb900:   000001a545d6c1f8 0000000000000000
0x00000026ffafb910:   00000000000003d8 000001a547fdf938 

Instructions: (pc=0x00007ffcd24722d1)
0x00007ffcd24721d1:   e8 ca cf ff ff 48 83 7b 08 00 0f 85 d0 01 00 00
0x00007ffcd24721e1:   4c 8b cb 48 8d 54 24 48 41 b0 01 48 8b ce e8 1c
0x00007ffcd24721f1:   10 00 00 e9 b8 01 00 00 48 8b bc 24 b8 00 00 00
0x00007ffcd2472201:   48 8d 4c 24 48 41 b9 b7 00 00 00 48 89 7c 24 20
0x00007ffcd2472211:   45 8b c2 49 8b d3 e8 84 cf ff ff 48 83 7f 08 00
0x00007ffcd2472221:   0f 85 8a 01 00 00 48 8b d7 48 8d 4c 24 48 e8 5c
0x00007ffcd2472231:   df ff ff 48 83 7f 08 00 0f 85 72 01 00 00 48 89
0x00007ffcd2472241:   44 24 38 48 89 7c 24 40 48 85 c0 74 16 48 8b 8f
0x00007ffcd2472251:   28 03 00 00 48 8d 54 24 30 48 89 44 24 30 e8 4c
0x00007ffcd2472261:   78 a3 ff 4c 8b cb 48 89 7c 24 20 4c 8d 44 24 38
0x00007ffcd2472271:   48 8b ce 48 8d 54 24 48 e8 42 19 00 00 48 8d 4c
0x00007ffcd2472281:   24 38 e8 18 ac dc ff e9 24 01 00 00 48 8b bc 24
0x00007ffcd2472291:   b8 00 00 00 48 8d 4c 24 48 41 b9 b6 00 00 00 48
0x00007ffcd24722a1:   89 7c 24 20 45 8b c2 49 8b d3 e8 f0 ce ff ff 48
0x00007ffcd24722b1:   83 7f 08 00 0f 85 f6 00 00 00 48 85 db 75 05 45
0x00007ffcd24722c1:   33 c0 eb 26 80 3d ce 62 5e 00 00 4c 8b 03 74 16
0x00007ffcd24722d1:   45 8b 40 08 8b 0d 9d 4c 5e 00 49 d3 e0 4c 03 05
0x00007ffcd24722e1:   8b 4c 5e 00 eb 04 4d 8b 40 08 48 89 7c 24 28 4c
0x00007ffcd24722f1:   8d 4c 24 48 48 8b d3 c6 44 24 20 01 48 8b ce e8
0x00007ffcd2472301:   7b 11 00 00 e9 a7 00 00 00 4c 8b 8c 24 b8 00 00
0x00007ffcd2472311:   00 45 8b c2 49 8b d3 48 8b ce e8 20 03 00 00 e9
0x00007ffcd2472321:   96 00 00 00 4c 8b 8c 24 b8 00 00 00 45 8b c2 49
0x00007ffcd2472331:   8b d3 48 8b ce e8 f5 00 00 00 eb 7e 48 8b bc 24
0x00007ffcd2472341:   b8 00 00 00 48 8d 4c 24 48 41 b9 b9 00 00 00 48
0x00007ffcd2472351:   89 7c 24 20 45 8b c2 49 8b d3 e8 40 ce ff ff 48
0x00007ffcd2472361:   83 7f 08 00 75 4a 48 85 db 75 05 45 33 c0 eb 26
0x00007ffcd2472371:   80 3d 22 62 5e 00 00 4c 8b 03 74 16 45 8b 40 08
0x00007ffcd2472381:   8b 0d f1 4b 5e 00 49 d3 e0 4c 03 05 df 4b 5e 00
0x00007ffcd2472391:   eb 04 4d 8b 40 08 48 89 7c 24 28 4c 8d 4c 24 48
0x00007ffcd24723a1:   48 8b d3 c6 44 24 20 01 48 8b ce e8 ff f4 ff ff
0x00007ffcd24723b1:   48 8d 4c 24 68 e8 e5 aa dc ff 48 8b bc 24 90 00
0x00007ffcd24723c1:   00 00 48 8b 9c 24 98 00 00 00 48 81 c4 80 00 00 


Stack slot to memory mapping:

stack at sp + 0 slots: 0x000001a548e85f50 points into unknown readable memory: 0x0000000000000097 | 97 00 00 00 00 00 00 00
stack at sp + 1 slots: 0x00000026ffafb8b0 is pointing into the stack for thread: 0x000001a5484e50c0
stack at sp + 2 slots: 0x00000026ffafb880 is pointing into the stack for thread: 0x000001a5484e50c0
stack at sp + 3 slots: 0x000000030000000c is an unknown value
stack at sp + 4 slots: 0x000001a5484e500a points into unknown readable memory: 0e 49 a5 01 00 00
stack at sp + 5 slots: 0x0 is null
stack at sp + 6 slots: 0x00000000000000b6 is an unknown value
stack at sp + 7 slots: 0x00007ffcd21b0a4f jvm.dll

invokevirtual  182 invokevirtual  [0x000001a4897d9480, 0x000001a4897d9600]  384 bytes
[MachCode]
  0x000001a4897d9480: 4883 ec08 | c5fa 1104 | 24eb 1f48 | 83ec 10c5 | fb11 0424 | eb14 4883 | ec10 4889 | 0424 48c7 
  0x000001a4897d94a0: 4424 0800 | 0000 00eb | 0150 4c89 | 6dc0 410f | b755 0148 | 8b4d d0c1 | e202 8b5c | d138 c1eb 
  0x000001a4897d94c0: 1881 e3ff | 0000 0081 | fbb6 0000 | 000f 84b4 | 0000 00bb | b600 0000 | e805 0000 | 00e9 9900 
  0x000001a4897d94e0: 0000 488b | d348 8d44 | 2408 4c89 | 6dc0 498b | cfc5 f877 | 4989 afa8 | 0300 0049 | 8987 9803 
  0x000001a4897d9500: 0000 4883 | ec20 40f6 | c40f 0f84 | 1900 0000 | 4883 ec08 | 48b8 104d | 27d2 fc7f | 0000 ffd0 
  0x000001a4897d9520: 4883 c408 | e90c 0000 | 0048 b810 | 4d27 d2fc | 7f00 00ff | d048 83c4 | 2049 c787 | 9803 0000 
  0x000001a4897d9540: 0000 0000 | 49c7 87a8 | 0300 0000 | 0000 0049 | c787 a003 | 0000 0000 | 0000 c5f8 | 7749 837f 
  0x000001a4897d9560: 0800 0f84 | 0500 0000 | e993 79fe | ff4c 8b6d | c04c 8b75 | c84e 8d74 | f500 c341 | 0fb7 5501 
  0x000001a4897d9580: 488b 4dd0 | c1e2 0248 | 8b5c d148 | 8b54 d150 | 8bca 81e1 | ff00 0000 | 488b 4ccc | f844 8bea 
  0x000001a4897d95a0: c1ea 1c49 | ba20 7bae | d2fc 7f00 | 0049 8b14 | d252 418b | d54c 8b6d | c08b c225 | 0000 1000 
  0x000001a4897d95c0: 0f84 0f00 | 0000 483b | 014c 8d6c | 2408 4c89 | 6df0 ff63 | 508b 4108 | 49ba 0000 | 0000 a501 
  0x000001a4897d95e0: 0000 4903 | c248 8b9c | d8c8 0100 | 004c 8d6c | 2408 4c89 | 6df0 ff63 | 500f 1f80 | 0000 0000 
[/MachCode]

---------------  P R O C E S S  ---------------

Threads class SMR info:
_java_thread_list=0x000001a5492197a0, length=43, elements={
0x000001a48d01b180, 0x000001a48d01bde0, 0x000001a48d01ccc0, 0x000001a48d01d920,
0x000001a48d01e580, 0x000001a54108e3e0, 0x000001a54108f040, 0x000001a5411dfd10,
0x000001a541ada530, 0x000001a541ae1f70, 0x000001a541db2610, 0x000001a541e35c70,
0x000001a541e98640, 0x000001a541e9a0e0, 0x000001a5463bb830, 0x000001a5463becb0,
0x000001a5463bc550, 0x000001a5463bcbe0, 0x000001a5463bd900, 0x000001a5484e0890,
0x000001a5484e5de0, 0x000001a5484e50c0, 0x000001a5484e15b0, 0x000001a5484e0200,
0x000001a5484e3680, 0x000001a5484e3d10, 0x000001a5484e6b00, 0x000001a5484e43a0,
0x000001a5484e7820, 0x000001a5484e1c40, 0x000001a5484e4a30, 0x000001a5484e5750,
0x000001a5484e22d0, 0x000001a5484e6470, 0x000001a5484e2960, 0x000001a546ce87c0,
0x000001a5411ee3b0, 0x000001a549268010, 0x000001a541dc7a40, 0x000001a54e7f5900,
0x000001a5491cf3d0, 0x000001a5492b7e60, 0x000001a548f53810
}

Java Threads: ( => current thread )
  0x000001a48d01b180 JavaThread "Reference Handler"          daemon [_thread_blocked, id=8552, stack(0x00000026fcb00000,0x00000026fcc00000) (1024K)]
  0x000001a48d01bde0 JavaThread "Finalizer"                  daemon [_thread_blocked, id=27116, stack(0x00000026fcc00000,0x00000026fcd00000) (1024K)]
  0x000001a48d01ccc0 JavaThread "Signal Dispatcher"          daemon [_thread_blocked, id=27404, stack(0x00000026fcd00000,0x00000026fce00000) (1024K)]
  0x000001a48d01d920 JavaThread "Attach Listener"            daemon [_thread_blocked, id=12676, stack(0x00000026fce00000,0x00000026fcf00000) (1024K)]
  0x000001a48d01e580 JavaThread "Service Thread"             daemon [_thread_blocked, id=26864, stack(0x00000026fcf00000,0x00000026fd000000) (1024K)]
  0x000001a54108e3e0 JavaThread "Monitor Deflation Thread"   daemon [_thread_blocked, id=24496, stack(0x00000026fd000000,0x00000026fd100000) (1024K)]
  0x000001a54108f040 JavaThread "C1 CompilerThread0"         daemon [_thread_blocked, id=16292, stack(0x00000026fd100000,0x00000026fd200000) (1024K)]
  0x000001a5411dfd10 JavaThread "Common-Cleaner"             daemon [_thread_blocked, id=5376, stack(0x00000026fd300000,0x00000026fd400000) (1024K)]
  0x000001a541ada530 JavaThread "Monitor Ctrl-Break"         daemon [_thread_in_native, id=4184, stack(0x00000026fd600000,0x00000026fd700000) (1024K)]
  0x000001a541ae1f70 JavaThread "Notification Thread"        daemon [_thread_blocked, id=21188, stack(0x00000026fd700000,0x00000026fd800000) (1024K)]
  0x000001a541db2610 JavaThread "RMI TCP Accept-0"           daemon [_thread_in_native, id=20240, stack(0x00000026fd800000,0x00000026fd900000) (1024K)]
  0x000001a541e35c70 JavaThread "RMI TCP Connection(idle)"   daemon [_thread_blocked, id=26736, stack(0x00000026fda00000,0x00000026fdb00000) (1024K)]
  0x000001a541e98640 JavaThread "RMI Scheduler(0)"           daemon [_thread_blocked, id=11332, stack(0x00000026fdb00000,0x00000026fdc00000) (1024K)]
  0x000001a541e9a0e0 JavaThread "JMX server connection timeout 34" daemon [_thread_blocked, id=16872, stack(0x00000026fdc00000,0x00000026fdd00000) (1024K)]
  0x000001a5463bb830 JavaThread "Catalina-utility-1"                [_thread_blocked, id=27396, stack(0x00000026fed00000,0x00000026fee00000) (1024K)]
  0x000001a5463becb0 JavaThread "Catalina-utility-2"                [_thread_blocked, id=25204, stack(0x00000026ff300000,0x00000026ff400000) (1024K)]
  0x000001a5463bc550 JavaThread "container-0"                       [_thread_blocked, id=25384, stack(0x00000026ff400000,0x00000026ff500000) (1024K)]
  0x000001a5463bcbe0 JavaThread "mssql-jdbc-shared-timer-core-0" daemon [_thread_blocked, id=18256, stack(0x00000026ff600000,0x00000026ff700000) (1024K)]
  0x000001a5463bd900 JavaThread "HikariPool-1 housekeeper"   daemon [_thread_blocked, id=20652, stack(0x00000026ff700000,0x00000026ff800000) (1024K)]
  0x000001a5484e0890 JavaThread "File Watcher"               daemon [_thread_blocked, id=12168, stack(0x00000026ff900000,0x00000026ffa00000) (1024K)]
  0x000001a5484e5de0 JavaThread "Live Reload Server"         daemon [_thread_in_native, id=5296, stack(0x00000026ffb00000,0x00000026ffc00000) (1024K)]
=>0x000001a5484e50c0 JavaThread "http-nio-8070-exec-1"       daemon [_thread_in_vm, id=26964, stack(0x00000026ffa00000,0x00000026ffb00000) (1024K)]
  0x000001a5484e15b0 JavaThread "http-nio-8070-exec-2"       daemon [_thread_blocked, id=11420, stack(0x00000026ffc00000,0x00000026ffd00000) (1024K)]
  0x000001a5484e0200 JavaThread "http-nio-8070-exec-3"       daemon [_thread_blocked, id=10324, stack(0x00000026ffd00000,0x00000026ffe00000) (1024K)]
  0x000001a5484e3680 JavaThread "http-nio-8070-exec-4"       daemon [_thread_blocked, id=25792, stack(0x00000026ffe00000,0x00000026fff00000) (1024K)]
  0x000001a5484e3d10 JavaThread "http-nio-8070-exec-5"       daemon [_thread_blocked, id=3504, stack(0x00000026fff00000,0x0000002700000000) (1024K)]
  0x000001a5484e6b00 JavaThread "http-nio-8070-exec-6"       daemon [_thread_blocked, id=13792, stack(0x0000002680000000,0x0000002680100000) (1024K)]
  0x000001a5484e43a0 JavaThread "http-nio-8070-exec-7"       daemon [_thread_blocked, id=20160, stack(0x0000002680100000,0x0000002680200000) (1024K)]
  0x000001a5484e7820 JavaThread "http-nio-8070-exec-8"       daemon [_thread_blocked, id=3148, stack(0x0000002680200000,0x0000002680300000) (1024K)]
  0x000001a5484e1c40 JavaThread "http-nio-8070-exec-9"       daemon [_thread_blocked, id=20532, stack(0x0000002680300000,0x0000002680400000) (1024K)]
  0x000001a5484e4a30 JavaThread "http-nio-8070-exec-10"      daemon [_thread_blocked, id=22684, stack(0x0000002680400000,0x0000002680500000) (1024K)]
  0x000001a5484e5750 JavaThread "http-nio-8070-Poller"       daemon [_thread_in_native, id=23460, stack(0x0000002680500000,0x0000002680600000) (1024K)]
  0x000001a5484e22d0 JavaThread "http-nio-8070-Acceptor"     daemon [_thread_in_native, id=27616, stack(0x0000002680600000,0x0000002680700000) (1024K)]
  0x000001a5484e6470 JavaThread "DestroyJavaVM"                     [_thread_blocked, id=11292, stack(0x00000026fc300000,0x00000026fc400000) (1024K)]
  0x000001a5484e2960 JavaThread "RMI TCP Connection(2)-121.137.128.203" daemon [_thread_in_native, id=7864, stack(0x0000002680700000,0x0000002680800000) (1024K)]
  0x000001a546ce87c0 JavaThread "C1 CompilerThread1"         daemon [_thread_blocked, id=21116, stack(0x0000002680a00000,0x0000002680b00000) (1024K)]
  0x000001a5411ee3b0 JavaThread "C1 CompilerThread2"         daemon [_thread_blocked, id=15008, stack(0x0000002680b00000,0x0000002680c00000) (1024K)]
  0x000001a549268010 JavaThread "C1 CompilerThread3"         daemon [_thread_blocked, id=19728, stack(0x0000002680c00000,0x0000002680d00000) (1024K)]
  0x000001a541dc7a40 JavaThread "C1 CompilerThread4"         daemon [_thread_blocked, id=5976, stack(0x0000002680d00000,0x0000002680e00000) (1024K)]
  0x000001a54e7f5900 JavaThread "C1 CompilerThread5"         daemon [_thread_blocked, id=24548, stack(0x0000002680e00000,0x0000002680f00000) (1024K)]
  0x000001a5491cf3d0 JavaThread "C1 CompilerThread6"         daemon [_thread_blocked, id=5616, stack(0x0000002680f00000,0x0000002681000000) (1024K)]
  0x000001a5492b7e60 JavaThread "C1 CompilerThread7"         daemon [_thread_blocked, id=22848, stack(0x0000002681000000,0x0000002681100000) (1024K)]
  0x000001a548f53810 JavaThread "C1 CompilerThread8"         daemon [_thread_blocked, id=6692, stack(0x0000002681100000,0x0000002681200000) (1024K)]
Total: 43

Other Threads:
  0x000001a48cff84b0 VMThread "VM Thread"                           [id=22760, stack(0x00000026fca00000,0x00000026fcb00000) (1024K)]
  0x000001a5410809d0 WatcherThread "VM Periodic Task Thread"        [id=25876, stack(0x00000026fc900000,0x00000026fca00000) (1024K)]
  0x000001a48ce98920 WorkerThread "GC Thread#0"                     [id=20308, stack(0x00000026fc400000,0x00000026fc500000) (1024K)]
  0x000001a5461d0730 WorkerThread "GC Thread#1"                     [id=11952, stack(0x00000026fdd00000,0x00000026fde00000) (1024K)]
  0x000001a5461c4920 WorkerThread "GC Thread#2"                     [id=3204, stack(0x00000026fde00000,0x00000026fdf00000) (1024K)]
  0x000001a5461c4cc0 WorkerThread "GC Thread#3"                     [id=9744, stack(0x00000026fdf00000,0x00000026fe000000) (1024K)]
  0x000001a5461c5060 WorkerThread "GC Thread#4"                     [id=6128, stack(0x00000026fe000000,0x00000026fe100000) (1024K)]
  0x000001a5461c5c10 WorkerThread "GC Thread#5"                     [id=26424, stack(0x00000026fe100000,0x00000026fe200000) (1024K)]
  0x000001a5461c5fb0 WorkerThread "GC Thread#6"                     [id=23644, stack(0x00000026fe200000,0x00000026fe300000) (1024K)]
  0x000001a5461c6350 WorkerThread "GC Thread#7"                     [id=6340, stack(0x00000026fe300000,0x00000026fe400000) (1024K)]
  0x000001a5461eae90 WorkerThread "GC Thread#8"                     [id=21996, stack(0x00000026fe400000,0x00000026fe500000) (1024K)]
  0x000001a5461eb230 WorkerThread "GC Thread#9"                     [id=21120, stack(0x00000026fe500000,0x00000026fe600000) (1024K)]
  0x000001a5461eb9e0 WorkerThread "GC Thread#10"                    [id=16596, stack(0x00000026fe600000,0x00000026fe700000) (1024K)]
  0x000001a5461ecff0 WorkerThread "GC Thread#11"                    [id=20832, stack(0x00000026fe700000,0x00000026fe800000) (1024K)]
  0x000001a5461ed390 WorkerThread "GC Thread#12"                    [id=15780, stack(0x00000026fe800000,0x00000026fe900000) (1024K)]
  0x000001a5461ec170 WorkerThread "GC Thread#13"                    [id=22764, stack(0x00000026fe900000,0x00000026fea00000) (1024K)]
  0x000001a5461ed730 WorkerThread "GC Thread#14"                    [id=2708, stack(0x00000026fea00000,0x00000026feb00000) (1024K)]
  0x000001a4ff23ca50 ConcurrentGCThread "G1 Main Marker"            [id=22812, stack(0x00000026fc500000,0x00000026fc600000) (1024K)]
  0x000001a4ff23d5b0 WorkerThread "G1 Conc#0"                       [id=6216, stack(0x00000026fc600000,0x00000026fc700000) (1024K)]
  0x000001a5461ec510 WorkerThread "G1 Conc#1"                       [id=16216, stack(0x00000026ff000000,0x00000026ff100000) (1024K)]
  0x000001a5461ec8b0 WorkerThread "G1 Conc#2"                       [id=18176, stack(0x00000026ff100000,0x00000026ff200000) (1024K)]
  0x000001a5461ecc50 WorkerThread "G1 Conc#3"                       [id=12776, stack(0x00000026ff200000,0x00000026ff300000) (1024K)]
  0x000001a48cf29010 ConcurrentGCThread "G1 Refine#0"               [id=22156, stack(0x00000026fc700000,0x00000026fc800000) (1024K)]
  0x000001a48cf2aa40 ConcurrentGCThread "G1 Service"                [id=2568, stack(0x00000026fc800000,0x00000026fc900000) (1024K)]
Total: 24

Threads with active compile tasks:
Total: 0

VM state: not at safepoint (normal execution)

VM Mutex/Monitor currently owned by a thread: None

Heap address: 0x0000000585800000, size: 10152 MB, Compressed Oops mode: Zero based, Oop shift amount: 3

CDS archive(s) mapped at: [0x000001a500000000-0x000001a500c90000-0x000001a500c90000), size 13172736, SharedBaseAddress: 0x000001a500000000, ArchiveRelocationMode: 1.
Compressed class space mapped at: 0x000001a501000000-0x000001a541000000, reserved size: 1073741824
Narrow klass base: 0x000001a500000000, Narrow klass shift: 0, Narrow klass range: 0x100000000

GC Precious Log:
 CardTable entry size: 512
 Card Set container configuration: InlinePtr #cards 4 size 8 Array Of Cards #cards 64 size 144 Howl #buckets 8 coarsen threshold 14745 Howl Bitmap #cards 2048 size 272 coarsen threshold 1843 Card regions per heap region 1 cards per card region 16384
 CPUs: 20 total, 20 available
 Memory: 40600M
 Large Page Support: Disabled
 NUMA Support: Disabled
 Compressed Oops: Enabled (Zero based)
 Heap Region Size: 8M
 Heap Min Capacity: 8M
 Heap Initial Capacity: 640M
 Heap Max Capacity: 10152M
 Pre-touch: Disabled
 Parallel Workers: 15
 Concurrent Workers: 4
 Concurrent Refinement Workers: 15
 Periodic GC: Disabled

Heap:
 garbage-first heap   total 114688K, used 43920K [0x0000000585800000, 0x0000000800000000)
  region size 8192K, 2 young (16384K), 1 survivors (8192K)
 Metaspace       used 78727K, committed 79552K, reserved 1179648K
  class space    used 10303K, committed 10624K, reserved 1048576K

Heap Regions: E=young(eden), S=young(survivor), O=old, HS=humongous(starts), HC=humongous(continues), CS=collection set, F=free, TAMS=top-at-mark-start, PB=parsable bottom
|   0|0x0000000585800000, 0x0000000586000000, 0x0000000586000000|100%| O|  |TAMS 0x0000000585800000| PB 0x0000000585800000| Untracked 
|   1|0x0000000586000000, 0x0000000586800000, 0x0000000586800000|100%| O|  |TAMS 0x0000000586000000| PB 0x0000000586000000| Untracked 
|   2|0x0000000586800000, 0x0000000587000000, 0x0000000587000000|100%| O|  |TAMS 0x0000000586800000| PB 0x0000000586800000| Untracked 
|   3|0x0000000587000000, 0x0000000587800000, 0x0000000587800000|100%| O|Cm|TAMS 0x0000000587000000| PB 0x0000000587000000| Complete 
|   4|0x0000000587800000, 0x0000000587e8fe80, 0x0000000588000000| 82%| O|  |TAMS 0x0000000587800000| PB 0x0000000587800000| Untracked 
|   5|0x0000000588000000, 0x0000000588000000, 0x0000000588800000|  0%| F|  |TAMS 0x0000000588000000| PB 0x0000000588000000| Untracked 
|   6|0x0000000588800000, 0x0000000588800000, 0x0000000589000000|  0%| F|  |TAMS 0x0000000588800000| PB 0x0000000588800000| Untracked 
|   7|0x0000000589000000, 0x0000000589000000, 0x0000000589800000|  0%| F|  |TAMS 0x0000000589000000| PB 0x0000000589000000| Untracked 
|   8|0x0000000589800000, 0x0000000589c541d8, 0x000000058a000000| 54%| S|CS|TAMS 0x0000000589800000| PB 0x0000000589800000| Complete 
|   9|0x000000058a000000, 0x000000058a000000, 0x000000058a800000|  0%| F|  |TAMS 0x000000058a000000| PB 0x000000058a000000| Untracked 
|  10|0x000000058a800000, 0x000000058a800000, 0x000000058b000000|  0%| F|  |TAMS 0x000000058a800000| PB 0x000000058a800000| Untracked 
|  11|0x000000058b000000, 0x000000058b000000, 0x000000058b800000|  0%| F|  |TAMS 0x000000058b000000| PB 0x000000058b000000| Untracked 
|  75|0x00000005ab000000, 0x00000005ab000000, 0x00000005ab800000|  0%| F|  |TAMS 0x00000005ab000000| PB 0x00000005ab000000| Untracked 
|  79|0x00000005ad000000, 0x00000005ad110e40, 0x00000005ad800000| 13%| E|  |TAMS 0x00000005ad000000| PB 0x00000005ad000000| Complete 

Card table byte_map: [0x000001a48e400000,0x000001a48f7e0000] _byte_map_base: 0x000001a48b7d4000

Marking Bits: (CMBitMap*) 0x000001a4ff2322e0
 Bits: [0x000001a48f7e0000, 0x000001a499680000)

Polling page: 0x000001a4ff130000

Metaspace:

Usage:
  Non-class:     66.82 MB used.
      Class:     10.06 MB used.
       Both:     76.88 MB used.

Virtual space:
  Non-class space:      128.00 MB reserved,      67.31 MB ( 53%) committed,  2 nodes.
      Class space:        1.00 GB reserved,      10.38 MB (  1%) committed,  1 nodes.
             Both:        1.12 GB reserved,      77.69 MB (  7%) committed. 

Chunk freelists:
   Non-Class:  12.61 MB
       Class:  5.56 MB
        Both:  18.17 MB

MaxMetaspaceSize: unlimited
CompressedClassSpaceSize: 1.00 GB
Initial GC threshold: 21.00 MB
Current GC threshold: 129.38 MB
CDS: on
 - commit_granule_bytes: 65536.
 - commit_granule_words: 8192.
 - virtual_space_node_default_size: 8388608.
 - enlarge_chunks_in_place: 1.
 - use_allocation_guard: 0.


Internal statistics:

num_allocs_failed_limit: 12.
num_arena_births: 1198.
num_arena_deaths: 34.
num_vsnodes_births: 3.
num_vsnodes_deaths: 0.
num_space_committed: 1243.
num_space_uncommitted: 0.
num_chunks_returned_to_freelist: 63.
num_chunks_taken_from_freelist: 3947.
num_chunk_merges: 22.
num_chunk_splits: 2792.
num_chunks_enlarged: 2080.
num_inconsistent_stats: 0.

CodeCache: size=49152Kb used=17878Kb max_used=19361Kb free=31273Kb
 bounds [0x000001a4897c0000, 0x000001a48aab0000, 0x000001a48c7c0000]
 total_blobs=7446 nmethods=6655 adapters=705
 compilation: enabled
              stopped_count=0, restarted_count=0
 full_count=0

Compilation events (20 events):
Event: 41.172 Thread 0x000001a54e7f5900 7820       1       org.apache.jasper.compiler.SmapUtil$SDEInstaller::writeBytes (45 bytes)
Event: 41.172 Thread 0x000001a5411ee3b0 nmethod 7818 0x000001a48aaa5510 code [0x000001a48aaa56a0, 0x000001a48aaa57a0]
Event: 41.172 Thread 0x000001a5491cf3d0 nmethod 7819 0x000001a48aaa5890 code [0x000001a48aaa5a20, 0x000001a48aaa5bf8]
Event: 41.172 Thread 0x000001a54e7f5900 nmethod 7820 0x000001a48aaa5d10 code [0x000001a48aaa5ea0, 0x000001a48aaa5fd0]
Event: 41.172 Thread 0x000001a546ce87c0 7821       1       java.nio.charset.Charset::lookup (44 bytes)
Event: 41.172 Thread 0x000001a54e7f5900 7822       1       java.nio.charset.Charset::forName (20 bytes)
Event: 41.172 Thread 0x000001a548f53810 7823       1       org.apache.jasper.compiler.SmapUtil$SDEInstaller::readU2 (15 bytes)
Event: 41.172 Thread 0x000001a549268010 7824       1       org.apache.jasper.compiler.SmapUtil$SDEInstaller::writeU2 (18 bytes)
Event: 41.172 Thread 0x000001a5491cf3d0 7825       1       java.lang.String::<init> (13 bytes)
Event: 41.172 Thread 0x000001a5411ee3b0 7826   !   1       java.lang.String::lookupCharset (20 bytes)
Event: 41.172 Thread 0x000001a54e7f5900 nmethod 7822 0x000001a48aaa6110 code [0x000001a48aaa62c0, 0x000001a48aaa6450]
Event: 41.172 Thread 0x000001a546ce87c0 nmethod 7821 0x000001a48aaa6510 code [0x000001a48aaa66e0, 0x000001a48aaa6970]
Event: 41.172 Thread 0x000001a548f53810 nmethod 7823 0x000001a48aaa6b10 code [0x000001a48aaa6ca0, 0x000001a48aaa6dd8]
Event: 41.172 Thread 0x000001a549268010 nmethod 7824 0x000001a48aaa6f10 code [0x000001a48aaa70a0, 0x000001a48aaa71d8]
Event: 41.172 Thread 0x000001a54108f040 7827       1       org.apache.jasper.compiler.SmapUtil$SDEInstaller::copy (46 bytes)
Event: 41.172 Thread 0x000001a5411ee3b0 nmethod 7826 0x000001a48aaa7310 code [0x000001a48aaa74e0, 0x000001a48aaa77f8]
Event: 41.172 Thread 0x000001a54108f040 nmethod 7827 0x000001a48aaa7a10 code [0x000001a48aaa7ba0, 0x000001a48aaa7d00]
Event: 41.173 Thread 0x000001a5491cf3d0 nmethod 7825 0x000001a48aaa7e10 code [0x000001a48aaa8000, 0x000001a48aaa83a0]
Event: 41.193 Thread 0x000001a5491cf3d0 7828       1       org.apache.catalina.core.DefaultInstanceManager::findLifecycleCallback (112 bytes)
Event: 41.194 Thread 0x000001a5491cf3d0 nmethod 7828 0x000001a489ad6510 code [0x000001a489ad67a0, 0x000001a489ad7130]

GC Heap History (20 events):
Event: 2.654 GC heap before
{Heap before GC invocations=5 (full 0):
 garbage-first heap   total 114688K, used 60237K [0x0000000585800000, 0x0000000800000000)
  region size 8192K, 7 young (57344K), 1 survivors (8192K)
 Metaspace       used 25974K, committed 26496K, reserved 1114112K
  class space    used 3463K, committed 3712K, reserved 1048576K
}
Event: 2.659 GC heap after
{Heap after GC invocations=6 (full 0):
 garbage-first heap   total 114688K, used 21446K [0x0000000585800000, 0x0000000800000000)
  region size 8192K, 1 young (8192K), 1 survivors (8192K)
 Metaspace       used 25974K, committed 26496K, reserved 1114112K
  class space    used 3463K, committed 3712K, reserved 1048576K
}
Event: 2.714 GC heap before
{Heap before GC invocations=6 (full 0):
 garbage-first heap   total 114688K, used 21446K [0x0000000585800000, 0x0000000800000000)
  region size 8192K, 2 young (16384K), 1 survivors (8192K)
 Metaspace       used 26309K, committed 26816K, reserved 1114112K
  class space    used 3528K, committed 3776K, reserved 1048576K
}
Event: 2.716 GC heap after
{Heap after GC invocations=7 (full 0):
 garbage-first heap   total 114688K, used 21763K [0x0000000585800000, 0x0000000800000000)
  region size 8192K, 1 young (8192K), 1 survivors (8192K)
 Metaspace       used 26309K, committed 26816K, reserved 1114112K
  class space    used 3528K, committed 3776K, reserved 1048576K
}
Event: 3.494 GC heap before
{Heap before GC invocations=8 (full 0):
 garbage-first heap   total 114688K, used 79107K [0x0000000585800000, 0x0000000800000000)
  region size 8192K, 8 young (65536K), 1 survivors (8192K)
 Metaspace       used 32985K, committed 33600K, reserved 1114112K
  class space    used 4378K, committed 4672K, reserved 1048576K
}
Event: 3.496 GC heap after
{Heap after GC invocations=9 (full 0):
 garbage-first heap   total 114688K, used 26291K [0x0000000585800000, 0x0000000800000000)
  region size 8192K, 1 young (8192K), 1 survivors (8192K)
 Metaspace       used 32985K, committed 33600K, reserved 1114112K
  class space    used 4378K, committed 4672K, reserved 1048576K
}
Event: 4.524 GC heap before
{Heap before GC invocations=9 (full 0):
 garbage-first heap   total 114688K, used 67251K [0x0000000585800000, 0x0000000800000000)
  region size 8192K, 7 young (57344K), 1 survivors (8192K)
 Metaspace       used 44198K, committed 44800K, reserved 1114112K
  class space    used 5910K, committed 6144K, reserved 1048576K
}
Event: 4.530 GC heap after
{Heap after GC invocations=10 (full 0):
 garbage-first heap   total 114688K, used 29319K [0x0000000585800000, 0x0000000800000000)
  region size 8192K, 1 young (8192K), 1 survivors (8192K)
 Metaspace       used 44198K, committed 44800K, reserved 1114112K
  class space    used 5910K, committed 6144K, reserved 1048576K
}
Event: 5.761 GC heap before
{Heap before GC invocations=11 (full 0):
 garbage-first heap   total 114688K, used 86663K [0x0000000585800000, 0x0000000800000000)
  region size 8192K, 8 young (65536K), 1 survivors (8192K)
 Metaspace       used 57589K, committed 58304K, reserved 1114112K
  class space    used 7851K, committed 8192K, reserved 1048576K
}
Event: 5.764 GC heap after
{Heap after GC invocations=12 (full 0):
 garbage-first heap   total 114688K, used 32390K [0x0000000585800000, 0x0000000800000000)
  region size 8192K, 1 young (8192K), 1 survivors (8192K)
 Metaspace       used 57589K, committed 58304K, reserved 1114112K
  class space    used 7851K, committed 8192K, reserved 1048576K
}
Event: 6.700 GC heap before
{Heap before GC invocations=12 (full 0):
 garbage-first heap   total 114688K, used 89734K [0x0000000585800000, 0x0000000800000000)
  region size 8192K, 8 young (65536K), 1 survivors (8192K)
 Metaspace       used 66367K, committed 67136K, reserved 1114112K
  class space    used 8941K, committed 9280K, reserved 1048576K
}
Event: 6.703 GC heap after
{Heap after GC invocations=13 (full 0):
 garbage-first heap   total 114688K, used 35564K [0x0000000585800000, 0x0000000800000000)
  region size 8192K, 1 young (8192K), 1 survivors (8192K)
 Metaspace       used 66367K, committed 67136K, reserved 1114112K
  class space    used 8941K, committed 9280K, reserved 1048576K
}
Event: 15.017 GC heap before
{Heap before GC invocations=13 (full 0):
 garbage-first heap   total 114688K, used 92908K [0x0000000585800000, 0x0000000800000000)
  region size 8192K, 8 young (65536K), 1 survivors (8192K)
 Metaspace       used 69919K, committed 70784K, reserved 1114112K
  class space    used 9451K, committed 9856K, reserved 1048576K
}
Event: 15.022 GC heap after
{Heap after GC invocations=14 (full 0):
 garbage-first heap   total 114688K, used 39583K [0x0000000585800000, 0x0000000800000000)
  region size 8192K, 1 young (8192K), 1 survivors (8192K)
 Metaspace       used 69919K, committed 70784K, reserved 1114112K
  class space    used 9451K, committed 9856K, reserved 1048576K
}
Event: 40.672 GC heap before
{Heap before GC invocations=14 (full 0):
 garbage-first heap   total 114688K, used 96927K [0x0000000585800000, 0x0000000800000000)
  region size 8192K, 8 young (65536K), 1 survivors (8192K)
 Metaspace       used 73506K, committed 74368K, reserved 1114112K
  class space    used 9819K, committed 10176K, reserved 1048576K
}
Event: 40.676 GC heap after
{Heap after GC invocations=15 (full 0):
 garbage-first heap   total 114688K, used 41548K [0x0000000585800000, 0x0000000800000000)
  region size 8192K, 1 young (8192K), 1 survivors (8192K)
 Metaspace       used 73506K, committed 74368K, reserved 1114112K
  class space    used 9819K, committed 10176K, reserved 1048576K
}
Event: 40.716 GC heap before
{Heap before GC invocations=15 (full 0):
 garbage-first heap   total 114688K, used 41548K [0x0000000585800000, 0x0000000800000000)
  region size 8192K, 2 young (16384K), 1 survivors (8192K)
 Metaspace       used 74220K, committed 75008K, reserved 1114112K
  class space    used 9848K, committed 10176K, reserved 1048576K
}
Event: 40.719 GC heap after
{Heap after GC invocations=16 (full 0):
 garbage-first heap   total 114688K, used 42097K [0x0000000585800000, 0x0000000800000000)
  region size 8192K, 1 young (8192K), 1 survivors (8192K)
 Metaspace       used 74220K, committed 75008K, reserved 1114112K
  class space    used 9848K, committed 10176K, reserved 1048576K
}
Event: 41.161 GC heap before
{Heap before GC invocations=17 (full 0):
 garbage-first heap   total 114688K, used 66673K [0x0000000585800000, 0x0000000800000000)
  region size 8192K, 5 young (40960K), 1 survivors (8192K)
 Metaspace       used 78684K, committed 79488K, reserved 1179648K
  class space    used 10297K, committed 10624K, reserved 1048576K
}
Event: 41.164 GC heap after
{Heap after GC invocations=18 (full 0):
 garbage-first heap   total 114688K, used 43920K [0x0000000585800000, 0x0000000800000000)
  region size 8192K, 1 young (8192K), 1 survivors (8192K)
 Metaspace       used 78684K, committed 79488K, reserved 1179648K
  class space    used 10297K, committed 10624K, reserved 1048576K
}

Dll operation events (12 events):
Event: 0.012 Loaded shared library C:\Program Files\Java\jdk-21\bin\java.dll
Event: 0.150 Loaded shared library C:\Program Files\Java\jdk-21\bin\zip.dll
Event: 0.155 Loaded shared library C:\Program Files\Java\jdk-21\bin\instrument.dll
Event: 0.160 Loaded shared library C:\Program Files\Java\jdk-21\bin\net.dll
Event: 0.171 Loaded shared library C:\Program Files\Java\jdk-21\bin\jimage.dll
Event: 0.177 Loaded shared library C:\Program Files\Java\jdk-21\bin\nio.dll
Event: 0.179 Loaded shared library C:\Program Files\Java\jdk-21\bin\zip.dll
Event: 0.261 Loaded shared library C:\Program Files\Java\jdk-21\bin\extnet.dll
Event: 0.262 Loaded shared library C:\Program Files\Java\jdk-21\bin\management.dll
Event: 0.280 Loaded shared library C:\Program Files\Java\jdk-21\bin\management_ext.dll
Event: 1.638 Loaded shared library C:\Program Files\Java\jdk-21\bin\sunmscapi.dll
Event: 4.034 Loaded shared library C:\Program Files\Java\jdk-21\bin\verify.dll

Deoptimization events (0 events):
No events

Classes loaded (20 events):
Event: 40.832 Loading class java/io/FileWriter
Event: 40.832 Loading class java/io/FileWriter done
Event: 40.945 Loading class java/lang/NegativeArraySizeException
Event: 40.945 Loading class java/lang/NegativeArraySizeException done
Event: 41.018 Loading class sun/net/www/protocol/jrt/JavaRuntimeURLConnection
Event: 41.018 Loading class sun/net/www/protocol/jrt/JavaRuntimeURLConnection done
Event: 41.019 Loading class sun/net/www/protocol/jrt/JavaRuntimeURLConnection$1
Event: 41.019 Loading class sun/net/www/protocol/jrt/JavaRuntimeURLConnection$1 done
Event: 41.019 Loading class jdk/internal/jimage/ImageBufferCache
Event: 41.019 Loading class jdk/internal/jimage/ImageBufferCache done
Event: 41.019 Loading class jdk/internal/jimage/ImageBufferCache$1
Event: 41.019 Loading class jdk/internal/jimage/ImageBufferCache$1 done
Event: 41.019 Loading class jdk/internal/jimage/ImageBufferCache$2
Event: 41.019 Loading class jdk/internal/jimage/ImageBufferCache$2 done
Event: 41.019 Loading class java/util/AbstractMap$SimpleEntry
Event: 41.019 Loading class java/util/AbstractMap$SimpleEntry done
Event: 41.026 Loading class java/text/MessageFormat$Field
Event: 41.026 Loading class java/text/MessageFormat$Field done
Event: 41.167 Loading class java/util/Hashtable$ValueCollection
Event: 41.168 Loading class java/util/Hashtable$ValueCollection done

Classes unloaded (17 events):
Event: 40.729 Thread 0x000001a48cff84b0 Unloading class 0x000001a501928000 'jdk/internal/reflect/GeneratedSerializationConstructorAccessor40'
Event: 40.729 Thread 0x000001a48cff84b0 Unloading class 0x000001a501922400 'jdk/internal/reflect/GeneratedSerializationConstructorAccessor39'
Event: 40.729 Thread 0x000001a48cff84b0 Unloading class 0x000001a501920c00 'jdk/internal/reflect/GeneratedSerializationConstructorAccessor38'
Event: 40.729 Thread 0x000001a48cff84b0 Unloading class 0x000001a501920800 'jdk/internal/reflect/GeneratedSerializationConstructorAccessor37'
Event: 40.729 Thread 0x000001a48cff84b0 Unloading class 0x000001a501920400 'jdk/internal/reflect/GeneratedSerializationConstructorAccessor36'
Event: 40.729 Thread 0x000001a48cff84b0 Unloading class 0x000001a501918c00 'jdk/internal/reflect/GeneratedSerializationConstructorAccessor35'
Event: 40.729 Thread 0x000001a48cff84b0 Unloading class 0x000001a501918800 'jdk/internal/reflect/GeneratedSerializationConstructorAccessor34'
Event: 40.729 Thread 0x000001a48cff84b0 Unloading class 0x000001a501911800 'jdk/internal/reflect/GeneratedSerializationConstructorAccessor33'
Event: 40.729 Thread 0x000001a48cff84b0 Unloading class 0x000001a501911400 'jdk/internal/reflect/GeneratedSerializationConstructorAccessor32'
Event: 40.729 Thread 0x000001a48cff84b0 Unloading class 0x000001a501911000 'jdk/internal/reflect/GeneratedSerializationConstructorAccessor31'
Event: 40.729 Thread 0x000001a48cff84b0 Unloading class 0x000001a501910c00 'jdk/internal/reflect/GeneratedSerializationConstructorAccessor30'
Event: 40.729 Thread 0x000001a48cff84b0 Unloading class 0x000001a501910800 'jdk/internal/reflect/GeneratedSerializationConstructorAccessor29'
Event: 40.729 Thread 0x000001a48cff84b0 Unloading class 0x000001a501910400 'jdk/internal/reflect/GeneratedSerializationConstructorAccessor28'
Event: 40.729 Thread 0x000001a48cff84b0 Unloading class 0x000001a501910000 'jdk/internal/reflect/GeneratedSerializationConstructorAccessor27'
Event: 40.729 Thread 0x000001a48cff84b0 Unloading class 0x000001a50188c800 'jdk/internal/reflect/GeneratedSerializationConstructorAccessor26'
Event: 41.176 Thread 0x000001a48cff84b0 Unloading class 0x000001a501928800 'jdk/internal/reflect/GeneratedSerializationConstructorAccessor42'
Event: 41.176 Thread 0x000001a48cff84b0 Unloading class 0x000001a501928400 'jdk/internal/reflect/GeneratedSerializationConstructorAccessor41'

Classes redefined (0 events):
No events

Internal exceptions (20 events):
Event: 5.907 Thread 0x000001a5463bdf90 Exception <a 'java/lang/NoSuchMethodError'{0x00000005ad72fce0}: 'java.lang.Object java.lang.invoke.DirectMethodHandle$Holder.invokeSpecial(java.lang.Object, java.lang.Object, java.lang.Object, java.lang.Object, java.lang.Object, java.lang.Object, java.lang.Object, java.lang.Object, java.lang.Object, java.lang.Object, java.lang.Object, java.lang.Object, java.lang.Object)'> (0x00000005ad72fce0) 
thrown [s\open\src\hotspot\share\interpreter\linkResolver.cpp, line 773]
Event: 5.907 Thread 0x000001a5463bdf90 Exception <a 'java/lang/NoSuchMethodError'{0x00000005ad7341b8}: 'java.lang.Object java.lang.invoke.Invokers$Holder.linkToTargetMethod(java.lang.Object, java.lang.Object, java.lang.Object, java.lang.Object, java.lang.Object, java.lang.Object, java.lang.Object, java.lang.Object, java.lang.Object, java.lang.Object, java.lang.Object, java.lang.Object)'> (0x00000005ad7341b8) 
thrown [s\open\src\hotspot\share\interpreter\linkResolver.cpp, line 773]
Event: 5.947 Thread 0x000001a5463bdf90 Exception <a 'java/lang/IncompatibleClassChangeError'{0x00000005ab109e40}: Found class java.lang.Object, but interface was expected> (0x00000005ab109e40) 
thrown [s\open\src\hotspot\share\interpreter\linkResolver.cpp, line 840]
Event: 5.957 Thread 0x000001a5463bdf90 Exception <a 'java/lang/NoSuchMethodError'{0x00000005ab19b480}: 'java.lang.Object java.lang.invoke.DirectMethodHandle$Holder.newInvokeSpecial(java.lang.Object, java.lang.Object, java.lang.Object, java.lang.Object, java.lang.Object, java.lang.Object, java.lang.Object, int)'> (0x00000005ab19b480) 
thrown [s\open\src\hotspot\share\interpreter\linkResolver.cpp, line 773]
Event: 5.958 Thread 0x000001a5463bdf90 Exception <a 'java/lang/NoSuchMethodError'{0x00000005ab19f9e0}: 'java.lang.Object java.lang.invoke.DirectMethodHandle$Holder.invokeSpecial(java.lang.Object, java.lang.Object, java.lang.Object, java.lang.Object, java.lang.Object, java.lang.Object, java.lang.Object, java.lang.Object, int)'> (0x00000005ab19f9e0) 
thrown [s\open\src\hotspot\share\interpreter\linkResolver.cpp, line 773]
Event: 5.958 Thread 0x000001a5463bdf90 Exception <a 'java/lang/NoSuchMethodError'{0x00000005ab1a39f8}: 'java.lang.Object java.lang.invoke.Invokers$Holder.linkToTargetMethod(java.lang.Object, java.lang.Object, java.lang.Object, java.lang.Object, java.lang.Object, java.lang.Object, int, java.lang.Object)'> (0x00000005ab1a39f8) 
thrown [s\open\src\hotspot\share\interpreter\linkResolver.cpp, line 773]
Event: 6.294 Thread 0x000001a5463bdf90 Exception <a 'java/lang/NoSuchMethodError'{0x000000058b1af400}: 'void java.lang.invoke.Invokers$Holder.invokeExact_MT(java.lang.Object, java.lang.Object, java.lang.Object, java.lang.Object)'> (0x000000058b1af400) 
thrown [s\open\src\hotspot\share\interpreter\linkResolver.cpp, line 773]
Event: 6.318 Thread 0x000001a5463bdf90 Exception <a 'java/lang/NoSuchMethodError'{0x000000058b330490}: 'int java.lang.invoke.DirectMethodHandle$Holder.invokeStaticInit(java.lang.Object, int, java.lang.Object, java.lang.Object, java.lang.Object, java.lang.Object)'> (0x000000058b330490) 
thrown [s\open\src\hotspot\share\interpreter\linkResolver.cpp, line 773]
Event: 6.346 Thread 0x000001a5463bdf90 Exception <a 'java/lang/NoSuchMethodError'{0x000000058b5f8a18}: 'java.lang.Object java.lang.invoke.DirectMethodHandle$Holder.newInvokeSpecial(java.lang.Object, java.lang.Object, java.lang.Object, java.lang.Object, java.lang.Object, java.lang.Object, java.lang.Object, java.lang.Object, java.lang.Object)'> (0x000000058b5f8a18) 
thrown [s\open\src\hotspot\share\interpreter\linkResolver.cpp, line 773]
Event: 6.633 Thread 0x000001a5463bdf90 Exception <a 'java/lang/NoSuchMethodError'{0x0000000589d181b0}: 'java.lang.Object java.lang.invoke.DirectMethodHandle$Holder.newInvokeSpecial(java.lang.Object, java.lang.Object, java.lang.Object, java.lang.Object, java.lang.Object, java.lang.Object, java.lang.Object, java.lang.Object)'> (0x0000000589d181b0) 
thrown [s\open\src\hotspot\share\interpreter\linkResolver.cpp, line 773]
Event: 6.888 Thread 0x000001a5463bdf90 Exception <a 'java/lang/IncompatibleClassChangeError'{0x000000058b739070}: Found class java.lang.Object, but interface was expected> (0x000000058b739070) 
thrown [s\open\src\hotspot\share\interpreter\linkResolver.cpp, line 840]
Event: 6.927 Thread 0x000001a5463bdf90 Exception <a 'java/lang/NoSuchMethodError'{0x000000058a94a128}: 'void java.lang.invoke.DirectMethodHandle$Holder.invokeVirtual(java.lang.Object, java.lang.Object, long)'> (0x000000058a94a128) 
thrown [s\open\src\hotspot\share\interpreter\linkResolver.cpp, line 773]
Event: 6.979 Thread 0x000001a5463bdf90 Exception <a 'java/lang/NoSuchMethodError'{0x000000058ac70f40}: 'int java.lang.invoke.DirectMethodHandle$Holder.invokeStaticInit(java.lang.Object, java.lang.Object, java.lang.Object, java.lang.Object)'> (0x000000058ac70f40) 
thrown [s\open\src\hotspot\share\interpreter\linkResolver.cpp, line 773]
Event: 7.068 Thread 0x000001a5463bdf90 Exception <a 'java/lang/IncompatibleClassChangeError'{0x000000058a2241b0}: Found class java.lang.Object, but interface was expected> (0x000000058a2241b0) 
thrown [s\open\src\hotspot\share\interpreter\linkResolver.cpp, line 840]
Event: 7.093 Thread 0x000001a5463bdf90 Exception <a 'java/lang/NoSuchMethodError'{0x000000058a429e90}: 'java.lang.Object java.lang.invoke.Invokers$Holder.invoke_MT(java.lang.Object, java.lang.Object, java.lang.Object, java.lang.Object, java.lang.Object, java.lang.Object, java.lang.Object, java.lang.Object, java.lang.Object, java.lang.Object, java.lang.Object)'> (0x000000058a429e90) 
thrown [s\open\src\hotspot\share\interpreter\linkResolver.cpp, line 773]
Event: 8.177 Thread 0x000001a5463bdf90 Exception <a 'java/lang/NoSuchMethodError'{0x0000000589a6fcf8}: 'java.lang.Object java.lang.invoke.DirectMethodHandle$Holder.newInvokeSpecial(java.lang.Object, java.lang.Object, int, java.lang.Object, java.lang.Object)'> (0x0000000589a6fcf8) 
thrown [s\open\src\hotspot\share\interpreter\linkResolver.cpp, line 773]
Event: 8.424 Thread 0x000001a5484e2960 Exception <a 'java/lang/NoSuchMethodError'{0x0000000589f4d1c8}: 'java.lang.Object java.lang.invoke.DirectMethodHandle$Holder.invokeInterface(java.lang.Object, java.lang.Object, java.lang.Object, java.lang.Object, java.lang.Object, java.lang.Object, java.lang.Object)'> (0x0000000589f4d1c8) 
thrown [s\open\src\hotspot\share\interpreter\linkResolver.cpp, line 773]
Event: 40.404 Thread 0x000001a5484e50c0 Exception <a 'java/lang/NoSuchMethodError'{0x000000058a5b9a28}: 'java.lang.Object java.lang.invoke.DirectMethodHandle$Holder.invokeSpecial(java.lang.Object, java.lang.Object, java.lang.Object, java.lang.Object, java.lang.Object, long)'> (0x000000058a5b9a28) 
thrown [s\open\src\hotspot\share\interpreter\linkResolver.cpp, line 773]
Event: 40.404 Thread 0x000001a5484e50c0 Exception <a 'java/lang/NoSuchMethodError'{0x000000058a5bd1e8}: 'java.lang.Object java.lang.invoke.Invokers$Holder.linkToTargetMethod(java.lang.Object, java.lang.Object, java.lang.Object, long, java.lang.Object)'> (0x000000058a5bd1e8) 
thrown [s\open\src\hotspot\share\interpreter\linkResolver.cpp, line 773]
Event: 40.439 Thread 0x000001a5484e50c0 Exception <a 'java/lang/NoSuchMethodError'{0x000000058a739f90}: getSession> (0x000000058a739f90) 
thrown [s\open\src\hotspot\share\prims\jni.cpp, line 1077]

ZGC Phase Switch (0 events):
No events

VM Operations (20 events):
Event: 40.739 Executing VM operation: G1PauseCleanup
Event: 40.740 Executing VM operation: G1PauseCleanup done
Event: 41.034 Executing VM operation: HandshakeAllThreads (Deoptimize)
Event: 41.034 Executing VM operation: HandshakeAllThreads (Deoptimize) done
Event: 41.161 Executing VM operation: G1TryInitiateConcMark (CodeCache GC Threshold)
Event: 41.164 Executing VM operation: G1TryInitiateConcMark (CodeCache GC Threshold) done
Event: 41.167 Executing VM operation: HandshakeAllThreads (Deoptimize)
Event: 41.167 Executing VM operation: HandshakeAllThreads (Deoptimize) done
Event: 41.176 Executing VM operation: G1PauseRemark
Event: 41.183 Executing VM operation: G1PauseRemark done
Event: 41.187 Executing VM operation: G1PauseCleanup
Event: 41.187 Executing VM operation: G1PauseCleanup done
Event: 41.189 Executing VM operation: ChangeBreakpoints
Event: 41.191 Executing VM operation: ChangeBreakpoints done
Event: 41.191 Executing VM operation: ChangeBreakpoints
Event: 41.192 Executing VM operation: ChangeBreakpoints done
Event: 41.193 Executing VM operation: get/set locals
Event: 41.193 Executing VM operation: get/set locals done
Event: 41.193 Executing VM operation: get/set locals
Event: 41.193 Executing VM operation: get/set locals done

Events (20 events):
Event: 41.182 Thread 0x000001a48cff84b0 flushing nmethod 0x000001a48a18e390
Event: 41.182 Thread 0x000001a48cff84b0 flushing nmethod 0x000001a48a19e710
Event: 41.182 Thread 0x000001a48cff84b0 flushing nmethod 0x000001a48a19eb90
Event: 41.182 Thread 0x000001a48cff84b0 flushing nmethod 0x000001a48a19ef10
Event: 41.182 Thread 0x000001a48cff84b0 flushing nmethod 0x000001a48a1a0c90
Event: 41.182 Thread 0x000001a48cff84b0 flushing nmethod 0x000001a48a1bfd10
Event: 41.182 Thread 0x000001a48cff84b0 flushing nmethod 0x000001a48a1c0090
Event: 41.182 Thread 0x000001a48cff84b0 flushing nmethod 0x000001a48a1c2090
Event: 41.182 Thread 0x000001a48cff84b0 flushing nmethod 0x000001a48a1c3210
Event: 41.182 Thread 0x000001a48cff84b0 flushing nmethod 0x000001a48a1c4410
Event: 41.182 Thread 0x000001a48cff84b0 flushing nmethod 0x000001a48a1dfc90
Event: 41.182 Thread 0x000001a48cff84b0 flushing nmethod 0x000001a48a1e1290
Event: 41.182 Thread 0x000001a48cff84b0 flushing nmethod 0x000001a48a1e2210
Event: 41.182 Thread 0x000001a48cff84b0 flushing nmethod 0x000001a48a1ea290
Event: 41.182 Thread 0x000001a48cff84b0 flushing nmethod 0x000001a48a1ec610
Event: 41.182 Thread 0x000001a48cff84b0 flushing nmethod 0x000001a48a205010
Event: 41.182 Thread 0x000001a48cff84b0 flushing nmethod 0x000001a48a205810
Event: 41.182 Thread 0x000001a48cff84b0 flushing nmethod 0x000001a48a371b10
Event: 41.182 Thread 0x000001a48cff84b0 flushing nmethod 0x000001a48a6ef090
Event: 41.182 Thread 0x000001a48cff84b0 flushing nmethod 0x000001a48a6ef510


Dynamic libraries:
0x00007ff7ec2c0000 - 0x00007ff7ec2d0000 	C:\Program Files\Java\jdk-21\bin\java.exe
0x000001a4feed0000 - 0x000001a4ff0c8000 	C:\windows\SYSTEM32\ntd1l.dll
0x000001a4fea90000 - 0x000001a4feb52000 	C:\windows\System32\kern3l32.dll
0x00007ffda1bd0000 - 0x00007ffda1dc8000 	C:\windows\SYSTEM32\ntdll.dll
0x00007ffd9fe70000 - 0x00007ffd9ff32000 	C:\windows\System32\KERNEL32.DLL
0x00007ffd9f5e0000 - 0x00007ffd9f8d6000 	C:\windows\System32\KERNELBASE.dll
0x00007ffd9ec10000 - 0x00007ffd9efec000 	C:\Program Files\SentinelOne\Sentinel Agent 25.1.4.434\InProcessClient64.dll
0x00007ffda17f0000 - 0x00007ffda18a1000 	C:\windows\System32\ADVAPI32.dll
0x00007ffd9fda0000 - 0x00007ffd9fe3e000 	C:\windows\System32\msvcrt.dll
0x00007ffda0d70000 - 0x00007ffda0e0f000 	C:\windows\System32\sechost.dll
0x00007ffda0e10000 - 0x00007ffda0f30000 	C:\windows\System32\RPCRT4.dll
0x00007ffd9f300000 - 0x00007ffd9f327000 	C:\windows\System32\bcrypt.dll
0x00007ffd9f4e0000 - 0x00007ffd9f5e0000 	C:\windows\System32\ucrtbase.dll
0x00007ffd99110000 - 0x00007ffd9912b000 	C:\Program Files\Java\jdk-21\bin\VCRUNTIME140.dll
0x00007ffd990f0000 - 0x00007ffd99109000 	C:\Program Files\Java\jdk-21\bin\jli.dll
0x00007ffda19e0000 - 0x00007ffda1b81000 	C:\windows\System32\USER32.dll
0x00007ffd9f8e0000 - 0x00007ffd9f902000 	C:\windows\System32\win32u.dll
0x00007ffda1550000 - 0x00007ffda157b000 	C:\windows\System32\GDI32.dll
0x00007ffd72760000 - 0x00007ffd729fb000 	C:\windows\WinSxS\amd64_microsoft.windows.common-controls_6595b64144ccf1df_6.0.19041.6456_none_60b8a6cb71f64256\COMCTL32.dll
0x00007ffd9f990000 - 0x00007ffd9faa9000 	C:\windows\System32\gdi32full.dll
0x00007ffd9f260000 - 0x00007ffd9f2fd000 	C:\windows\System32\msvcp_win.dll
0x00007ffd9ec00000 - 0x00007ffd9ec0a000 	C:\windows\SYSTEM32\VERSION.dll
0x00007ffd9ebf0000 - 0x00007ffd9ebfb000 	C:\windows\SYSTEM32\FLTLIB.DLL
0x00007ffd9fe40000 - 0x00007ffd9fe6f000 	C:\windows\System32\IMM32.DLL
0x00007ffd99440000 - 0x00007ffd9944c000 	C:\Program Files\Java\jdk-21\bin\vcruntime140_1.dll
0x00007ffd950f0000 - 0x00007ffd9517e000 	C:\Program Files\Java\jdk-21\bin\msvcp140.dll
0x00007ffcd1ea0000 - 0x00007ffcd2bb3000 	C:\Program Files\Java\jdk-21\bin\server\jvm.dll
0x00007ffda1770000 - 0x00007ffda17db000 	C:\windows\System32\WS2_32.dll
0x00007ffd9e3a0000 - 0x00007ffd9e3eb000 	C:\windows\SYSTEM32\POWRPROF.dll
0x00007ffd92030000 - 0x00007ffd92057000 	C:\windows\SYSTEM32\WINMM.dll
0x00007ffd9e260000 - 0x00007ffd9e272000 	C:\windows\SYSTEM32\UMPDC.dll
0x00007ffd9c9c0000 - 0x00007ffd9c9d2000 	C:\windows\SYSTEM32\kernel.appcore.dll
0x00007ffd99200000 - 0x00007ffd9920a000 	C:\Program Files\Java\jdk-21\bin\jimage.dll
0x00007ffd9c210000 - 0x00007ffd9c411000 	C:\windows\SYSTEM32\DBGHELP.DLL
0x00007ffd90160000 - 0x00007ffd90194000 	C:\windows\SYSTEM32\dbgcore.DLL
0x00007ffd9fab0000 - 0x00007ffd9fb32000 	C:\windows\System32\bcryptPrimitives.dll
0x00007ffd990a0000 - 0x00007ffd990af000 	C:\Program Files\Java\jdk-21\bin\instrument.dll
0x00007ffd990d0000 - 0x00007ffd990ef000 	C:\Program Files\Java\jdk-21\bin\java.dll
0x00007ffd95050000 - 0x00007ffd950f0000 	C:\Program Files\SentinelOne\Sentinel Agent 25.1.4.434\SentinelJava64.dll
0x00007ffda18b0000 - 0x00007ffda19db000 	C:\windows\System32\ole32.dll
0x00007ffda0a10000 - 0x00007ffda0d64000 	C:\windows\System32\combase.dll
0x00007ffda0060000 - 0x00007ffda07d0000 	C:\windows\System32\SHELL32.dll
0x00007ffd9cbe0000 - 0x00007ffd9d385000 	C:\windows\SYSTEM32\windows.storage.dll
0x00007ffd9e890000 - 0x00007ffd9e8bb000 	C:\windows\SYSTEM32\Wldp.dll
0x00007ffd9fc50000 - 0x00007ffd9fd1d000 	C:\windows\System32\OLEAUT32.dll
0x00007ffda16c0000 - 0x00007ffda176d000 	C:\windows\System32\SHCORE.dll
0x00007ffd9fbf0000 - 0x00007ffd9fc4b000 	C:\windows\System32\shlwapi.dll
0x00007ffd9f190000 - 0x00007ffd9f1b4000 	C:\windows\SYSTEM32\profapi.dll
0x00007ffd965c0000 - 0x00007ffd965d8000 	C:\Program Files\Java\jdk-21\bin\zip.dll
0x00007ffd96600000 - 0x00007ffd96610000 	C:\Program Files\Java\jdk-21\bin\net.dll
0x00007ffd9de20000 - 0x00007ffd9df2a000 	C:\windows\SYSTEM32\WINHTTP.dll
0x00007ffd8fd60000 - 0x00007ffd8fde4000 	C:\Program Files (x86)\WareValley\Chakra Max Client V2\x86_64\NFDBCTL64.dll
0x00007ffd988a0000 - 0x00007ffd988b4000 	C:\windows\SYSTEM32\WTSAPI32.dll
0x00007ffd9f110000 - 0x00007ffd9f13e000 	C:\windows\SYSTEM32\USERENV.dll
0x00007ffd9f140000 - 0x00007ffd9f172000 	C:\windows\SYSTEM32\SspiCli.dll
0x00007ffd9e5f0000 - 0x00007ffd9e65a000 	C:\windows\system32\mswsock.dll
0x00007ffd8fd40000 - 0x00007ffd8fd57000 	C:\windows\system32\napinsp.dll
0x00007ffd8fd20000 - 0x00007ffd8fd3b000 	C:\windows\system32\pnrpnsp.dll
0x00007ffd8fd00000 - 0x00007ffd8fd1d000 	C:\windows\system32\wshbth.dll
0x00007ffd98a40000 - 0x00007ffd98a5d000 	C:\windows\system32\NLAapi.dll
0x00007ffd9e280000 - 0x00007ffd9e2bb000 	C:\windows\SYSTEM32\IPHLPAPI.DLL
0x00007ffd9e2d0000 - 0x00007ffd9e39a000 	C:\windows\SYSTEM32\DNSAPI.dll
0x00007ffda09a0000 - 0x00007ffda09a8000 	C:\windows\System32\NSI.dll
0x00007ffd8fce0000 - 0x00007ffd8fcf2000 	C:\windows\System32\winrnr.dll
0x00007ffd965e0000 - 0x00007ffd965f6000 	C:\Program Files\Java\jdk-21\bin\nio.dll
0x00007ffd95dd0000 - 0x00007ffd95dda000 	C:\Windows\System32\rasadhlp.dll
0x00007ffd98720000 - 0x00007ffd987a0000 	C:\windows\System32\fwpuclnt.dll
0x00007ffd965b0000 - 0x00007ffd965b9000 	C:\Program Files\Java\jdk-21\bin\extnet.dll
0x00007ffd965a0000 - 0x00007ffd965aa000 	C:\Program Files\Java\jdk-21\bin\management.dll
0x00007ffd95040000 - 0x00007ffd9504b000 	C:\Program Files\Java\jdk-21\bin\management_ext.dll
0x00007ffda17e0000 - 0x00007ffda17e8000 	C:\windows\System32\PSAPI.DLL
0x00007ffd9e7e0000 - 0x00007ffd9e7f8000 	C:\windows\SYSTEM32\CRYPTSP.dll
0x00007ffd9dd90000 - 0x00007ffd9ddc8000 	C:\windows\system32\rsaenh.dll
0x00007ffd9e800000 - 0x00007ffd9e80c000 	C:\windows\SYSTEM32\CRYPTBASE.dll
0x00007ffd5aac0000 - 0x00007ffd5ab11000 	C:\windows\SYSTEM32\pdh.dll
0x00007ffd5a820000 - 0x00007ffd5a82f000 	C:\windows\System32\perfproc.dll
0x00007ffd5ddf0000 - 0x00007ffd5ddff000 	C:\windows\System32\perfos.dll
0x00007ffd95030000 - 0x00007ffd9503e000 	C:\Program Files\Java\jdk-21\bin\sunmscapi.dll
0x00007ffd9f330000 - 0x00007ffd9f48d000 	C:\windows\System32\CRYPT32.dll
0x00007ffd9e900000 - 0x00007ffd9e927000 	C:\windows\SYSTEM32\ncrypt.dll
0x00007ffd9e8c0000 - 0x00007ffd9e8fb000 	C:\windows\SYSTEM32\NTASN1.dll
0x00007ffd94ff0000 - 0x00007ffd95000000 	C:\Program Files\Java\jdk-21\bin\verify.dll
0x00007ffd67080000 - 0x00007ffd67087000 	C:\windows\system32\wshunix.dll

dbghelp: loaded successfully - version: 4.0.5 - missing functions: none
symbol engine: initialized successfully - sym options: 0x614 - pdb path: .;C:\Program Files\Java\jdk-21\bin;C:\windows\SYSTEM32;C:\Program Files\SentinelOne\Sentinel Agent 25.1.4.434;C:\windows\WinSxS\amd64_microsoft.windows.common-controls_6595b64144ccf1df_6.0.19041.6456_none_60b8a6cb71f64256;C:\Program Files\Java\jdk-21\bin\server;C:\Program Files (x86)\WareValley\Chakra Max Client V2\x86_64

VM Arguments:
jvm_args: -XX:TieredStopAtLevel=1 -Dspring.output.ansi.enabled=always -Dcom.sun.management.jmxremote -Dspring.jmx.enabled=true -Dspring.liveBeansView.mbeanDomain -Dspring.application.admin.enabled=true -Dmanagement.endpoints.jmx.exposure.include=* -javaagent:C:\Program Files\JetBrains\IntelliJ IDEA 2024.3.7\lib\idea_rt.jar=5052 -Dfile.encoding=UTF-8 -Dsun.stdout.encoding=UTF-8 -Dsun.stderr.encoding=UTF-8 -agentpath:C:\Program Files\SentinelOne\Sentinel Agent 25.1.4.434\SentinelJava64.dll=extendedCapabilities 
java_command: com.kyhslam.BootJspApplication
java_class_path (initial): C:\Dev-Work\vaultWeb\hh_bootjsp\target\classes;C:\Users\user\.m2\repository\org\springframework\boot\spring-boot-starter-jdbc\3.4.1\spring-boot-starter-jdbc-3.4.1.jar;C:\Users\user\.m2\repository\org\springframework\boot\spring-boot-starter\3.4.1\spring-boot-starter-3.4.1.jar;C:\Users\user\.m2\repository\org\springframework\boot\spring-boot-starter-logging\3.4.1\spring-boot-starter-logging-3.4.1.jar;C:\Users\user\.m2\repository\ch\qos\logback\logback-classic\1.5.12\logback-classic-1.5.12.jar;C:\Users\user\.m2\repository\ch\qos\logback\logback-core\1.5.12\logback-core-1.5.12.jar;C:\Users\user\.m2\repository\org\apache\logging\log4j\log4j-to-slf4j\2.24.3\log4j-to-slf4j-2.24.3.jar;C:\Users\user\.m2\repository\org\apache\logging\log4j\log4j-api\2.24.3\log4j-api-2.24.3.jar;C:\Users\user\.m2\repository\org\slf4j\jul-to-slf4j\2.0.16\jul-to-slf4j-2.0.16.jar;C:\Users\user\.m2\repository\jakarta\annotation\jakarta.annotation-api\2.1.1\jakarta.annotation-api-2.1.1.jar;C:\Users\user\.m2\repository\org\yaml\snakeyaml\2.3\snakeyaml-2.3.jar;C:\Users\user\.m2\repository\com\zaxxer\HikariCP\5.1.0\HikariCP-5.1.0.jar;C:\Users\user\.m2\repository\org\springframework\spring-jdbc\6.2.1\spring-jdbc-6.2.1.jar;C:\Users\user\.m2\repository\org\springframework\spring-beans\6.2.1\spring-beans-6.2.1.jar;C:\Users\user\.m2\repository\org\springframework\spring-tx\6.2.1\spring-tx-6.2.1.jar;C:\Users\user\.m2\repository\org\mybatis\spring\boot\mybatis-spring-boot-starter\3.0.3\mybatis-spring-boot-starter-3.0.3.jar;C:\Users\user\.m2\repository\org\mybatis\spring\boot\mybatis-spring-boot-autoconfigure\3.0.3\mybatis-spring-boot-autoconfigure-3.0.3.jar;C:\Users\user\.m2\repository\org\mybatis\mybatis\3.5.14\mybatis-3.5.14.jar;C:\Users\user\.m2\repository\org\mybatis\mybatis-spring\3.0.3\mybatis-spring-3.0.3.jar;C:\Users\user\.m2\repository\org\springframework\boot\spring-boot-starter-data-jpa\3.4.1\spring-boot-starter-data-jpa-3.4.1.jar;C:\Users\user\.m2\repository\org\hibernate\orm\hibernate-core\6.6.4.Final\hibernate-core-6.6.4.Final.jar;C:\Users\user\.m2\repository\jakarta\persistence\jakarta.persistence-api\3.1.0\jakarta.persistence-api-3.1.0.jar;C:\Users\user\.m2\repository\jakarta\transaction\jakarta.transaction-api\2.0.1\jakarta.transaction-api-2.0.1.jar;C:\Users\user\.m2\repository\org\jboss\logging\jboss-logging\3.6.1.Final\jboss-logging-3.6.1.Final.jar;C:\Users\user\.m2\repository\org\hibernate\common\hibernate-commons-annotations\7.0.3.Final\hibernate-commons-annotations-7.0.3.Final.jar;C:\Users\user\.m2\repository\io\smallrye\jandex\3.2.0\jandex-3.2.0.jar;C:\Users\user\.m2\repository\com\fasterxml\classmate\1.7.0\classmate-1.7.0.jar;C:\Users\user\.m2\repository\net\bytebuddy\byte-buddy\1.15.11\byte-buddy-1.15.11.jar;C:\Users\user\.m2\repository\org\glassfish\jaxb\jaxb-runtime\4.0.5\jaxb-runtime-4.0.5.jar;C:\Users\user\.m2\repository\org\glassfish\jaxb\jaxb-core\4.0.5\jaxb-core-4.0.5.jar;C:\Users\user\.m2\repository\org\eclipse\angus\angus-activation\2.0.2\angus-activation-2.0.2.jar;C:\Users\user\.m2\repository\org\glassfish\jaxb\txw2\4.0.5\txw2-4.0.5.jar;C:\Users\user\.m2\repository\com\sun\istack\istack-commons-runtime\4.1.2\istack-commons-runtime-4.1.2.jar;C:\Users\user\.m2\repository\jakarta\inject\jakarta.inject-api\2.0.1\jakarta.inject-api-2.0.1.jar;C:\Users\user\.m2\repository\org\antlr\antlr4-runtime\4.13.0\antlr4-runtime-4.13.0.jar;C:\Users\user\.m2\repository\org\springframework\data\spring-data-jpa\3.4.1\spring-data-jpa-3.4.1.jar;C:\Users\user\.m2\repository\org\springframework\data\spring-data-commons\3.4.1\spring-data-commons-3.4.1.jar;C:\Users\user\.m2\repository\org\springframework\spring-orm\6.2.1\spring-orm-6.2.1.jar;C:\Users\user\.m2\repository\org\springframework\spring-context\6.2.1\spring-context-6.2.1.jar;C:\Users\user\.m2\repository\org\springframework\spring-aop\6.2.1\spring-aop-6.2.1.jar;C:\Users\user\.m2\repository\org\springframework\spring-aspects\6.2.1\spring-aspects-6.2.1.jar;C:\Users\user\.m2\repository\org\aspectj\aspectjweaver\1.9.22.1\aspectjweaver-1.9.22.1.jar;C:\Users\user\.m2\repository\org\springframework\boot\spring-boot-starter-web\3.4.1\spring-boot-starter-web-3.4.1.jar;C:\Users\user\.m2\repository\org\springframework\boot\spring-boot-starter-json\3.4.1\spring-boot-starter-json-3.4.1.jar;C:\Users\user\.m2\repository\com\fasterxml\jackson\core\jackson-databind\2.18.2\jackson-databind-2.18.2.jar;C:\Users\user\.m2\repository\com\fasterxml\jackson\core\jackson-annotations\2.18.2\jackson-annotations-2.18.2.jar;C:\Users\user\.m2\repository\com\fasterxml\jackson\core\jackson-core\2.18.2\jackson-core-2.18.2.jar;C:\Users\user\.m2\repository\com\fasterxml\jackson\datatype\jackson-datatype-jdk8\2.18.2\jackson-datatype-jdk8-2.18.2.jar;C:\Users\user\.m2\repository\com\fasterxml\jackson\datatype\jackson-datatype-jsr310\2.18.2\jackson-datatype-jsr310-2.18.2.jar;C:\Users\user\.m2\repository\com\fasterxml\jackson\module\jackson-module-parameter-names\2.18.2\jackson-module-parameter-names-2.18.2.jar;C:\Users\user\.m2\repository\org\springframework\boot\spring-boot-starter-tomcat\3.4.1\spring-boot-starter-tomcat-3.4.1.jar;C:\Users\user\.m2\repository\org\apache\tomcat\embed\tomcat-embed-websocket\10.1.34\tomcat-embed-websocket-10.1.34.jar;C:\Users\user\.m2\repository\org\springframework\spring-web\6.2.1\spring-web-6.2.1.jar;C:\Users\user\.m2\repository\io\micrometer\micrometer-observation\1.14.2\micrometer-observation-1.14.2.jar;C:\Users\user\.m2\repository\io\micrometer\micrometer-commons\1.14.2\micrometer-commons-1.14.2.jar;C:\Users\user\.m2\repository\org\springframework\spring-webmvc\6.2.1\spring-webmvc-6.2.1.jar;C:\Users\user\.m2\repository\org\springframework\spring-expression\6.2.1\spring-expression-6.2.1.jar;C:\Users\user\.m2\repository\com\microsoft\sqlserver\mssql-jdbc\12.8.1.jre11\mssql-jdbc-12.8.1.jre11.jar;C:\Users\user\.m2\repository\com\oracle\database\jdbc\ojdbc11\23.5.0.24.07\ojdbc11-23.5.0.24.07.jar;C:\Users\user\.m2\repository\org\projectlombok\lombok\1.18.30\lombok-1.18.30.jar;C:\Users\user\.m2\repository\jakarta\xml\bind\jakarta.xml.bind-api\4.0.2\jakarta.xml.bind-api-4.0.2.jar;C:\Users\user\.m2\repository\jakarta\activation\jakarta.activation-api\2.1.3\jakarta.activation-api-2.1.3.jar;C:\Users\user\.m2\repository\org\springframework\spring-core\6.2.1\spring-core-6.2.1.jar;C:\Users\user\.m2\repository\org\springframework\spring-jcl\6.2.1\spring-jcl-6.2.1.jar;C:\Users\user\.m2\repository\com\sun\mail\jakarta.mail\2.0.1\jakarta.mail-2.0.1.jar;C:\Users\user\.m2\repository\com\sun\activation\jakarta.activation\2.0.1\jakarta.activation-2.0.1.jar;C:\Users\user\.m2\repository\org\apache\tomcat\embed\tomcat-embed-jasper\10.1.34\tomcat-embed-jasper-10.1.34.jar;C:\Users\user\.m2\repository\org\apache\tomcat\embed\tomcat-embed-core\10.1.34\tomcat-embed-core-10.1.34.jar;C:\Users\user\.m2\repository\org\apache\tomcat\tomcat-annotations-api\10.1.34\tomcat-annotations-api-10.1.34.jar;C:\Users\user\.m2\repository\org\apache\tomcat\embed\tomcat-embed-el\10.1.34\tomcat-embed-el-10.1.34.jar;C:\Users\user\.m2\repository\org\eclipse\jdt\ecj\3.33.0\ecj-3.33.0.jar;C:\Users\user\.m2\repository\org\apache\poi\poi\4.1.2\poi-4.1.2.jar;C:\Users\user\.m2\repository\commons-codec\commons-codec\1.17.1\commons-codec-1.17.1.jar;C:\Users\user\.m2\repository\org\apache\commons\commons-collections4\4.4\commons-collections4-4.4.jar;C:\Users\user\.m2\repository\org\apache\commons\commons-math3\3.6.1\commons-math3-3.6.1.jar;C:\Users\user\.m2\repository\com\zaxxer\SparseBitSet\1.2\SparseBitSet-1.2.jar;C:\Users\user\.m2\repository\org\apache\poi\poi-ooxml\4.1.2\poi-ooxml-4.1.2.jar;C:\Users\user\.m2\repository\org\apache\poi\poi-ooxml-schemas\4.1.2\poi-ooxml-schemas-4.1.2.jar;C:\Users\user\.m2\repository\org\apache\xmlbeans\xmlbeans\3.1.0\xmlbeans-3.1.0.jar;C:\Users\user\.m2\repository\org\apache\commons\commons-compress\1.19\commons-compress-1.19.jar;C:\Users\user\.m2\repository\com\github\virtuald\curvesapi\1.06\curvesapi-1.06.jar;C:\Users\user\.m2\repository\org\apache\tika\tika-core\2.3.0\tika-core-2.3.0.jar;C:\Users\user\.m2\repository\org\slf4j\slf4j-api\2.0.16\slf4j-api-2.0.16.jar;C:\Users\user\.m2\repository\commons-io\commons-io\2.11.0\commons-io-2.11.0.jar;C:\Users\user\.m2\repository\org\json\json\20210307\json-20210307.jar;C:\Users\user\.m2\repository\org\springframework\boot\spring-boot-starter-thymeleaf\3.4.1\spring-boot-starter-thymeleaf-3.4.1.jar;C:\Users\user\.m2\repository\org\thymeleaf\thymeleaf-spring6\3.1.3.RELEASE\thymeleaf-spring6-3.1.3.RELEASE.jar;C:\Users\user\.m2\repository\org\thymeleaf\thymeleaf\3.1.3.RELEASE\thymeleaf-3.1.3.RELEASE.jar;C:\Users\user\.m2\repository\org\attoparser\attoparser\2.0.7.RELEASE\attoparser-2.0.7.RELEASE.jar;C:\Users\user\.m2\repository\org\unbescape\unbescape\1.1.6.RELEASE\unbescape-1.1.6.RELEASE.jar;C:\Users\user\.m2\repository\org\springframework\boot\spring-boot-devtools\3.4.1\spring-boot-devtools-3.4.1.jar;C:\Users\user\.m2\repository\org\springframework\boot\spring-boot\3.4.1\spring-boot-3.4.1.jar;C:\Users\user\.m2\repository\org\springframework\boot\spring-boot-autoconfigure\3.4.1\spring-boot-autoconfigure-3.4.1.jar
Launcher Type: SUN_STANDARD

[Global flags]
     intx CICompilerCount                          = 12                                        {product} {ergonomic}
     uint ConcGCThreads                            = 4                                         {product} {ergonomic}
     uint G1ConcRefinementThreads                  = 15                                        {product} {ergonomic}
   size_t G1HeapRegionSize                         = 8388608                                   {product} {ergonomic}
    uintx GCDrainStackTargetSize                   = 64                                        {product} {ergonomic}
   size_t InitialHeapSize                          = 671088640                                 {product} {ergonomic}
     bool ManagementServer                         = true                                      {product} {command line}
   size_t MarkStackSize                            = 4194304                                   {product} {ergonomic}
   size_t MaxHeapSize                              = 10645143552                               {product} {ergonomic}
   size_t MaxNewSize                               = 6383730688                                {product} {ergonomic}
   size_t MinHeapDeltaBytes                        = 8388608                                   {product} {ergonomic}
   size_t MinHeapSize                              = 8388608                                   {product} {ergonomic}
    uintx NonNMethodCodeHeapSize                   = 4096                                   {pd product} {ergonomic}
    uintx NonProfiledCodeHeapSize                  = 0                                      {pd product} {ergonomic}
     bool ProfileInterpreter                       = false                                  {pd product} {command line}
    uintx ProfiledCodeHeapSize                     = 0                                      {pd product} {ergonomic}
   size_t SoftMaxHeapSize                          = 10645143552                            {manageable} {ergonomic}
     intx TieredStopAtLevel                        = 1                                         {product} {command line}
     bool UseCompressedOops                        = true                           {product lp64_product} {ergonomic}
     bool UseG1GC                                  = true                                      {product} {ergonomic}
     bool UseLargePagesIndividualAllocation        = false                                  {pd product} {ergonomic}

Logging:
Log output configuration:
 #0: stdout all=warning uptime,level,tags foldmultilines=false
 #1: stderr all=off uptime,level,tags foldmultilines=false

Environment Variables:
JAVA_HOME=C:\Program Files\Java\jdk1.8.0_202
PATH=C:\Program Files\Java\jdk1.8.0_202\bin;C:\Program Files\Common Files\Oracle\Java\javapath;C:\PLM_Workspace\apache-maven-3.8.1\bin\;C:\windows\Softcamp\SDK;C:\windows\Softcamp\SDS\x64;C:\windows\Softcamp\SDS;.;C:\Program Files (x86)\WareValley\Chakra Max Client V2\;C:\Program Files (x86)\Common Files\Oracle\Java\javapath;C:\windows\system32;C:\windows;C:\windows\System32\Wbem;C:\windows\System32\WindowsPowerShell\v1.0\;C:\windows\System32\OpenSSH\;C:\Program Files (x86)\NVIDIA Corporation\PhysX\Common;C:\Program Files\Bandizip\;c:\windows\softcamp\vsd;c:\windows\softcamp\vsd\x64;c:\windows\softcamp\vsd\swork3;C:\Program Files\Git\cmd;C:\Program Files\dotnet\;C:\Program Files (x86)\Windows Kits\10\Windows Performance Toolkit\;C:\Program Files\Microsoft SQL Server\170\Tools\Binn\;C:\Program Files\Microsoft SQL Server\Client SDK\ODBC\170\Tools\Binn\;C:\Program Files\nodejs\;C:\Program Files\cursor\resources\app\bin;C:\Users\user\.local\bin;C:\Users\user\AppData\Local\Programs\Python\Launcher\;C:\Users\user\AppData\Local\Microsoft\WindowsApps;C:\Users\user\AppData\Roaming\npm;C:\Users\user\AppData\Local\Programs\Microsoft VS Code\bin;C:\Users\user\.dotnet\tools;C:\Users\user\AppData\Local\Programs\cursor\resources\app\bin
USERNAME=helco2035570
OS=Windows_NT
PROCESSOR_IDENTIFIER=Intel64 Family 6 Model 186 Stepping 2, GenuineIntel
TMP=C:\Users\user\AppData\Local\Temp
TEMP=C:\Users\user\AppData\Local\Temp




Periodic native trim disabled

---------------  S Y S T E M  ---------------

OS:
 Windows 10 , 64 bit Build 19041 (10.0.19041.5915)
OS uptime: 0 days 0:18 hours

CPU: total 20 (initial active 20) (10 cores per cpu, 2 threads per core) family 6 model 186 stepping 2 microcode 0x4119, cx8, cmov, fxsr, ht, mmx, 3dnowpref, sse, sse2, sse3, ssse3, sse4.1, sse4.2, popcnt, lzcnt, tsc, tscinvbit, avx, avx2, aes, erms, clmul, bmi1, bmi2, adx, sha, fma, vzeroupper, clflush, clflushopt, clwb, serialize, rdtscp, rdpid, fsrm, f16c, pku, cet_ibt, cet_ss
Processor Information for processor 0
  Max Mhz: 2400, Current Mhz: 2400, Mhz Limit: 1800
Processor Information for processor 1
  Max Mhz: 2400, Current Mhz: 2400, Mhz Limit: 2400
Processor Information for processor 2
  Max Mhz: 2400, Current Mhz: 2400, Mhz Limit: 2400
Processor Information for processor 3
  Max Mhz: 2400, Current Mhz: 2400, Mhz Limit: 2400
Processor Information for processor 4
  Max Mhz: 2400, Current Mhz: 2400, Mhz Limit: 2400
Processor Information for processor 5
  Max Mhz: 2400, Current Mhz: 2400, Mhz Limit: 2400
Processor Information for processor 6
  Max Mhz: 2400, Current Mhz: 2400, Mhz Limit: 2400
Processor Information for processor 7
  Max Mhz: 2400, Current Mhz: 2400, Mhz Limit: 2400
Processor Information for processor 8
  Max Mhz: 2400, Current Mhz: 2400, Mhz Limit: 2400
Processor Information for processor 9
  Max Mhz: 2400, Current Mhz: 2400, Mhz Limit: 2400
Processor Information for processor 10
  Max Mhz: 2400, Current Mhz: 2400, Mhz Limit: 2400
Processor Information for processor 11
  Max Mhz: 2400, Current Mhz: 2400, Mhz Limit: 2400
Processor Information for processor 12
  Max Mhz: 2400, Current Mhz: 1800, Mhz Limit: 1800
Processor Information for processor 13
  Max Mhz: 2400, Current Mhz: 1800, Mhz Limit: 1800
Processor Information for processor 14
  Max Mhz: 2400, Current Mhz: 1800, Mhz Limit: 1800
Processor Information for processor 15
  Max Mhz: 2400, Current Mhz: 1800, Mhz Limit: 1800
Processor Information for processor 16
  Max Mhz: 2400, Current Mhz: 1800, Mhz Limit: 1800
Processor Information for processor 17
  Max Mhz: 2400, Current Mhz: 1800, Mhz Limit: 1800
Processor Information for processor 18
  Max Mhz: 2400, Current Mhz: 1800, Mhz Limit: 1800
Processor Information for processor 19
  Max Mhz: 2400, Current Mhz: 1800, Mhz Limit: 1800

Memory: 4k page, system-wide physical 40600M (20797M free)
TotalPageFile size 46488M (AvailPageFile size 23657M)
current process WorkingSet (physical memory assigned to process): 318M, peak: 318M
current process commit charge ("private bytes"): 371M, peak: 791M

vm_info: Java HotSpot(TM) 64-Bit Server VM (21.0.4+8-LTS-274) for windows-amd64 JRE (21.0.4+8-LTS-274), built on 2024-06-05T05:23:33Z by "mach5one" with MS VC++ 17.6 (VS2022)

END.
