#
# A fatal error has been detected by the Java Runtime Environment:
#
#  EXCEPTION_ACCESS_VIOLATION (0xc0000005) at pc=0x00007ff9c44822d1, pid=5020, tid=31660
#
# JRE version: Java(TM) SE Runtime Environment (21.0.4+8) (build 21.0.4+8-LTS-274)
# Java VM: Java HotSpot(TM) 64-Bit Server VM (21.0.4+8-LTS-274, mixed mode, emulated-client, sharing, tiered, compressed oops, compressed class ptrs, g1 gc, windows-amd64)
# Problematic frame:
# V  [jvm.dll+0x5d22d1]
#
# No core dump will be written. Minidumps are not enabled by default on client versions of Windows
#
# If you would like to submit a bug report, please visit:
#   https://bugreport.java.com/bugreport/crash.jsp
#

---------------  S U M M A R Y ------------

Command Line: -XX:TieredStopAtLevel=1 -Dspring.output.ansi.enabled=always -Dcom.sun.management.jmxremote -Dspring.jmx.enabled=true -Dspring.liveBeansView.mbeanDomain -Dspring.application.admin.enabled=true -Dmanagement.endpoints.jmx.exposure.include=* -javaagent:C:\Program Files\JetBrains\IntelliJ IDEA 2024.3.7\lib\idea_rt.jar=8122 -Dfile.encoding=UTF-8 -Dsun.stdout.encoding=UTF-8 -Dsun.stderr.encoding=UTF-8 -agentpath:C:\Program Files\SentinelOne\Sentinel Agent 25.1.4.434\SentinelJava64.dll=extendedCapabilities com.kyhslam.BootJspApplication

Host: 13th Gen Intel(R) Core(TM) i7-13700H, 20 cores, 39G,  Windows 10 , 64 bit Build 19041 (10.0.19041.5915)
Time: Sun Apr 19 09:45:58 2026  Windows 10 , 64 bit Build 19041 (10.0.19041.5915) elapsed time: 90.457993 seconds (0d 0h 1m 30s)

---------------  T H R E A D  ---------------

Current thread (0x000001acc8273de0):  JavaThread "http-nio-8070-exec-1" daemon [_thread_in_vm, id=31660, stack(0x0000000b74500000,0x0000000b74600000) (1024K)]

Stack: [0x0000000b74500000,0x0000000b74600000],  sp=0x0000000b745fbd70,  free space=1007k
Native frames: (J=compiled Java code, j=interpreted, Vv=VM code, C=native code)
V  [jvm.dll+0x5d22d1]
V  [jvm.dll+0x3d5705]
V  [jvm.dll+0x3d4d7d]
C  0x000001ac083c9520

The last pc belongs to invokevirtual (printed below).
Java frames: (J=compiled Java code, j=interpreted, Vv=VM code)
j  jakarta.servlet.http.HttpServletRequestWrapper.upgrade(Ljava/lang/Class;)Ljakarta/servlet/http/HttpUpgradeHandler;+1
v  ~StubRoutines::call_stub 0x000001ac083b100d
j  org.apache.jasper.runtime.HttpJspBase.service(Ljakarta/servlet/http/HttpServletRequest;Ljakarta/servlet/http/HttpServletResponse;)V+0
j  jakarta.servlet.http.HttpServlet.service(Ljakarta/servlet/ServletRequest;Ljakarta/servlet/ServletResponse;)V+37
j  org.apache.jasper.servlet.JspServletWrapper.service(Ljakarta/servlet/http/HttpServletRequest;Ljakarta/servlet/http/HttpServletResponse;Z)V+372
j  org.apache.jasper.servlet.JspServlet.serviceJspFile(Ljakarta/servlet/http/HttpServletRequest;Ljakarta/servlet/http/HttpServletResponse;Ljava/lang/String;Z)V+112
j  org.apache.jasper.servlet.JspServlet.service(Ljakarta/servlet/http/HttpServletRequest;Ljakarta/servlet/http/HttpServletResponse;)V+230
j  jakarta.servlet.http.HttpServlet.service(Ljakarta/servlet/ServletRequest;Ljakarta/servlet/ServletResponse;)V+37
j  org.apache.catalina.core.ApplicationFilterChain.internalDoFilter(Ljakarta/servlet/ServletRequest;Ljakarta/servlet/ServletResponse;)V+300
j  org.apache.catalina.core.ApplicationFilterChain.doFilter(Ljakarta/servlet/ServletRequest;Ljakarta/servlet/ServletResponse;)V+99
j  org.apache.tomcat.websocket.server.WsFilter.doFilter(Ljakarta/servlet/ServletRequest;Ljakarta/servlet/ServletResponse;Ljakarta/servlet/FilterChain;)V+21
j  org.apache.catalina.core.ApplicationFilterChain.internalDoFilter(Ljakarta/servlet/ServletRequest;Ljakarta/servlet/ServletResponse;)V+130
j  org.apache.catalina.core.ApplicationFilterChain.doFilter(Ljakarta/servlet/ServletRequest;Ljakarta/servlet/ServletResponse;)V+99
j  org.springframework.web.filter.OncePerRequestFilter.doFilter(Ljakarta/servlet/ServletRequest;Ljakarta/servlet/ServletResponse;Ljakarta/servlet/FilterChain;)V+125
j  org.apache.catalina.core.ApplicationFilterChain.internalDoFilter(Ljakarta/servlet/ServletRequest;Ljakarta/servlet/ServletResponse;)V+130
j  org.apache.catalina.core.ApplicationFilterChain.doFilter(Ljakarta/servlet/ServletRequest;Ljakarta/servlet/ServletResponse;)V+99
j  org.springframework.web.filter.OncePerRequestFilter.doFilter(Ljakarta/servlet/ServletRequest;Ljakarta/servlet/ServletResponse;Ljakarta/servlet/FilterChain;)V+125
j  org.apache.catalina.core.ApplicationFilterChain.internalDoFilter(Ljakarta/servlet/ServletRequest;Ljakarta/servlet/ServletResponse;)V+130
j  org.apache.catalina.core.ApplicationFilterChain.doFilter(Ljakarta/servlet/ServletRequest;Ljakarta/servlet/ServletResponse;)V+99
j  org.springframework.web.filter.OncePerRequestFilter.doFilter(Ljakarta/servlet/ServletRequest;Ljakarta/servlet/ServletResponse;Ljakarta/servlet/FilterChain;)V+125
j  org.apache.catalina.core.ApplicationFilterChain.internalDoFilter(Ljakarta/servlet/ServletRequest;Ljakarta/servlet/ServletResponse;)V+130
j  org.apache.catalina.core.ApplicationFilterChain.doFilter(Ljakarta/servlet/ServletRequest;Ljakarta/servlet/ServletResponse;)V+99
j  org.apache.catalina.core.ApplicationDispatcher.invoke(Ljakarta/servlet/ServletRequest;Ljakarta/servlet/ServletResponse;Lorg/apache/catalina/core/ApplicationDispatcher$State;)V+347
j  org.apache.catalina.core.ApplicationDispatcher.processRequest(Ljakarta/servlet/ServletRequest;Ljakarta/servlet/ServletResponse;Lorg/apache/catalina/core/ApplicationDispatcher$State;)V+101
j  org.apache.catalina.core.ApplicationDispatcher.doForward(Ljakarta/servlet/ServletRequest;Ljakarta/servlet/ServletResponse;)V+363
j  org.apache.catalina.core.ApplicationDispatcher.forward(Ljakarta/servlet/ServletRequest;Ljakarta/servlet/ServletResponse;)V+55
j  org.springframework.web.servlet.view.InternalResourceView.renderMergedOutputModel(Ljava/util/Map;Ljakarta/servlet/http/HttpServletRequest;Ljakarta/servlet/http/HttpServletResponse;)V+145
j  org.springframework.web.servlet.view.AbstractView.render(Ljava/util/Map;Ljakarta/servlet/http/HttpServletRequest;Ljakarta/servlet/http/HttpServletResponse;)V+91
j  org.springframework.web.servlet.DispatcherServlet.render(Lorg/springframework/web/servlet/ModelAndView;Ljakarta/servlet/http/HttpServletRequest;Ljakarta/servlet/http/HttpServletResponse;)V+218
j  org.springframework.web.servlet.DispatcherServlet.processDispatchResult(Ljakarta/servlet/http/HttpServletRequest;Ljakarta/servlet/http/HttpServletResponse;Lorg/springframework/web/servlet/HandlerExecutionChain;Lorg/springframework/web/servlet/ModelAndView;Ljava/lang/Exception;)V+103
j  org.springframework.web.servlet.DispatcherServlet.doDispatch(Ljakarta/servlet/http/HttpServletRequest;Ljakarta/servlet/http/HttpServletResponse;)V+425
j  org.springframework.web.servlet.DispatcherServlet.doService(Ljakarta/servlet/http/HttpServletRequest;Ljakarta/servlet/http/HttpServletResponse;)V+242
j  org.springframework.web.servlet.FrameworkServlet.processRequest(Ljakarta/servlet/http/HttpServletRequest;Ljakarta/servlet/http/HttpServletResponse;)V+70
j  org.springframework.web.servlet.FrameworkServlet.doGet(Ljakarta/servlet/http/HttpServletRequest;Ljakarta/servlet/http/HttpServletResponse;)V+3
j  jakarta.servlet.http.HttpServlet.service(Ljakarta/servlet/http/HttpServletRequest;Ljakarta/servlet/http/HttpServletResponse;)V+35
j  org.springframework.web.servlet.FrameworkServlet.service(Ljakarta/servlet/http/HttpServletRequest;Ljakarta/servlet/http/HttpServletResponse;)V+20
j  jakarta.servlet.http.HttpServlet.service(Ljakarta/servlet/ServletRequest;Ljakarta/servlet/ServletResponse;)V+37
j  org.apache.catalina.core.ApplicationFilterChain.internalDoFilter(Ljakarta/servlet/ServletRequest;Ljakarta/servlet/ServletResponse;)V+300
j  org.apache.catalina.core.ApplicationFilterChain.doFilter(Ljakarta/servlet/ServletRequest;Ljakarta/servlet/ServletResponse;)V+99
j  org.apache.tomcat.websocket.server.WsFilter.doFilter(Ljakarta/servlet/ServletRequest;Ljakarta/servlet/ServletResponse;Ljakarta/servlet/FilterChain;)V+21
j  org.apache.catalina.core.ApplicationFilterChain.internalDoFilter(Ljakarta/servlet/ServletRequest;Ljakarta/servlet/ServletResponse;)V+130
j  org.apache.catalina.core.ApplicationFilterChain.doFilter(Ljakarta/servlet/ServletRequest;Ljakarta/servlet/ServletResponse;)V+99
j  org.springframework.web.filter.RequestContextFilter.doFilterInternal(Ljakarta/servlet/http/HttpServletRequest;Ljakarta/servlet/http/HttpServletResponse;Ljakarta/servlet/FilterChain;)V+21
j  org.springframework.web.filter.OncePerRequestFilter.doFilter(Ljakarta/servlet/ServletRequest;Ljakarta/servlet/ServletResponse;Ljakarta/servlet/FilterChain;)V+150
j  org.apache.catalina.core.ApplicationFilterChain.internalDoFilter(Ljakarta/servlet/ServletRequest;Ljakarta/servlet/ServletResponse;)V+130
j  org.apache.catalina.core.ApplicationFilterChain.doFilter(Ljakarta/servlet/ServletRequest;Ljakarta/servlet/ServletResponse;)V+99
j  org.springframework.web.filter.FormContentFilter.doFilterInternal(Ljakarta/servlet/http/HttpServletRequest;Ljakarta/servlet/http/HttpServletResponse;Ljakarta/servlet/FilterChain;)V+38
j  org.springframework.web.filter.OncePerRequestFilter.doFilter(Ljakarta/servlet/ServletRequest;Ljakarta/servlet/ServletResponse;Ljakarta/servlet/FilterChain;)V+150
j  org.apache.catalina.core.ApplicationFilterChain.internalDoFilter(Ljakarta/servlet/ServletRequest;Ljakarta/servlet/ServletResponse;)V+130
j  org.apache.catalina.core.ApplicationFilterChain.doFilter(Ljakarta/servlet/ServletRequest;Ljakarta/servlet/ServletResponse;)V+99
j  org.springframework.web.filter.CharacterEncodingFilter.doFilterInternal(Ljakarta/servlet/http/HttpServletRequest;Ljakarta/servlet/http/HttpServletResponse;Ljakarta/servlet/FilterChain;)V+53
j  org.springframework.web.filter.OncePerRequestFilter.doFilter(Ljakarta/servlet/ServletRequest;Ljakarta/servlet/ServletResponse;Ljakarta/servlet/FilterChain;)V+150
j  org.apache.catalina.core.ApplicationFilterChain.internalDoFilter(Ljakarta/servlet/ServletRequest;Ljakarta/servlet/ServletResponse;)V+130
j  org.apache.catalina.core.ApplicationFilterChain.doFilter(Ljakarta/servlet/ServletRequest;Ljakarta/servlet/ServletResponse;)V+99
j  org.apache.catalina.core.StandardWrapperValve.invoke(Lorg/apache/catalina/connector/Request;Lorg/apache/catalina/connector/Response;)V+514
j  org.apache.catalina.core.StandardContextValve.invoke(Lorg/apache/catalina/connector/Request;Lorg/apache/catalina/connector/Response;)V+169
j  org.apache.catalina.authenticator.AuthenticatorBase.invoke(Lorg/apache/catalina/connector/Request;Lorg/apache/catalina/connector/Response;)V+221
j  org.apache.catalina.core.StandardHostValve.invoke(Lorg/apache/catalina/connector/Request;Lorg/apache/catalina/connector/Response;)V+131
j  org.apache.catalina.valves.ErrorReportValve.invoke(Lorg/apache/catalina/connector/Request;Lorg/apache/catalina/connector/Response;)V+6
j  org.apache.catalina.core.StandardEngineValve.invoke(Lorg/apache/catalina/connector/Request;Lorg/apache/catalina/connector/Response;)V+59
j  org.apache.catalina.connector.CoyoteAdapter.service(Lorg/apache/coyote/Request;Lorg/apache/coyote/Response;)V+188
j  org.apache.coyote.http11.Http11Processor.service(Lorg/apache/tomcat/util/net/SocketWrapperBase;)Lorg/apache/tomcat/util/net/AbstractEndpoint$Handler$SocketState;+796
j  org.apache.coyote.AbstractProcessorLight.process(Lorg/apache/tomcat/util/net/SocketWrapperBase;Lorg/apache/tomcat/util/net/SocketEvent;)Lorg/apache/tomcat/util/net/AbstractEndpoint$Handler$SocketState;+155
j  org.apache.coyote.AbstractProtocol$ConnectionHandler.process(Lorg/apache/tomcat/util/net/SocketWrapperBase;Lorg/apache/tomcat/util/net/SocketEvent;)Lorg/apache/tomcat/util/net/AbstractEndpoint$Handler$SocketState;+482
j  org.apache.tomcat.util.net.NioEndpoint$SocketProcessor.doRun()V+249
j  org.apache.tomcat.util.net.SocketProcessorBase.run()V+32
j  org.apache.tomcat.util.threads.ThreadPoolExecutor.runWorker(Lorg/apache/tomcat/util/threads/ThreadPoolExecutor$Worker;)V+92
j  org.apache.tomcat.util.threads.ThreadPoolExecutor$Worker.run()V+5
j  org.apache.tomcat.util.threads.TaskThread$WrappingRunnable.run()V+4
j  java.lang.Thread.runWith(Ljava/lang/Object;Ljava/lang/Runnable;)V+5 java.base@21.0.4
j  java.lang.Thread.run()V+19 java.base@21.0.4
v  ~StubRoutines::call_stub 0x000001ac083b100d

siginfo: EXCEPTION_ACCESS_VIOLATION (0xc0000005), reading address 0x0000000000000043


Registers:
RAX=0x0000000b745fbdb8, RBX=0x000001acc68ca090, RCX=0x0000000b745fbd40, RDX=0x0000000b745fbd40
RSP=0x0000000b745fbd70, RBP=0x0000000b745fbf00, RSI=0x0000000b745fbed0, RDI=0x000001acc8273de0
R8 =0x000000000000003b, R9 =0x000001acc5d641a0, R10=0x000001acc8f6a180, R11=0x0000000000000000
R12=0x0000000000000000, R13=0x000001acc5d66091, R14=0x00000000000000b6, R15=0x000001acc5d66091
RIP=0x00007ff9c44822d1, EFLAGS=0x0000000000010202


Register to memory mapping:

RAX=0x0000000b745fbdb8 is pointing into the stack for thread: 0x000001acc8273de0
RBX=0x000001acc68ca090 points into unknown readable memory: 0x000000000000003b | 3b 00 00 00 00 00 00 00
RCX=0x0000000b745fbd40 is pointing into the stack for thread: 0x000001acc8273de0
RDX=0x0000000b745fbd40 is pointing into the stack for thread: 0x000001acc8273de0
RSP=0x0000000b745fbd70 is pointing into the stack for thread: 0x000001acc8273de0
RBP=0x0000000b745fbf00 is pointing into the stack for thread: 0x000001acc8273de0
RSI=0x0000000b745fbed0 is pointing into the stack for thread: 0x000001acc8273de0
RDI=0x000001acc8273de0 is a thread
R8 =0x000000000000003b is an unknown value
R9 =0x000001acc5d641a0 is pointing into metadata
R10=0x000001acc8f6a180 points into unknown readable memory: 0x0000008000000006 | 06 00 00 00 80 00 00 00
R11=0x0 is null
R12=0x0 is null
R13=0x000001acc5d66091 is pointing into metadata
R14=0x00000000000000b6 is an unknown value
R15=0x000001acc5d66091 is pointing into metadata

Top of Stack: (sp=0x0000000b745fbd70)
0x0000000b745fbd70:   000001acc68ca090 0000000b745fbf00
0x0000000b745fbd80:   0000000b745fbed0 000000030000000c
0x0000000b745fbd90:   000001acc8273d0a 0000000000000000
0x0000000b745fbda0:   00000000000000b6 00007ff9c41c0a4f
0x0000000b745fbdb0:   000000058a4369a0 000001acc1c26b98
0x0000000b745fbdc0:   000001acc6a2ede8 000001ac819d92c8
0x0000000b745fbdd0:   000001ac819d92c8 0000000000000000
0x0000000b745fbde0:   0000000000000000 00000000000a0101
0x0000000b745fbdf0:   000001acc7b91e00 00007ff9c4285705
0x0000000b745fbe00:   000001acc8273de0 000001acc68ca090
0x0000000b745fbe10:   0000000000000000 0000000000000010
0x0000000b745fbe20:   000001ac000000b6 000001acc8273de0
0x0000000b745fbe30:   000001acc5d660c8 000001acc8273de0
0x0000000b745fbe40:   0000000000000000 0000000000000000
0x0000000b745fbe50:   000001acc5d641a0 000001acc8273de0
0x0000000b745fbe60:   000001acc5d66091 000001ac000000b6
0x0000000b745fbe70:   000001acc5d660c8 0000000000000000
0x0000000b745fbe80:   0000000000000000 0000000b745fc1b0
0x0000000b745fbe90:   0000000b745fc160 0000000b745fc160
0x0000000b745fbea0:   000001ac083c94dd 000001ac083b8190
0x0000000b745fbeb0:   0000000000000000 0000000000000000
0x0000000b745fbec0:   0000000b745fc1b0 0000000b745fc160
0x0000000b745fbed0:   0000000000000001 0000000000000000
0x0000000b745fbee0:   0000000000000000 0000000000000000
0x0000000b745fbef0:   0000000000000000 000001acce517b98
0x0000000b745fbf00:   0000000000000000 0000000000000000
0x0000000b745fbf10:   000001acc8273de0 000001acc5d66091
0x0000000b745fbf20:   0000000b745fc1c8 000001acc8273de0
0x0000000b745fbf30:   0000000b745fc5b0 00000000000000b6
0x0000000b745fbf40:   0000000b745fc050 00007ff9c4284d7d
0x0000000b745fbf50:   000001acc5d641a0 0000000000000000
0x0000000b745fbf60:   00000000000003d8 000001acc7f56198 

Instructions: (pc=0x00007ff9c44822d1)
0x00007ff9c44821d1:   e8 ca cf ff ff 48 83 7b 08 00 0f 85 d0 01 00 00
0x00007ff9c44821e1:   4c 8b cb 48 8d 54 24 48 41 b0 01 48 8b ce e8 1c
0x00007ff9c44821f1:   10 00 00 e9 b8 01 00 00 48 8b bc 24 b8 00 00 00
0x00007ff9c4482201:   48 8d 4c 24 48 41 b9 b7 00 00 00 48 89 7c 24 20
0x00007ff9c4482211:   45 8b c2 49 8b d3 e8 84 cf ff ff 48 83 7f 08 00
0x00007ff9c4482221:   0f 85 8a 01 00 00 48 8b d7 48 8d 4c 24 48 e8 5c
0x00007ff9c4482231:   df ff ff 48 83 7f 08 00 0f 85 72 01 00 00 48 89
0x00007ff9c4482241:   44 24 38 48 89 7c 24 40 48 85 c0 74 16 48 8b 8f
0x00007ff9c4482251:   28 03 00 00 48 8d 54 24 30 48 89 44 24 30 e8 4c
0x00007ff9c4482261:   78 a3 ff 4c 8b cb 48 89 7c 24 20 4c 8d 44 24 38
0x00007ff9c4482271:   48 8b ce 48 8d 54 24 48 e8 42 19 00 00 48 8d 4c
0x00007ff9c4482281:   24 38 e8 18 ac dc ff e9 24 01 00 00 48 8b bc 24
0x00007ff9c4482291:   b8 00 00 00 48 8d 4c 24 48 41 b9 b6 00 00 00 48
0x00007ff9c44822a1:   89 7c 24 20 45 8b c2 49 8b d3 e8 f0 ce ff ff 48
0x00007ff9c44822b1:   83 7f 08 00 0f 85 f6 00 00 00 48 85 db 75 05 45
0x00007ff9c44822c1:   33 c0 eb 26 80 3d ce 62 5e 00 00 4c 8b 03 74 16
0x00007ff9c44822d1:   45 8b 40 08 8b 0d 9d 4c 5e 00 49 d3 e0 4c 03 05
0x00007ff9c44822e1:   8b 4c 5e 00 eb 04 4d 8b 40 08 48 89 7c 24 28 4c
0x00007ff9c44822f1:   8d 4c 24 48 48 8b d3 c6 44 24 20 01 48 8b ce e8
0x00007ff9c4482301:   7b 11 00 00 e9 a7 00 00 00 4c 8b 8c 24 b8 00 00
0x00007ff9c4482311:   00 45 8b c2 49 8b d3 48 8b ce e8 20 03 00 00 e9
0x00007ff9c4482321:   96 00 00 00 4c 8b 8c 24 b8 00 00 00 45 8b c2 49
0x00007ff9c4482331:   8b d3 48 8b ce e8 f5 00 00 00 eb 7e 48 8b bc 24
0x00007ff9c4482341:   b8 00 00 00 48 8d 4c 24 48 41 b9 b9 00 00 00 48
0x00007ff9c4482351:   89 7c 24 20 45 8b c2 49 8b d3 e8 40 ce ff ff 48
0x00007ff9c4482361:   83 7f 08 00 75 4a 48 85 db 75 05 45 33 c0 eb 26
0x00007ff9c4482371:   80 3d 22 62 5e 00 00 4c 8b 03 74 16 45 8b 40 08
0x00007ff9c4482381:   8b 0d f1 4b 5e 00 49 d3 e0 4c 03 05 df 4b 5e 00
0x00007ff9c4482391:   eb 04 4d 8b 40 08 48 89 7c 24 28 4c 8d 4c 24 48
0x00007ff9c44823a1:   48 8b d3 c6 44 24 20 01 48 8b ce e8 ff f4 ff ff
0x00007ff9c44823b1:   48 8d 4c 24 68 e8 e5 aa dc ff 48 8b bc 24 90 00
0x00007ff9c44823c1:   00 00 48 8b 9c 24 98 00 00 00 48 81 c4 80 00 00 


Stack slot to memory mapping:

stack at sp + 0 slots: 0x000001acc68ca090 points into unknown readable memory: 0x000000000000003b | 3b 00 00 00 00 00 00 00
stack at sp + 1 slots: 0x0000000b745fbf00 is pointing into the stack for thread: 0x000001acc8273de0
stack at sp + 2 slots: 0x0000000b745fbed0 is pointing into the stack for thread: 0x000001acc8273de0
stack at sp + 3 slots: 0x000000030000000c is an unknown value
stack at sp + 4 slots: 0x000001acc8273d0a points into unknown readable memory: 00 00 00 00 00 00
stack at sp + 5 slots: 0x0 is null
stack at sp + 6 slots: 0x00000000000000b6 is an unknown value
stack at sp + 7 slots: 0x00007ff9c41c0a4f jvm.dll

invokevirtual  182 invokevirtual  [0x000001ac083c9480, 0x000001ac083c9600]  384 bytes
[MachCode]
  0x000001ac083c9480: 4883 ec08 | c5fa 1104 | 24eb 1f48 | 83ec 10c5 | fb11 0424 | eb14 4883 | ec10 4889 | 0424 48c7 
  0x000001ac083c94a0: 4424 0800 | 0000 00eb | 0150 4c89 | 6dc0 410f | b755 0148 | 8b4d d0c1 | e202 8b5c | d138 c1eb 
  0x000001ac083c94c0: 1881 e3ff | 0000 0081 | fbb6 0000 | 000f 84b4 | 0000 00bb | b600 0000 | e805 0000 | 00e9 9900 
  0x000001ac083c94e0: 0000 488b | d348 8d44 | 2408 4c89 | 6dc0 498b | cfc5 f877 | 4989 afa8 | 0300 0049 | 8987 9803 
  0x000001ac083c9500: 0000 4883 | ec20 40f6 | c40f 0f84 | 1900 0000 | 4883 ec08 | 48b8 104d | 28c4 f97f | 0000 ffd0 
  0x000001ac083c9520: 4883 c408 | e90c 0000 | 0048 b810 | 4d28 c4f9 | 7f00 00ff | d048 83c4 | 2049 c787 | 9803 0000 
  0x000001ac083c9540: 0000 0000 | 49c7 87a8 | 0300 0000 | 0000 0049 | c787 a003 | 0000 0000 | 0000 c5f8 | 7749 837f 
  0x000001ac083c9560: 0800 0f84 | 0500 0000 | e993 79fe | ff4c 8b6d | c04c 8b75 | c84e 8d74 | f500 c341 | 0fb7 5501 
  0x000001ac083c9580: 488b 4dd0 | c1e2 0248 | 8b5c d148 | 8b54 d150 | 8bca 81e1 | ff00 0000 | 488b 4ccc | f844 8bea 
  0x000001ac083c95a0: c1ea 1c49 | ba20 7baf | c4f9 7f00 | 0049 8b14 | d252 418b | d54c 8b6d | c08b c225 | 0000 1000 
  0x000001ac083c95c0: 0f84 0f00 | 0000 483b | 014c 8d6c | 2408 4c89 | 6df0 ff63 | 508b 4108 | 49ba 0000 | 0080 ac01 
  0x000001ac083c95e0: 0000 4903 | c248 8b9c | d8c8 0100 | 004c 8d6c | 2408 4c89 | 6df0 ff63 | 500f 1f80 | 0000 0000 
[/MachCode]

---------------  P R O C E S S  ---------------

Threads class SMR info:
_java_thread_list=0x000001acc6f57c50, length=42, elements={
0x000001acc1085fb0, 0x000001acc1086c10, 0x000001acc108d690, 0x000001acc1090100,
0x000001acc10931f0, 0x000001acc10a1610, 0x000001acc10a2270, 0x000001acc11e1420,
0x000001acc1942630, 0x000001acc194b740, 0x000001acc1c8f440, 0x000001acc1d6d570,
0x000001acc1d6f690, 0x000001acc62717e0, 0x000001acc6271e70, 0x000001acc6272b90,
0x000001acc6273220, 0x000001acc62738b0, 0x000001acc82702d0, 0x000001acc826f5b0,
0x000001acc8273de0, 0x000001acc826e200, 0x000001acc8270960, 0x000001acc8274470,
0x000001acc826db70, 0x000001acc826d4e0, 0x000001acc82723a0, 0x000001acc8271d10,
0x000001acc8273750, 0x000001acc8274b00, 0x000001acc8272a30, 0x000001acc826e890,
0x000001acc826ef20, 0x000001acc826fc40, 0x000001acc1e00eb0, 0x000001acc1dff370,
0x000001acc1e007e0, 0x000001acc1e01c50, 0x000001acc1dffa40, 0x000001acc1dfe5d0,
0x000001acc1dfeca0, 0x000001acc1e00110
}

Java Threads: ( => current thread )
  0x000001acc1085fb0 JavaThread "Reference Handler"          daemon [_thread_blocked, id=10676, stack(0x0000000b71e00000,0x0000000b71f00000) (1024K)]
  0x000001acc1086c10 JavaThread "Finalizer"                  daemon [_thread_blocked, id=12028, stack(0x0000000b71f00000,0x0000000b72000000) (1024K)]
  0x000001acc108d690 JavaThread "Signal Dispatcher"          daemon [_thread_blocked, id=28036, stack(0x0000000b72000000,0x0000000b72100000) (1024K)]
  0x000001acc1090100 JavaThread "Attach Listener"            daemon [_thread_blocked, id=30812, stack(0x0000000b72100000,0x0000000b72200000) (1024K)]
  0x000001acc10931f0 JavaThread "Service Thread"             daemon [_thread_blocked, id=17092, stack(0x0000000b72200000,0x0000000b72300000) (1024K)]
  0x000001acc10a1610 JavaThread "Monitor Deflation Thread"   daemon [_thread_blocked, id=34824, stack(0x0000000b72300000,0x0000000b72400000) (1024K)]
  0x000001acc10a2270 JavaThread "C1 CompilerThread0"         daemon [_thread_blocked, id=31776, stack(0x0000000b72400000,0x0000000b72500000) (1024K)]
  0x000001acc11e1420 JavaThread "Common-Cleaner"             daemon [_thread_blocked, id=18340, stack(0x0000000b72600000,0x0000000b72700000) (1024K)]
  0x000001acc1942630 JavaThread "Monitor Ctrl-Break"         daemon [_thread_in_native, id=35904, stack(0x0000000b72900000,0x0000000b72a00000) (1024K)]
  0x000001acc194b740 JavaThread "Notification Thread"        daemon [_thread_blocked, id=29924, stack(0x0000000b72a00000,0x0000000b72b00000) (1024K)]
  0x000001acc1c8f440 JavaThread "RMI TCP Accept-0"           daemon [_thread_in_native, id=20768, stack(0x0000000b72c00000,0x0000000b72d00000) (1024K)]
  0x000001acc1d6d570 JavaThread "RMI Scheduler(0)"           daemon [_thread_blocked, id=19664, stack(0x0000000b72e00000,0x0000000b72f00000) (1024K)]
  0x000001acc1d6f690 JavaThread "JMX server connection timeout 34" daemon [_thread_blocked, id=30820, stack(0x0000000b72f00000,0x0000000b73000000) (1024K)]
  0x000001acc62717e0 JavaThread "Catalina-utility-1"                [_thread_blocked, id=33108, stack(0x0000000b74000000,0x0000000b74100000) (1024K)]
  0x000001acc6271e70 JavaThread "Catalina-utility-2"                [_thread_blocked, id=34440, stack(0x0000000b74900000,0x0000000b74a00000) (1024K)]
  0x000001acc6272b90 JavaThread "container-0"                       [_thread_blocked, id=5124, stack(0x0000000b74a00000,0x0000000b74b00000) (1024K)]
  0x000001acc6273220 JavaThread "mssql-jdbc-shared-timer-core-0" daemon [_thread_blocked, id=33220, stack(0x0000000b74c00000,0x0000000b74d00000) (1024K)]
  0x000001acc62738b0 JavaThread "HikariPool-1 housekeeper"   daemon [_thread_blocked, id=35140, stack(0x0000000b74d00000,0x0000000b74e00000) (1024K)]
  0x000001acc82702d0 JavaThread "File Watcher"               daemon [_thread_blocked, id=33460, stack(0x0000000b74400000,0x0000000b74500000) (1024K)]
  0x000001acc826f5b0 JavaThread "Live Reload Server"         daemon [_thread_in_native, id=6192, stack(0x0000000b74f00000,0x0000000b75000000) (1024K)]
=>0x000001acc8273de0 JavaThread "http-nio-8070-exec-1"       daemon [_thread_in_vm, id=31660, stack(0x0000000b74500000,0x0000000b74600000) (1024K)]
  0x000001acc826e200 JavaThread "http-nio-8070-exec-2"       daemon [_thread_blocked, id=34812, stack(0x0000000b75000000,0x0000000b75100000) (1024K)]
  0x000001acc8270960 JavaThread "http-nio-8070-exec-3"       daemon [_thread_blocked, id=35012, stack(0x0000000b75100000,0x0000000b75200000) (1024K)]
  0x000001acc8274470 JavaThread "http-nio-8070-exec-4"       daemon [_thread_blocked, id=35332, stack(0x0000000b75200000,0x0000000b75300000) (1024K)]
  0x000001acc826db70 JavaThread "http-nio-8070-exec-5"       daemon [_thread_blocked, id=33136, stack(0x0000000b75300000,0x0000000b75400000) (1024K)]
  0x000001acc826d4e0 JavaThread "http-nio-8070-exec-6"       daemon [_thread_blocked, id=36432, stack(0x0000000b75400000,0x0000000b75500000) (1024K)]
  0x000001acc82723a0 JavaThread "http-nio-8070-exec-7"       daemon [_thread_blocked, id=17036, stack(0x0000000b75500000,0x0000000b75600000) (1024K)]
  0x000001acc8271d10 JavaThread "http-nio-8070-exec-8"       daemon [_thread_blocked, id=1432, stack(0x0000000b75600000,0x0000000b75700000) (1024K)]
  0x000001acc8273750 JavaThread "http-nio-8070-exec-9"       daemon [_thread_blocked, id=2392, stack(0x0000000b75700000,0x0000000b75800000) (1024K)]
  0x000001acc8274b00 JavaThread "http-nio-8070-exec-10"      daemon [_thread_blocked, id=25264, stack(0x0000000b75800000,0x0000000b75900000) (1024K)]
  0x000001acc8272a30 JavaThread "http-nio-8070-Poller"       daemon [_thread_in_native, id=11200, stack(0x0000000b75900000,0x0000000b75a00000) (1024K)]
  0x000001acc826e890 JavaThread "http-nio-8070-Acceptor"     daemon [_thread_in_native, id=4976, stack(0x0000000b75a00000,0x0000000b75b00000) (1024K)]
  0x000001acc826ef20 JavaThread "DestroyJavaVM"                     [_thread_blocked, id=7396, stack(0x0000000b71600000,0x0000000b71700000) (1024K)]
  0x000001acc826fc40 JavaThread "RMI TCP Connection(2)-61.77.12.218" daemon [_thread_in_native, id=33912, stack(0x0000000b73e00000,0x0000000b73f00000) (1024K)]
  0x000001acc1e00eb0 JavaThread "C1 CompilerThread1"         daemon [_thread_blocked, id=35016, stack(0x0000000b71500000,0x0000000b71600000) (1024K)]
  0x000001acc1dff370 JavaThread "C1 CompilerThread2"         daemon [_thread_blocked, id=35056, stack(0x0000000b72500000,0x0000000b72600000) (1024K)]
  0x000001acc1e007e0 JavaThread "C1 CompilerThread3"         daemon [_thread_blocked, id=34892, stack(0x0000000b72700000,0x0000000b72800000) (1024K)]
  0x000001acc1e01c50 JavaThread "C1 CompilerThread4"         daemon [_thread_blocked, id=35108, stack(0x0000000b72800000,0x0000000b72900000) (1024K)]
  0x000001acc1dffa40 JavaThread "C1 CompilerThread5"         daemon [_thread_blocked, id=35028, stack(0x0000000b72b00000,0x0000000b72c00000) (1024K)]
  0x000001acc1dfe5d0 JavaThread "C1 CompilerThread6"         daemon [_thread_blocked, id=33596, stack(0x0000000b73f00000,0x0000000b74000000) (1024K)]
  0x000001acc1dfeca0 JavaThread "C1 CompilerThread7"         daemon [_thread_blocked, id=33216, stack(0x0000000b74100000,0x0000000b74200000) (1024K)]
  0x000001acc1e00110 JavaThread "C1 CompilerThread8"         daemon [_thread_blocked, id=15440, stack(0x0000000b74200000,0x0000000b74300000) (1024K)]
Total: 42

Other Threads:
  0x000001ac7fa67120 VMThread "VM Thread"                           [id=34452, stack(0x0000000b71d00000,0x0000000b71e00000) (1024K)]
  0x000001ac7fa47b30 WatcherThread "VM Periodic Task Thread"        [id=32392, stack(0x0000000b71c00000,0x0000000b71d00000) (1024K)]
  0x000001ac7efd1f00 WorkerThread "GC Thread#0"                     [id=31892, stack(0x0000000b71700000,0x0000000b71800000) (1024K)]
  0x000001acc60c2400 WorkerThread "GC Thread#1"                     [id=200, stack(0x0000000b73000000,0x0000000b73100000) (1024K)]
  0x000001acc60ce830 WorkerThread "GC Thread#2"                     [id=36444, stack(0x0000000b73100000,0x0000000b73200000) (1024K)]
  0x000001acc60ebc80 WorkerThread "GC Thread#3"                     [id=30288, stack(0x0000000b73200000,0x0000000b73300000) (1024K)]
  0x000001acc60ee510 WorkerThread "GC Thread#4"                     [id=35544, stack(0x0000000b73300000,0x0000000b73400000) (1024K)]
  0x000001acc60ee8b0 WorkerThread "GC Thread#5"                     [id=31032, stack(0x0000000b73400000,0x0000000b73500000) (1024K)]
  0x000001acc60ed2b0 WorkerThread "GC Thread#6"                     [id=30728, stack(0x0000000b73500000,0x0000000b73600000) (1024K)]
  0x000001acc60ed650 WorkerThread "GC Thread#7"                     [id=36212, stack(0x0000000b73600000,0x0000000b73700000) (1024K)]
  0x000001acc6124250 WorkerThread "GC Thread#8"                     [id=35560, stack(0x0000000b73700000,0x0000000b73800000) (1024K)]
  0x000001acc6125920 WorkerThread "GC Thread#9"                     [id=5596, stack(0x0000000b73800000,0x0000000b73900000) (1024K)]
  0x000001acc61245f0 WorkerThread "GC Thread#10"                    [id=35292, stack(0x0000000b73900000,0x0000000b73a00000) (1024K)]
  0x000001acc6123bf0 WorkerThread "GC Thread#11"                    [id=32404, stack(0x0000000b73a00000,0x0000000b73b00000) (1024K)]
  0x000001acc6122290 WorkerThread "GC Thread#12"                    [id=28012, stack(0x0000000b73b00000,0x0000000b73c00000) (1024K)]
  0x000001acc6122630 WorkerThread "GC Thread#13"                    [id=32844, stack(0x0000000b73c00000,0x0000000b73d00000) (1024K)]
  0x000001acc61229d0 WorkerThread "GC Thread#14"                    [id=3556, stack(0x0000000b73d00000,0x0000000b73e00000) (1024K)]
  0x000001ac7efdcb80 ConcurrentGCThread "G1 Main Marker"            [id=24204, stack(0x0000000b71800000,0x0000000b71900000) (1024K)]
  0x000001ac7efdd840 WorkerThread "G1 Conc#0"                       [id=6344, stack(0x0000000b71900000,0x0000000b71a00000) (1024K)]
  0x000001acc6122d70 WorkerThread "G1 Conc#1"                       [id=26116, stack(0x0000000b74600000,0x0000000b74700000) (1024K)]
  0x000001acc6123110 WorkerThread "G1 Conc#2"                       [id=20828, stack(0x0000000b74700000,0x0000000b74800000) (1024K)]
  0x000001acc61234b0 WorkerThread "G1 Conc#3"                       [id=19656, stack(0x0000000b74800000,0x0000000b74900000) (1024K)]
  0x000001ac7f99ab10 ConcurrentGCThread "G1 Refine#0"               [id=19836, stack(0x0000000b71a00000,0x0000000b71b00000) (1024K)]
  0x000001ac7f99d350 ConcurrentGCThread "G1 Service"                [id=36332, stack(0x0000000b71b00000,0x0000000b71c00000) (1024K)]
Total: 24

Threads with active compile tasks:
Total: 0

VM state: not at safepoint (normal execution)

VM Mutex/Monitor currently owned by a thread: None

Heap address: 0x0000000585800000, size: 10152 MB, Compressed Oops mode: Zero based, Oop shift amount: 3

CDS archive(s) mapped at: [0x000001ac80000000-0x000001ac80c90000-0x000001ac80c90000), size 13172736, SharedBaseAddress: 0x000001ac80000000, ArchiveRelocationMode: 1.
Compressed class space mapped at: 0x000001ac81000000-0x000001acc1000000, reserved size: 1073741824
Narrow klass base: 0x000001ac80000000, Narrow klass shift: 0, Narrow klass range: 0x100000000

GC Precious Log:
 CardTable entry size: 512
 Card Set container configuration: InlinePtr #cards 4 size 8 Array Of Cards #cards 64 size 144 Howl #buckets 8 coarsen threshold 14745 Howl Bitmap #cards 2048 size 272 coarsen threshold 1843 Card regions per heap region 1 cards per card region 16384
 CPUs: 20 total, 20 available
 Memory: 40600M
 Large Page Support: Disabled
 NUMA Support: Disabled
 Compressed Oops: Enabled (Zero based)
 Heap Region Size: 8M
 Heap Min Capacity: 8M
 Heap Initial Capacity: 640M
 Heap Max Capacity: 10152M
 Pre-touch: Disabled
 Parallel Workers: 15
 Concurrent Workers: 4
 Concurrent Refinement Workers: 15
 Periodic GC: Disabled

Heap:
 garbage-first heap   total 114688K, used 58029K [0x0000000585800000, 0x0000000800000000)
  region size 8192K, 5 young (40960K), 1 survivors (8192K)
 Metaspace       used 78363K, committed 78976K, reserved 1179648K
  class space    used 10230K, committed 10496K, reserved 1048576K

Heap Regions: E=young(eden), S=young(survivor), O=old, HS=humongous(starts), HC=humongous(continues), CS=collection set, F=free, TAMS=top-at-mark-start, PB=parsable bottom
|   0|0x0000000585800000, 0x0000000586000000, 0x0000000586000000|100%| O|  |TAMS 0x0000000585800000| PB 0x0000000585800000| Untracked 
|   1|0x0000000586000000, 0x0000000586800000, 0x0000000586800000|100%| O|  |TAMS 0x0000000586000000| PB 0x0000000586000000| Untracked 
|   2|0x0000000586800000, 0x0000000587000000, 0x0000000587000000|100%| O|  |TAMS 0x0000000586800000| PB 0x0000000586800000| Untracked 
|   3|0x0000000587000000, 0x0000000587800000, 0x0000000587800000|100%| O|Cm|TAMS 0x0000000587000000| PB 0x0000000587000000| Complete 
|   4|0x0000000587800000, 0x0000000587e51d98, 0x0000000588000000| 78%| O|  |TAMS 0x0000000587800000| PB 0x0000000587800000| Untracked 
|   5|0x0000000588000000, 0x0000000588000000, 0x0000000588800000|  0%| F|  |TAMS 0x0000000588000000| PB 0x0000000588000000| Untracked 
|   6|0x0000000588800000, 0x0000000588800000, 0x0000000589000000|  0%| F|  |TAMS 0x0000000588800000| PB 0x0000000588800000| Untracked 
|   7|0x0000000589000000, 0x0000000589000000, 0x0000000589800000|  0%| F|  |TAMS 0x0000000589000000| PB 0x0000000589000000| Untracked 
|   8|0x0000000589800000, 0x0000000589800000, 0x000000058a000000|  0%| F|  |TAMS 0x0000000589800000| PB 0x0000000589800000| Untracked 
|   9|0x000000058a000000, 0x000000058a443bc0, 0x000000058a800000| 53%| E|  |TAMS 0x000000058a000000| PB 0x000000058a000000| Complete 
|  10|0x000000058a800000, 0x000000058aa59a00, 0x000000058b000000| 29%| S|CS|TAMS 0x000000058a800000| PB 0x000000058a800000| Complete 
|  11|0x000000058b000000, 0x000000058b800000, 0x000000058b800000|100%| E|  |TAMS 0x000000058b000000| PB 0x000000058b000000| Complete 
|  74|0x00000005aa800000, 0x00000005ab000000, 0x00000005ab000000|100%| E|CS|TAMS 0x00000005aa800000| PB 0x00000005aa800000| Complete 
|  79|0x00000005ad000000, 0x00000005ad800000, 0x00000005ad800000|100%| E|CS|TAMS 0x00000005ad000000| PB 0x00000005ad000000| Complete 

Card table byte_map: [0x000001ac0c790000,0x000001ac0db70000] _byte_map_base: 0x000001ac09b64000

Marking Bits: (CMBitMap*) 0x000001ac7efd2410
 Bits: [0x000001ac0db70000, 0x000001ac17a10000)

Polling page: 0x000001ac7c670000

Metaspace:

Usage:
  Non-class:     66.54 MB used.
      Class:      9.99 MB used.
       Both:     76.53 MB used.

Virtual space:
  Non-class space:      128.00 MB reserved,      66.88 MB ( 52%) committed,  2 nodes.
      Class space:        1.00 GB reserved,      10.25 MB (  1%) committed,  1 nodes.
             Both:        1.12 GB reserved,      77.12 MB (  7%) committed. 

Chunk freelists:
   Non-Class:  13.02 MB
       Class:  5.73 MB
        Both:  18.75 MB

MaxMetaspaceSize: unlimited
CompressedClassSpaceSize: 1.00 GB
Initial GC threshold: 21.00 MB
Current GC threshold: 122.75 MB
CDS: on
 - commit_granule_bytes: 65536.
 - commit_granule_words: 8192.
 - virtual_space_node_default_size: 8388608.
 - enlarge_chunks_in_place: 1.
 - use_allocation_guard: 0.


Internal statistics:

num_allocs_failed_limit: 12.
num_arena_births: 1214.
num_arena_deaths: 406.
num_vsnodes_births: 3.
num_vsnodes_deaths: 0.
num_space_committed: 1234.
num_space_uncommitted: 0.
num_chunks_returned_to_freelist: 502.
num_chunks_taken_from_freelist: 4187.
num_chunk_merges: 147.
num_chunk_splits: 2788.
num_chunks_enlarged: 2074.
num_inconsistent_stats: 0.

CodeCache: size=49152Kb used=19622Kb max_used=19622Kb free=29529Kb
 bounds [0x000001ac083b0000, 0x000001ac096e0000, 0x000001ac0b3b0000]
 total_blobs=8626 nmethods=7835 adapters=705
 compilation: enabled
              stopped_count=0, restarted_count=0
 full_count=0

Compilation events (20 events):
Event: 90.431 Thread 0x000001acc1dffa40 nmethod 7929 0x000001ac08ae2e10 code [0x000001ac08ae2fa0, 0x000001ac08ae30a8]
Event: 90.431 Thread 0x000001acc1e007e0 nmethod 7933 0x000001ac08ae2a10 code [0x000001ac08ae2ba0, 0x000001ac08ae2cd0]
Event: 90.431 Thread 0x000001acc10a2270 nmethod 7932 0x000001ac08ae2590 code [0x000001ac08ae2720, 0x000001ac08ae28f8]
Event: 90.431 Thread 0x000001acc1dff370 7934       1       java.nio.charset.Charset::lookup (44 bytes)
Event: 90.431 Thread 0x000001acc1e00eb0 7935       1       java.nio.charset.Charset::forName (20 bytes)
Event: 90.431 Thread 0x000001acc10a2270 7936       1       org.apache.jasper.compiler.SmapUtil$SDEInstaller::readU2 (15 bytes)
Event: 90.431 Thread 0x000001acc1e01c50 7937       1       org.apache.jasper.compiler.SmapUtil$SDEInstaller::writeU2 (18 bytes)
Event: 90.431 Thread 0x000001acc1dfeca0 7938       1       java.lang.String::<init> (13 bytes)
Event: 90.431 Thread 0x000001acc1e007e0 7939   !   1       java.lang.String::lookupCharset (20 bytes)
Event: 90.431 Thread 0x000001acc1dffa40 7940       1       org.apache.jasper.compiler.SmapUtil$SDEInstaller::copy (46 bytes)
Event: 90.431 Thread 0x000001acc1dfe5d0 nmethod 7931 0x000001ac08ae1c90 code [0x000001ac08ae1ea0, 0x000001ac08ae2328]
Event: 90.431 Thread 0x000001acc1e00eb0 nmethod 7935 0x000001ac08ae1890 code [0x000001ac08ae1a40, 0x000001ac08ae1bd0]
Event: 90.431 Thread 0x000001acc10a2270 nmethod 7936 0x000001ac08ae1490 code [0x000001ac08ae1620, 0x000001ac08ae1758]
Event: 90.431 Thread 0x000001acc1dff370 nmethod 7934 0x000001ac08ae0e90 code [0x000001ac08ae1060, 0x000001ac08ae12f0]
Event: 90.431 Thread 0x000001acc1dffa40 nmethod 7940 0x000001ac08ae0a90 code [0x000001ac08ae0c20, 0x000001ac08ae0d80]
Event: 90.431 Thread 0x000001acc1e01c50 nmethod 7937 0x000001ac08ae0690 code [0x000001ac08ae0820, 0x000001ac08ae0958]
Event: 90.431 Thread 0x000001acc1e007e0 nmethod 7939 0x000001ac08adff90 code [0x000001ac08ae0160, 0x000001ac08ae0478]
Event: 90.431 Thread 0x000001acc1dfeca0 nmethod 7938 0x000001ac08adf790 code [0x000001ac08adf980, 0x000001ac08adfd20]
Event: 90.446 Thread 0x000001acc1e00eb0 7941       1       org.apache.catalina.core.DefaultInstanceManager::findLifecycleCallback (112 bytes)
Event: 90.447 Thread 0x000001acc1e00eb0 nmethod 7941 0x000001ac08ade690 code [0x000001ac08ade920, 0x000001ac08adf2b0]

GC Heap History (20 events):
Event: 2.430 GC heap before
{Heap before GC invocations=5 (full 0):
 garbage-first heap   total 114688K, used 59969K [0x0000000585800000, 0x0000000800000000)
  region size 8192K, 7 young (57344K), 1 survivors (8192K)
 Metaspace       used 26086K, committed 26560K, reserved 1114112K
  class space    used 3487K, committed 3712K, reserved 1048576K
}
Event: 2.435 GC heap after
{Heap after GC invocations=6 (full 0):
 garbage-first heap   total 114688K, used 21697K [0x0000000585800000, 0x0000000800000000)
  region size 8192K, 1 young (8192K), 1 survivors (8192K)
 Metaspace       used 26086K, committed 26560K, reserved 1114112K
  class space    used 3487K, committed 3712K, reserved 1048576K
}
Event: 2.477 GC heap before
{Heap before GC invocations=6 (full 0):
 garbage-first heap   total 114688K, used 21697K [0x0000000585800000, 0x0000000800000000)
  region size 8192K, 2 young (16384K), 1 survivors (8192K)
 Metaspace       used 26401K, committed 26880K, reserved 1114112K
  class space    used 3544K, committed 3776K, reserved 1048576K
}
Event: 2.479 GC heap after
{Heap after GC invocations=7 (full 0):
 garbage-first heap   total 114688K, used 21550K [0x0000000585800000, 0x0000000800000000)
  region size 8192K, 1 young (8192K), 1 survivors (8192K)
 Metaspace       used 26401K, committed 26880K, reserved 1114112K
  class space    used 3544K, committed 3776K, reserved 1048576K
}
Event: 3.165 GC heap before
{Heap before GC invocations=8 (full 0):
 garbage-first heap   total 114688K, used 70702K [0x0000000585800000, 0x0000000800000000)
  region size 8192K, 8 young (65536K), 1 survivors (8192K)
 Metaspace       used 33013K, committed 33600K, reserved 1114112K
  class space    used 4382K, committed 4672K, reserved 1048576K
}
Event: 3.168 GC heap after
{Heap after GC invocations=9 (full 0):
 garbage-first heap   total 114688K, used 25807K [0x0000000585800000, 0x0000000800000000)
  region size 8192K, 1 young (8192K), 1 survivors (8192K)
 Metaspace       used 33013K, committed 33600K, reserved 1114112K
  class space    used 4382K, committed 4672K, reserved 1048576K
}
Event: 4.040 GC heap before
{Heap before GC invocations=9 (full 0):
 garbage-first heap   total 114688K, used 66767K [0x0000000585800000, 0x0000000800000000)
  region size 8192K, 7 young (57344K), 1 survivors (8192K)
 Metaspace       used 44325K, committed 44928K, reserved 1114112K
  class space    used 5936K, committed 6208K, reserved 1048576K
}
Event: 4.046 GC heap after
{Heap after GC invocations=10 (full 0):
 garbage-first heap   total 114688K, used 28856K [0x0000000585800000, 0x0000000800000000)
  region size 8192K, 1 young (8192K), 1 survivors (8192K)
 Metaspace       used 44325K, committed 44928K, reserved 1114112K
  class space    used 5936K, committed 6208K, reserved 1048576K
}
Event: 5.110 GC heap before
{Heap before GC invocations=11 (full 0):
 garbage-first heap   total 114688K, used 86200K [0x0000000585800000, 0x0000000800000000)
  region size 8192K, 8 young (65536K), 1 survivors (8192K)
 Metaspace       used 57726K, committed 58432K, reserved 1114112K
  class space    used 7865K, committed 8192K, reserved 1048576K
}
Event: 5.113 GC heap after
{Heap after GC invocations=12 (full 0):
 garbage-first heap   total 114688K, used 31808K [0x0000000585800000, 0x0000000800000000)
  region size 8192K, 1 young (8192K), 1 survivors (8192K)
 Metaspace       used 57726K, committed 58432K, reserved 1114112K
  class space    used 7865K, committed 8192K, reserved 1048576K
}
Event: 6.040 GC heap before
{Heap before GC invocations=12 (full 0):
 garbage-first heap   total 114688K, used 89152K [0x0000000585800000, 0x0000000800000000)
  region size 8192K, 8 young (65536K), 1 survivors (8192K)
 Metaspace       used 66272K, committed 67072K, reserved 1114112K
  class space    used 8935K, committed 9280K, reserved 1048576K
}
Event: 6.044 GC heap after
{Heap after GC invocations=13 (full 0):
 garbage-first heap   total 114688K, used 35234K [0x0000000585800000, 0x0000000800000000)
  region size 8192K, 1 young (8192K), 1 survivors (8192K)
 Metaspace       used 66272K, committed 67072K, reserved 1114112K
  class space    used 8935K, committed 9280K, reserved 1048576K
}
Event: 13.771 GC heap before
{Heap before GC invocations=13 (full 0):
 garbage-first heap   total 114688K, used 92578K [0x0000000585800000, 0x0000000800000000)
  region size 8192K, 8 young (65536K), 1 survivors (8192K)
 Metaspace       used 69877K, committed 70720K, reserved 1114112K
  class space    used 9447K, committed 9792K, reserved 1048576K
}
Event: 13.777 GC heap after
{Heap after GC invocations=14 (full 0):
 garbage-first heap   total 114688K, used 39261K [0x0000000585800000, 0x0000000800000000)
  region size 8192K, 1 young (8192K), 1 survivors (8192K)
 Metaspace       used 69877K, committed 70720K, reserved 1114112K
  class space    used 9447K, committed 9792K, reserved 1048576K
}
Event: 55.589 GC heap before
{Heap before GC invocations=14 (full 0):
 garbage-first heap   total 114688K, used 96605K [0x0000000585800000, 0x0000000800000000)
  region size 8192K, 8 young (65536K), 1 survivors (8192K)
 Metaspace       used 69885K, committed 70720K, reserved 1114112K
  class space    used 9449K, committed 9792K, reserved 1048576K
}
Event: 55.592 GC heap after
{Heap after GC invocations=15 (full 0):
 garbage-first heap   total 114688K, used 40191K [0x0000000585800000, 0x0000000800000000)
  region size 8192K, 1 young (8192K), 1 survivors (8192K)
 Metaspace       used 69885K, committed 70720K, reserved 1114112K
  class space    used 9449K, committed 9792K, reserved 1048576K
}
Event: 89.561 GC heap before
{Heap before GC invocations=15 (full 0):
 garbage-first heap   total 114688K, used 89343K [0x0000000585800000, 0x0000000800000000)
  region size 8192K, 7 young (57344K), 1 survivors (8192K)
 Metaspace       used 70708K, committed 71552K, reserved 1114112K
  class space    used 9546K, committed 9920K, reserved 1048576K
}
Event: 89.564 GC heap after
{Heap after GC invocations=16 (full 0):
 garbage-first heap   total 114688K, used 40430K [0x0000000585800000, 0x0000000800000000)
  region size 8192K, 1 young (8192K), 1 survivors (8192K)
 Metaspace       used 70708K, committed 71552K, reserved 1114112K
  class space    used 9546K, committed 9920K, reserved 1048576K
}
Event: 89.960 GC heap before
{Heap before GC invocations=16 (full 0):
 garbage-first heap   total 114688K, used 48622K [0x0000000585800000, 0x0000000800000000)
  region size 8192K, 4 young (32768K), 1 survivors (8192K)
 Metaspace       used 74425K, committed 75200K, reserved 1114112K
  class space    used 9859K, committed 10176K, reserved 1048576K
}
Event: 89.961 GC heap after
{Heap after GC invocations=17 (full 0):
 garbage-first heap   total 114688K, used 41645K [0x0000000585800000, 0x0000000800000000)
  region size 8192K, 1 young (8192K), 1 survivors (8192K)
 Metaspace       used 74425K, committed 75200K, reserved 1114112K
  class space    used 9859K, committed 10176K, reserved 1048576K
}

Dll operation events (12 events):
Event: 0.014 Loaded shared library C:\Program Files\Java\jdk-21\bin\java.dll
Event: 0.161 Loaded shared library C:\Program Files\Java\jdk-21\bin\zip.dll
Event: 0.167 Loaded shared library C:\Program Files\Java\jdk-21\bin\instrument.dll
Event: 0.172 Loaded shared library C:\Program Files\Java\jdk-21\bin\net.dll
Event: 0.189 Loaded shared library C:\Program Files\Java\jdk-21\bin\nio.dll
Event: 0.192 Loaded shared library C:\Program Files\Java\jdk-21\bin\zip.dll
Event: 0.198 Loaded shared library C:\Program Files\Java\jdk-21\bin\jimage.dll
Event: 0.303 Loaded shared library C:\Program Files\Java\jdk-21\bin\extnet.dll
Event: 0.306 Loaded shared library C:\Program Files\Java\jdk-21\bin\management.dll
Event: 0.322 Loaded shared library C:\Program Files\Java\jdk-21\bin\management_ext.dll
Event: 1.536 Loaded shared library C:\Program Files\Java\jdk-21\bin\sunmscapi.dll
Event: 3.602 Loaded shared library C:\Program Files\Java\jdk-21\bin\verify.dll

Deoptimization events (0 events):
No events

Classes loaded (20 events):
Event: 90.053 Loading class java/io/FileWriter
Event: 90.053 Loading class java/io/FileWriter done
Event: 90.184 Loading class java/lang/NegativeArraySizeException
Event: 90.184 Loading class java/lang/NegativeArraySizeException done
Event: 90.273 Loading class sun/net/www/protocol/jrt/JavaRuntimeURLConnection
Event: 90.274 Loading class sun/net/www/protocol/jrt/JavaRuntimeURLConnection done
Event: 90.274 Loading class sun/net/www/protocol/jrt/JavaRuntimeURLConnection$1
Event: 90.274 Loading class sun/net/www/protocol/jrt/JavaRuntimeURLConnection$1 done
Event: 90.274 Loading class jdk/internal/jimage/ImageBufferCache
Event: 90.274 Loading class jdk/internal/jimage/ImageBufferCache done
Event: 90.274 Loading class jdk/internal/jimage/ImageBufferCache$1
Event: 90.275 Loading class jdk/internal/jimage/ImageBufferCache$1 done
Event: 90.275 Loading class jdk/internal/jimage/ImageBufferCache$2
Event: 90.275 Loading class jdk/internal/jimage/ImageBufferCache$2 done
Event: 90.275 Loading class java/util/AbstractMap$SimpleEntry
Event: 90.275 Loading class java/util/AbstractMap$SimpleEntry done
Event: 90.281 Loading class java/text/MessageFormat$Field
Event: 90.281 Loading class java/text/MessageFormat$Field done
Event: 90.427 Loading class java/util/Hashtable$ValueCollection
Event: 90.427 Loading class java/util/Hashtable$ValueCollection done

Classes unloaded (20 events):
Event: 89.972 Thread 0x000001ac7fa67120 Unloading class 0x000001ac810d2400 'java/lang/invoke/LambdaForm$MH+0x000001ac810d2400'
Event: 89.972 Thread 0x000001ac7fa67120 Unloading class 0x000001ac810d1800 'java/lang/invoke/LambdaForm$MH+0x000001ac810d1800'
Event: 89.972 Thread 0x000001ac7fa67120 Unloading class 0x000001ac810d1400 'java/lang/invoke/LambdaForm$MH+0x000001ac810d1400'
Event: 89.972 Thread 0x000001ac7fa67120 Unloading class 0x000001ac810d1000 'java/lang/invoke/LambdaForm$MH+0x000001ac810d1000'
Event: 89.972 Thread 0x000001ac7fa67120 Unloading class 0x000001ac810d0800 'java/lang/invoke/LambdaForm$MH+0x000001ac810d0800'
Event: 89.972 Thread 0x000001ac7fa67120 Unloading class 0x000001ac810d0000 'java/lang/invoke/LambdaForm$MH+0x000001ac810d0000'
Event: 89.972 Thread 0x000001ac7fa67120 Unloading class 0x000001ac810c2800 'java/lang/invoke/LambdaForm$MH+0x000001ac810c2800'
Event: 89.972 Thread 0x000001ac7fa67120 Unloading class 0x000001ac810c2000 'jdk/internal/reflect/GeneratedSerializationConstructorAccessor3'
Event: 89.972 Thread 0x000001ac7fa67120 Unloading class 0x000001ac810c1c00 'jdk/internal/reflect/GeneratedSerializationConstructorAccessor2'
Event: 89.972 Thread 0x000001ac7fa67120 Unloading class 0x000001ac810c1800 'jdk/internal/reflect/GeneratedSerializationConstructorAccessor1'
Event: 89.972 Thread 0x000001ac7fa67120 Unloading class 0x000001ac810c0800 'java/lang/invoke/LambdaForm$DMH+0x000001ac810c0800'
Event: 89.972 Thread 0x000001ac7fa67120 Unloading class 0x000001ac810c0000 'java/lang/invoke/LambdaForm$DMH+0x000001ac810c0000'
Event: 89.972 Thread 0x000001ac7fa67120 Unloading class 0x000001ac8100c000 'java/lang/invoke/LambdaForm$MH+0x000001ac8100c000'
Event: 89.972 Thread 0x000001ac7fa67120 Unloading class 0x000001ac8100bc00 'java/lang/invoke/LambdaForm$DMH+0x000001ac8100bc00'
Event: 89.972 Thread 0x000001ac7fa67120 Unloading class 0x000001ac8100b800 'java/lang/invoke/LambdaForm$DMH+0x000001ac8100b800'
Event: 89.972 Thread 0x000001ac7fa67120 Unloading class 0x000001ac8100a000 'java/lang/invoke/LambdaForm$MH+0x000001ac8100a000'
Event: 89.972 Thread 0x000001ac7fa67120 Unloading class 0x000001ac81002800 'java/lang/invoke/LambdaForm$MH+0x000001ac81002800'
Event: 89.972 Thread 0x000001ac7fa67120 Unloading class 0x000001ac81002400 'java/lang/invoke/LambdaForm$MH+0x000001ac81002400'
Event: 89.972 Thread 0x000001ac7fa67120 Unloading class 0x000001ac81002000 'java/lang/invoke/LambdaForm$MH+0x000001ac81002000'
Event: 89.972 Thread 0x000001ac7fa67120 Unloading class 0x000001ac81001800 'java/lang/invoke/LambdaForm$MH+0x000001ac81001800'

Classes redefined (0 events):
No events

Internal exceptions (20 events):
Event: 5.218 Thread 0x000001acc6272500 Exception <a 'java/lang/NoSuchMethodError'{0x00000005ad6d21d0}: 'java.lang.Object java.lang.invoke.DirectMethodHandle$Holder.invokeSpecial(java.lang.Object, java.lang.Object, java.lang.Object, java.lang.Object, java.lang.Object, java.lang.Object, java.lang.Object, java.lang.Object, java.lang.Object, java.lang.Object, java.lang.Object, java.lang.Object, java.lang.Object)'> (0x00000005ad6d21d0) 
thrown [s\open\src\hotspot\share\interpreter\linkResolver.cpp, line 773]
Event: 5.218 Thread 0x000001acc6272500 Exception <a 'java/lang/NoSuchMethodError'{0x00000005ad6d66a8}: 'java.lang.Object java.lang.invoke.Invokers$Holder.linkToTargetMethod(java.lang.Object, java.lang.Object, java.lang.Object, java.lang.Object, java.lang.Object, java.lang.Object, java.lang.Object, java.lang.Object, java.lang.Object, java.lang.Object, java.lang.Object, java.lang.Object)'> (0x00000005ad6d66a8) 
thrown [s\open\src\hotspot\share\interpreter\linkResolver.cpp, line 773]
Event: 5.248 Thread 0x000001acc6272500 Exception <a 'java/lang/IncompatibleClassChangeError'{0x00000005aa8ac900}: Found class java.lang.Object, but interface was expected> (0x00000005aa8ac900) 
thrown [s\open\src\hotspot\share\interpreter\linkResolver.cpp, line 840]
Event: 5.256 Thread 0x000001acc6272500 Exception <a 'java/lang/NoSuchMethodError'{0x00000005aa955fa8}: 'java.lang.Object java.lang.invoke.DirectMethodHandle$Holder.newInvokeSpecial(java.lang.Object, java.lang.Object, java.lang.Object, java.lang.Object, java.lang.Object, java.lang.Object, java.lang.Object, int)'> (0x00000005aa955fa8) 
thrown [s\open\src\hotspot\share\interpreter\linkResolver.cpp, line 773]
Event: 5.256 Thread 0x000001acc6272500 Exception <a 'java/lang/NoSuchMethodError'{0x00000005aa95a508}: 'java.lang.Object java.lang.invoke.DirectMethodHandle$Holder.invokeSpecial(java.lang.Object, java.lang.Object, java.lang.Object, java.lang.Object, java.lang.Object, java.lang.Object, java.lang.Object, java.lang.Object, int)'> (0x00000005aa95a508) 
thrown [s\open\src\hotspot\share\interpreter\linkResolver.cpp, line 773]
Event: 5.257 Thread 0x000001acc6272500 Exception <a 'java/lang/NoSuchMethodError'{0x00000005aa95e520}: 'java.lang.Object java.lang.invoke.Invokers$Holder.linkToTargetMethod(java.lang.Object, java.lang.Object, java.lang.Object, java.lang.Object, java.lang.Object, java.lang.Object, int, java.lang.Object)'> (0x00000005aa95e520) 
thrown [s\open\src\hotspot\share\interpreter\linkResolver.cpp, line 773]
Event: 5.662 Thread 0x000001acc6272500 Exception <a 'java/lang/NoSuchMethodError'{0x000000058b1965e8}: 'void java.lang.invoke.Invokers$Holder.invokeExact_MT(java.lang.Object, java.lang.Object, java.lang.Object, java.lang.Object)'> (0x000000058b1965e8) 
thrown [s\open\src\hotspot\share\interpreter\linkResolver.cpp, line 773]
Event: 5.685 Thread 0x000001acc6272500 Exception <a 'java/lang/NoSuchMethodError'{0x000000058b317990}: 'int java.lang.invoke.DirectMethodHandle$Holder.invokeStaticInit(java.lang.Object, int, java.lang.Object, java.lang.Object, java.lang.Object, java.lang.Object)'> (0x000000058b317990) 
thrown [s\open\src\hotspot\share\interpreter\linkResolver.cpp, line 773]
Event: 5.714 Thread 0x000001acc6272500 Exception <a 'java/lang/NoSuchMethodError'{0x000000058b5e0360}: 'java.lang.Object java.lang.invoke.DirectMethodHandle$Holder.newInvokeSpecial(java.lang.Object, java.lang.Object, java.lang.Object, java.lang.Object, java.lang.Object, java.lang.Object, java.lang.Object, java.lang.Object, java.lang.Object)'> (0x000000058b5e0360) 
thrown [s\open\src\hotspot\share\interpreter\linkResolver.cpp, line 773]
Event: 5.985 Thread 0x000001acc6272500 Exception <a 'java/lang/NoSuchMethodError'{0x0000000589cf6928}: 'java.lang.Object java.lang.invoke.DirectMethodHandle$Holder.newInvokeSpecial(java.lang.Object, java.lang.Object, java.lang.Object, java.lang.Object, java.lang.Object, java.lang.Object, java.lang.Object, java.lang.Object)'> (0x0000000589cf6928) 
thrown [s\open\src\hotspot\share\interpreter\linkResolver.cpp, line 773]
Event: 6.239 Thread 0x000001acc6272500 Exception <a 'java/lang/IncompatibleClassChangeError'{0x000000058b6af778}: Found class java.lang.Object, but interface was expected> (0x000000058b6af778) 
thrown [s\open\src\hotspot\share\interpreter\linkResolver.cpp, line 840]
Event: 6.269 Thread 0x000001acc6272500 Exception <a 'java/lang/NoSuchMethodError'{0x000000058a8c3ba0}: 'void java.lang.invoke.DirectMethodHandle$Holder.invokeVirtual(java.lang.Object, java.lang.Object, long)'> (0x000000058a8c3ba0) 
thrown [s\open\src\hotspot\share\interpreter\linkResolver.cpp, line 773]
Event: 6.308 Thread 0x000001acc6272500 Exception <a 'java/lang/NoSuchMethodError'{0x000000058ac0bed8}: 'int java.lang.invoke.DirectMethodHandle$Holder.invokeStaticInit(java.lang.Object, java.lang.Object, java.lang.Object, java.lang.Object)'> (0x000000058ac0bed8) 
thrown [s\open\src\hotspot\share\interpreter\linkResolver.cpp, line 773]
Event: 6.378 Thread 0x000001acc6272500 Exception <a 'java/lang/IncompatibleClassChangeError'{0x000000058a1b0638}: Found class java.lang.Object, but interface was expected> (0x000000058a1b0638) 
thrown [s\open\src\hotspot\share\interpreter\linkResolver.cpp, line 840]
Event: 6.401 Thread 0x000001acc6272500 Exception <a 'java/lang/NoSuchMethodError'{0x000000058a3b9a28}: 'java.lang.Object java.lang.invoke.Invokers$Holder.invoke_MT(java.lang.Object, java.lang.Object, java.lang.Object, java.lang.Object, java.lang.Object, java.lang.Object, java.lang.Object, java.lang.Object, java.lang.Object, java.lang.Object, java.lang.Object)'> (0x000000058a3b9a28) 
thrown [s\open\src\hotspot\share\interpreter\linkResolver.cpp, line 773]
Event: 7.373 Thread 0x000001acc6272500 Exception <a 'java/lang/NoSuchMethodError'{0x00000005899f5e20}: 'java.lang.Object java.lang.invoke.DirectMethodHandle$Holder.newInvokeSpecial(java.lang.Object, java.lang.Object, int, java.lang.Object, java.lang.Object)'> (0x00000005899f5e20) 
thrown [s\open\src\hotspot\share\interpreter\linkResolver.cpp, line 773]
Event: 7.842 Thread 0x000001acc826fc40 Exception <a 'java/lang/NoSuchMethodError'{0x0000000589f1f3f0}: 'java.lang.Object java.lang.invoke.DirectMethodHandle$Holder.invokeInterface(java.lang.Object, java.lang.Object, java.lang.Object, java.lang.Object, java.lang.Object, java.lang.Object, java.lang.Object)'> (0x0000000589f1f3f0) 
thrown [s\open\src\hotspot\share\interpreter\linkResolver.cpp, line 773]
Event: 89.522 Thread 0x000001acc8273de0 Exception <a 'java/lang/NoSuchMethodError'{0x0000000589ec2270}: 'java.lang.Object java.lang.invoke.DirectMethodHandle$Holder.invokeSpecial(java.lang.Object, java.lang.Object, java.lang.Object, java.lang.Object, java.lang.Object, long)'> (0x0000000589ec2270) 
thrown [s\open\src\hotspot\share\interpreter\linkResolver.cpp, line 773]
Event: 89.522 Thread 0x000001acc8273de0 Exception <a 'java/lang/NoSuchMethodError'{0x0000000589ec5a30}: 'java.lang.Object java.lang.invoke.Invokers$Holder.linkToTargetMethod(java.lang.Object, java.lang.Object, java.lang.Object, long, java.lang.Object)'> (0x0000000589ec5a30) 
thrown [s\open\src\hotspot\share\interpreter\linkResolver.cpp, line 773]
Event: 89.568 Thread 0x000001acc8273de0 Exception <a 'java/lang/NoSuchMethodError'{0x00000005ad0b2820}: getSession> (0x00000005ad0b2820) 
thrown [s\open\src\hotspot\share\prims\jni.cpp, line 1077]

ZGC Phase Switch (0 events):
No events

VM Operations (20 events):
Event: 89.843 Executing VM operation: HandshakeAllThreads (Deoptimize)
Event: 89.843 Executing VM operation: HandshakeAllThreads (Deoptimize) done
Event: 89.959 Executing VM operation: CollectForMetadataAllocation (Metadata GC Threshold)
Event: 89.961 Executing VM operation: CollectForMetadataAllocation (Metadata GC Threshold) done
Event: 89.972 Executing VM operation: G1PauseRemark
Event: 89.979 Executing VM operation: G1PauseRemark done
Event: 89.986 Executing VM operation: G1PauseCleanup
Event: 89.986 Executing VM operation: G1PauseCleanup done
Event: 90.288 Executing VM operation: HandshakeAllThreads (Deoptimize)
Event: 90.288 Executing VM operation: HandshakeAllThreads (Deoptimize) done
Event: 90.427 Executing VM operation: HandshakeAllThreads (Deoptimize)
Event: 90.427 Executing VM operation: HandshakeAllThreads (Deoptimize) done
Event: 90.438 Executing VM operation: ChangeBreakpoints
Event: 90.441 Executing VM operation: ChangeBreakpoints done
Event: 90.442 Executing VM operation: ChangeBreakpoints
Event: 90.443 Executing VM operation: ChangeBreakpoints done
Event: 90.447 Executing VM operation: get/set locals
Event: 90.447 Executing VM operation: get/set locals done
Event: 90.447 Executing VM operation: get/set locals
Event: 90.447 Executing VM operation: get/set locals done

Events (20 events):
Event: 89.978 Thread 0x000001ac7fa67120 flushing nmethod 0x000001ac08871210
Event: 89.978 Thread 0x000001ac7fa67120 flushing nmethod 0x000001ac0883cd90
Event: 89.978 Thread 0x000001ac7fa67120 flushing nmethod 0x000001ac08dc8490
Event: 89.978 Thread 0x000001ac7fa67120 flushing nmethod 0x000001ac08e47b90
Event: 89.978 Thread 0x000001ac7fa67120 flushing nmethod 0x000001ac08f75290
Event: 89.978 Thread 0x000001ac7fa67120 flushing nmethod 0x000001ac09158e10
Event: 89.978 Thread 0x000001ac7fa67120 flushing nmethod 0x000001ac09199c90
Event: 89.978 Thread 0x000001ac7fa67120 flushing nmethod 0x000001ac0884a210
Event: 89.978 Thread 0x000001ac7fa67120 flushing nmethod 0x000001ac08937d90
Event: 89.978 Thread 0x000001ac7fa67120 flushing nmethod 0x000001ac08a28c10
Event: 89.978 Thread 0x000001ac7fa67120 flushing nmethod 0x000001ac08dc6990
Event: 89.978 Thread 0x000001ac7fa67120 flushing nmethod 0x000001ac08f51190
Event: 89.978 Thread 0x000001ac7fa67120 flushing nmethod 0x000001ac08f53190
Event: 89.978 Thread 0x000001ac7fa67120 flushing nmethod 0x000001ac08f8b490
Event: 89.978 Thread 0x000001ac7fa67120 flushing nmethod 0x000001ac08f8c390
Event: 90.388 Thread 0x000001acc1e01c50 Thread added: 0x000001acc1e01c50
Event: 90.388 Thread 0x000001acc1dffa40 Thread added: 0x000001acc1dffa40
Event: 90.388 Thread 0x000001acc1dfe5d0 Thread added: 0x000001acc1dfe5d0
Event: 90.388 Thread 0x000001acc1dfeca0 Thread added: 0x000001acc1dfeca0
Event: 90.389 Thread 0x000001acc1e00110 Thread added: 0x000001acc1e00110


Dynamic libraries:
0x00007ff64eaf0000 - 0x00007ff64eb00000 	C:\Program Files\Java\jdk-21\bin\java.exe
0x000001ac7cc60000 - 0x000001ac7ce58000 	C:\windows\SYSTEM32\ntd1l.dll
0x000001ac7ce60000 - 0x000001ac7cf22000 	C:\windows\System32\kern3l32.dll
0x00007ffa32ab0000 - 0x00007ffa32ca8000 	C:\windows\SYSTEM32\ntdll.dll
0x00007ffa327e0000 - 0x00007ffa328a2000 	C:\windows\System32\KERNEL32.DLL
0x00007ffa30640000 - 0x00007ffa30936000 	C:\windows\System32\KERNELBASE.dll
0x00007ffa2faf0000 - 0x00007ffa2fecc000 	C:\Program Files\SentinelOne\Sentinel Agent 25.1.4.434\InProcessClient64.dll
0x00007ffa31420000 - 0x00007ffa314d1000 	C:\windows\System32\ADVAPI32.dll
0x00007ffa31eb0000 - 0x00007ffa31f4e000 	C:\windows\System32\msvcrt.dll
0x00007ffa31f50000 - 0x00007ffa31fef000 	C:\windows\System32\sechost.dll
0x00007ffa32950000 - 0x00007ffa32a70000 	C:\windows\System32\RPCRT4.dll
0x00007ffa30530000 - 0x00007ffa30557000 	C:\windows\System32\bcrypt.dll
0x00007ffa30140000 - 0x00007ffa30240000 	C:\windows\System32\ucrtbase.dll
0x00007ffa1f880000 - 0x00007ffa1f899000 	C:\Program Files\Java\jdk-21\bin\jli.dll
0x00007ffa113e0000 - 0x00007ffa113fb000 	C:\Program Files\Java\jdk-21\bin\VCRUNTIME140.dll
0x00007ffa31c50000 - 0x00007ffa31df1000 	C:\windows\System32\USER32.dll
0x00007ffa30940000 - 0x00007ffa30962000 	C:\windows\System32\win32u.dll
0x00007ffa31380000 - 0x00007ffa313ab000 	C:\windows\System32\GDI32.dll
0x00007ffa30240000 - 0x00007ffa30359000 	C:\windows\System32\gdi32full.dll
0x00007ffa03ef0000 - 0x00007ffa0418b000 	C:\windows\WinSxS\amd64_microsoft.windows.common-controls_6595b64144ccf1df_6.0.19041.6456_none_60b8a6cb71f64256\COMCTL32.dll
0x00007ffa30490000 - 0x00007ffa3052d000 	C:\windows\System32\msvcp_win.dll
0x00007ffa2fae0000 - 0x00007ffa2faea000 	C:\windows\SYSTEM32\VERSION.dll
0x00007ffa2fad0000 - 0x00007ffa2fadb000 	C:\windows\SYSTEM32\FLTLIB.DLL
0x00007ffa32700000 - 0x00007ffa3272f000 	C:\windows\System32\IMM32.DLL
0x00007ffa1d3d0000 - 0x00007ffa1d3dc000 	C:\Program Files\Java\jdk-21\bin\vcruntime140_1.dll
0x00007ff9e6040000 - 0x00007ff9e60ce000 	C:\Program Files\Java\jdk-21\bin\msvcp140.dll
0x00007ff9c3eb0000 - 0x00007ff9c4bc3000 	C:\Program Files\Java\jdk-21\bin\server\jvm.dll
0x00007ffa31ff0000 - 0x00007ffa3205b000 	C:\windows\System32\WS2_32.dll
0x00007ffa2f280000 - 0x00007ffa2f2cb000 	C:\windows\SYSTEM32\POWRPROF.dll
0x00007ffa209b0000 - 0x00007ffa209d7000 	C:\windows\SYSTEM32\WINMM.dll
0x00007ffa2f140000 - 0x00007ffa2f152000 	C:\windows\SYSTEM32\UMPDC.dll
0x00007ffa2d7c0000 - 0x00007ffa2d7d2000 	C:\windows\SYSTEM32\kernel.appcore.dll
0x00007ffa1d2f0000 - 0x00007ffa1d2fa000 	C:\Program Files\Java\jdk-21\bin\jimage.dll
0x00007ffa2d0e0000 - 0x00007ffa2d2e1000 	C:\windows\SYSTEM32\DBGHELP.DLL
0x00007ffa20120000 - 0x00007ffa20154000 	C:\windows\SYSTEM32\dbgcore.DLL
0x00007ffa30560000 - 0x00007ffa305e2000 	C:\windows\System32\bcryptPrimitives.dll
0x00007ffa120d0000 - 0x00007ffa120df000 	C:\Program Files\Java\jdk-21\bin\instrument.dll
0x00007ffa11390000 - 0x00007ffa113af000 	C:\Program Files\Java\jdk-21\bin\java.dll
0x00007ff9c5030000 - 0x00007ff9c50d0000 	C:\Program Files\SentinelOne\Sentinel Agent 25.1.4.434\SentinelJava64.dll
0x00007ffa30f60000 - 0x00007ffa3108b000 	C:\windows\System32\ole32.dll
0x00007ffa32330000 - 0x00007ffa32684000 	C:\windows\System32\combase.dll
0x00007ffa314e0000 - 0x00007ffa31c50000 	C:\windows\System32\SHELL32.dll
0x00007ffa2dac0000 - 0x00007ffa2e265000 	C:\windows\SYSTEM32\windows.storage.dll
0x00007ffa2f770000 - 0x00007ffa2f79b000 	C:\windows\SYSTEM32\Wldp.dll
0x00007ffa32180000 - 0x00007ffa3224d000 	C:\windows\System32\OLEAUT32.dll
0x00007ffa31e00000 - 0x00007ffa31ead000 	C:\windows\System32\SHCORE.dll
0x00007ffa31090000 - 0x00007ffa310eb000 	C:\windows\System32\shlwapi.dll
0x00007ffa30070000 - 0x00007ffa30094000 	C:\windows\SYSTEM32\profapi.dll
0x00007ffa10760000 - 0x00007ffa10778000 	C:\Program Files\Java\jdk-21\bin\zip.dll
0x00007ffa113d0000 - 0x00007ffa113e0000 	C:\Program Files\Java\jdk-21\bin\net.dll
0x00007ffa2ed00000 - 0x00007ffa2ee0a000 	C:\windows\SYSTEM32\WINHTTP.dll
0x00007ffa1dc80000 - 0x00007ffa1dd04000 	C:\Program Files (x86)\WareValley\Chakra Max Client V2\x86_64\NFDBCTL64.dll
0x00007ffa28cf0000 - 0x00007ffa28d04000 	C:\windows\SYSTEM32\WTSAPI32.dll
0x00007ffa2fff0000 - 0x00007ffa3001e000 	C:\windows\SYSTEM32\USERENV.dll
0x00007ffa30020000 - 0x00007ffa30052000 	C:\windows\SYSTEM32\SspiCli.dll
0x00007ffa2f4d0000 - 0x00007ffa2f53a000 	C:\windows\system32\mswsock.dll
0x00007ffa1dd90000 - 0x00007ffa1dda7000 	C:\windows\system32\napinsp.dll
0x00007ffa1dd70000 - 0x00007ffa1dd8b000 	C:\windows\system32\pnrpnsp.dll
0x00007ffa2bc30000 - 0x00007ffa2bc4d000 	C:\windows\system32\wshbth.dll
0x00007ffa28ed0000 - 0x00007ffa28eed000 	C:\windows\system32\NLAapi.dll
0x00007ffa2f160000 - 0x00007ffa2f19b000 	C:\windows\SYSTEM32\IPHLPAPI.DLL
0x00007ffa2f1b0000 - 0x00007ffa2f27a000 	C:\windows\SYSTEM32\DNSAPI.dll
0x00007ffa32690000 - 0x00007ffa32698000 	C:\windows\System32\NSI.dll
0x00007ffa1dd50000 - 0x00007ffa1dd62000 	C:\windows\System32\winrnr.dll
0x00007ffa10780000 - 0x00007ffa10796000 	C:\Program Files\Java\jdk-21\bin\nio.dll
0x00007ffa25cc0000 - 0x00007ffa25cca000 	C:\Windows\System32\rasadhlp.dll
0x00007ffa289c0000 - 0x00007ffa28a40000 	C:\windows\System32\fwpuclnt.dll
0x00007ffa11380000 - 0x00007ffa11389000 	C:\Program Files\Java\jdk-21\bin\extnet.dll
0x00007ffa10750000 - 0x00007ffa1075a000 	C:\Program Files\Java\jdk-21\bin\management.dll
0x00007ffa10740000 - 0x00007ffa1074b000 	C:\Program Files\Java\jdk-21\bin\management_ext.dll
0x00007ffa313b0000 - 0x00007ffa313b8000 	C:\windows\System32\PSAPI.DLL
0x00007ffa2f6c0000 - 0x00007ffa2f6d8000 	C:\windows\SYSTEM32\CRYPTSP.dll
0x00007ffa2ec70000 - 0x00007ffa2eca8000 	C:\windows\system32\rsaenh.dll
0x00007ffa2f6e0000 - 0x00007ffa2f6ec000 	C:\windows\SYSTEM32\CRYPTBASE.dll
0x00007ff9ed490000 - 0x00007ff9ed4e1000 	C:\windows\SYSTEM32\pdh.dll
0x00007ff9fdfc0000 - 0x00007ff9fdfcf000 	C:\windows\System32\perfproc.dll
0x00007ff9ef6d0000 - 0x00007ff9ef6df000 	C:\windows\System32\perfos.dll
0x00007ffa10730000 - 0x00007ffa1073e000 	C:\Program Files\Java\jdk-21\bin\sunmscapi.dll
0x00007ffa30970000 - 0x00007ffa30acd000 	C:\windows\System32\CRYPT32.dll
0x00007ffa2f7e0000 - 0x00007ffa2f807000 	C:\windows\SYSTEM32\ncrypt.dll
0x00007ffa2f7a0000 - 0x00007ffa2f7db000 	C:\windows\SYSTEM32\NTASN1.dll
0x00007ffa0fd80000 - 0x00007ffa0fd90000 	C:\Program Files\Java\jdk-21\bin\verify.dll
0x00007ff9ed5f0000 - 0x00007ff9ed5f7000 	C:\windows\system32\wshunix.dll

dbghelp: loaded successfully - version: 4.0.5 - missing functions: none
symbol engine: initialized successfully - sym options: 0x614 - pdb path: .;C:\Program Files\Java\jdk-21\bin;C:\windows\SYSTEM32;C:\Program Files\SentinelOne\Sentinel Agent 25.1.4.434;C:\windows\WinSxS\amd64_microsoft.windows.common-controls_6595b64144ccf1df_6.0.19041.6456_none_60b8a6cb71f64256;C:\Program Files\Java\jdk-21\bin\server;C:\Program Files (x86)\WareValley\Chakra Max Client V2\x86_64

VM Arguments:
jvm_args: -XX:TieredStopAtLevel=1 -Dspring.output.ansi.enabled=always -Dcom.sun.management.jmxremote -Dspring.jmx.enabled=true -Dspring.liveBeansView.mbeanDomain -Dspring.application.admin.enabled=true -Dmanagement.endpoints.jmx.exposure.include=* -javaagent:C:\Program Files\JetBrains\IntelliJ IDEA 2024.3.7\lib\idea_rt.jar=8122 -Dfile.encoding=UTF-8 -Dsun.stdout.encoding=UTF-8 -Dsun.stderr.encoding=UTF-8 -agentpath:C:\Program Files\SentinelOne\Sentinel Agent 25.1.4.434\SentinelJava64.dll=extendedCapabilities 
java_command: com.kyhslam.BootJspApplication
java_class_path (initial): C:\Dev-Work\vaultWeb\hh_bootjsp\target\classes;C:\Users\user\.m2\repository\org\springframework\boot\spring-boot-starter-jdbc\3.4.1\spring-boot-starter-jdbc-3.4.1.jar;C:\Users\user\.m2\repository\org\springframework\boot\spring-boot-starter\3.4.1\spring-boot-starter-3.4.1.jar;C:\Users\user\.m2\repository\org\springframework\boot\spring-boot-starter-logging\3.4.1\spring-boot-starter-logging-3.4.1.jar;C:\Users\user\.m2\repository\ch\qos\logback\logback-classic\1.5.12\logback-classic-1.5.12.jar;C:\Users\user\.m2\repository\ch\qos\logback\logback-core\1.5.12\logback-core-1.5.12.jar;C:\Users\user\.m2\repository\org\apache\logging\log4j\log4j-to-slf4j\2.24.3\log4j-to-slf4j-2.24.3.jar;C:\Users\user\.m2\repository\org\apache\logging\log4j\log4j-api\2.24.3\log4j-api-2.24.3.jar;C:\Users\user\.m2\repository\org\slf4j\jul-to-slf4j\2.0.16\jul-to-slf4j-2.0.16.jar;C:\Users\user\.m2\repository\jakarta\annotation\jakarta.annotation-api\2.1.1\jakarta.annotation-api-2.1.1.jar;C:\Users\user\.m2\repository\org\yaml\snakeyaml\2.3\snakeyaml-2.3.jar;C:\Users\user\.m2\repository\com\zaxxer\HikariCP\5.1.0\HikariCP-5.1.0.jar;C:\Users\user\.m2\repository\org\springframework\spring-jdbc\6.2.1\spring-jdbc-6.2.1.jar;C:\Users\user\.m2\repository\org\springframework\spring-beans\6.2.1\spring-beans-6.2.1.jar;C:\Users\user\.m2\repository\org\springframework\spring-tx\6.2.1\spring-tx-6.2.1.jar;C:\Users\user\.m2\repository\org\mybatis\spring\boot\mybatis-spring-boot-starter\3.0.3\mybatis-spring-boot-starter-3.0.3.jar;C:\Users\user\.m2\repository\org\mybatis\spring\boot\mybatis-spring-boot-autoconfigure\3.0.3\mybatis-spring-boot-autoconfigure-3.0.3.jar;C:\Users\user\.m2\repository\org\mybatis\mybatis\3.5.14\mybatis-3.5.14.jar;C:\Users\user\.m2\repository\org\mybatis\mybatis-spring\3.0.3\mybatis-spring-3.0.3.jar;C:\Users\user\.m2\repository\org\springframework\boot\spring-boot-starter-data-jpa\3.4.1\spring-boot-starter-data-jpa-3.4.1.jar;C:\Users\user\.m2\repository\org\hibernate\orm\hibernate-core\6.6.4.Final\hibernate-core-6.6.4.Final.jar;C:\Users\user\.m2\repository\jakarta\persistence\jakarta.persistence-api\3.1.0\jakarta.persistence-api-3.1.0.jar;C:\Users\user\.m2\repository\jakarta\transaction\jakarta.transaction-api\2.0.1\jakarta.transaction-api-2.0.1.jar;C:\Users\user\.m2\repository\org\jboss\logging\jboss-logging\3.6.1.Final\jboss-logging-3.6.1.Final.jar;C:\Users\user\.m2\repository\org\hibernate\common\hibernate-commons-annotations\7.0.3.Final\hibernate-commons-annotations-7.0.3.Final.jar;C:\Users\user\.m2\repository\io\smallrye\jandex\3.2.0\jandex-3.2.0.jar;C:\Users\user\.m2\repository\com\fasterxml\classmate\1.7.0\classmate-1.7.0.jar;C:\Users\user\.m2\repository\net\bytebuddy\byte-buddy\1.15.11\byte-buddy-1.15.11.jar;C:\Users\user\.m2\repository\org\glassfish\jaxb\jaxb-runtime\4.0.5\jaxb-runtime-4.0.5.jar;C:\Users\user\.m2\repository\org\glassfish\jaxb\jaxb-core\4.0.5\jaxb-core-4.0.5.jar;C:\Users\user\.m2\repository\org\eclipse\angus\angus-activation\2.0.2\angus-activation-2.0.2.jar;C:\Users\user\.m2\repository\org\glassfish\jaxb\txw2\4.0.5\txw2-4.0.5.jar;C:\Users\user\.m2\repository\com\sun\istack\istack-commons-runtime\4.1.2\istack-commons-runtime-4.1.2.jar;C:\Users\user\.m2\repository\jakarta\inject\jakarta.inject-api\2.0.1\jakarta.inject-api-2.0.1.jar;C:\Users\user\.m2\repository\org\antlr\antlr4-runtime\4.13.0\antlr4-runtime-4.13.0.jar;C:\Users\user\.m2\repository\org\springframework\data\spring-data-jpa\3.4.1\spring-data-jpa-3.4.1.jar;C:\Users\user\.m2\repository\org\springframework\data\spring-data-commons\3.4.1\spring-data-commons-3.4.1.jar;C:\Users\user\.m2\repository\org\springframework\spring-orm\6.2.1\spring-orm-6.2.1.jar;C:\Users\user\.m2\repository\org\springframework\spring-context\6.2.1\spring-context-6.2.1.jar;C:\Users\user\.m2\repository\org\springframework\spring-aop\6.2.1\spring-aop-6.2.1.jar;C:\Users\user\.m2\repository\org\springframework\spring-aspects\6.2.1\spring-aspects-6.2.1.jar;C:\Users\user\.m2\repository\org\aspectj\aspectjweaver\1.9.22.1\aspectjweaver-1.9.22.1.jar;C:\Users\user\.m2\repository\org\springframework\boot\spring-boot-starter-web\3.4.1\spring-boot-starter-web-3.4.1.jar;C:\Users\user\.m2\repository\org\springframework\boot\spring-boot-starter-json\3.4.1\spring-boot-starter-json-3.4.1.jar;C:\Users\user\.m2\repository\com\fasterxml\jackson\core\jackson-databind\2.18.2\jackson-databind-2.18.2.jar;C:\Users\user\.m2\repository\com\fasterxml\jackson\core\jackson-annotations\2.18.2\jackson-annotations-2.18.2.jar;C:\Users\user\.m2\repository\com\fasterxml\jackson\core\jackson-core\2.18.2\jackson-core-2.18.2.jar;C:\Users\user\.m2\repository\com\fasterxml\jackson\datatype\jackson-datatype-jdk8\2.18.2\jackson-datatype-jdk8-2.18.2.jar;C:\Users\user\.m2\repository\com\fasterxml\jackson\datatype\jackson-datatype-jsr310\2.18.2\jackson-datatype-jsr310-2.18.2.jar;C:\Users\user\.m2\repository\com\fasterxml\jackson\module\jackson-module-parameter-names\2.18.2\jackson-module-parameter-names-2.18.2.jar;C:\Users\user\.m2\repository\org\springframework\boot\spring-boot-starter-tomcat\3.4.1\spring-boot-starter-tomcat-3.4.1.jar;C:\Users\user\.m2\repository\org\apache\tomcat\embed\tomcat-embed-websocket\10.1.34\tomcat-embed-websocket-10.1.34.jar;C:\Users\user\.m2\repository\org\springframework\spring-web\6.2.1\spring-web-6.2.1.jar;C:\Users\user\.m2\repository\io\micrometer\micrometer-observation\1.14.2\micrometer-observation-1.14.2.jar;C:\Users\user\.m2\repository\io\micrometer\micrometer-commons\1.14.2\micrometer-commons-1.14.2.jar;C:\Users\user\.m2\repository\org\springframework\spring-webmvc\6.2.1\spring-webmvc-6.2.1.jar;C:\Users\user\.m2\repository\org\springframework\spring-expression\6.2.1\spring-expression-6.2.1.jar;C:\Users\user\.m2\repository\com\microsoft\sqlserver\mssql-jdbc\12.8.1.jre11\mssql-jdbc-12.8.1.jre11.jar;C:\Users\user\.m2\repository\com\oracle\database\jdbc\ojdbc11\23.5.0.24.07\ojdbc11-23.5.0.24.07.jar;C:\Users\user\.m2\repository\org\projectlombok\lombok\1.18.30\lombok-1.18.30.jar;C:\Users\user\.m2\repository\jakarta\xml\bind\jakarta.xml.bind-api\4.0.2\jakarta.xml.bind-api-4.0.2.jar;C:\Users\user\.m2\repository\jakarta\activation\jakarta.activation-api\2.1.3\jakarta.activation-api-2.1.3.jar;C:\Users\user\.m2\repository\org\springframework\spring-core\6.2.1\spring-core-6.2.1.jar;C:\Users\user\.m2\repository\org\springframework\spring-jcl\6.2.1\spring-jcl-6.2.1.jar;C:\Users\user\.m2\repository\com\sun\mail\jakarta.mail\2.0.1\jakarta.mail-2.0.1.jar;C:\Users\user\.m2\repository\com\sun\activation\jakarta.activation\2.0.1\jakarta.activation-2.0.1.jar;C:\Users\user\.m2\repository\org\apache\tomcat\embed\tomcat-embed-jasper\10.1.34\tomcat-embed-jasper-10.1.34.jar;C:\Users\user\.m2\repository\org\apache\tomcat\embed\tomcat-embed-core\10.1.34\tomcat-embed-core-10.1.34.jar;C:\Users\user\.m2\repository\org\apache\tomcat\tomcat-annotations-api\10.1.34\tomcat-annotations-api-10.1.34.jar;C:\Users\user\.m2\repository\org\apache\tomcat\embed\tomcat-embed-el\10.1.34\tomcat-embed-el-10.1.34.jar;C:\Users\user\.m2\repository\org\eclipse\jdt\ecj\3.33.0\ecj-3.33.0.jar;C:\Users\user\.m2\repository\org\apache\poi\poi\4.1.2\poi-4.1.2.jar;C:\Users\user\.m2\repository\commons-codec\commons-codec\1.17.1\commons-codec-1.17.1.jar;C:\Users\user\.m2\repository\org\apache\commons\commons-collections4\4.4\commons-collections4-4.4.jar;C:\Users\user\.m2\repository\org\apache\commons\commons-math3\3.6.1\commons-math3-3.6.1.jar;C:\Users\user\.m2\repository\com\zaxxer\SparseBitSet\1.2\SparseBitSet-1.2.jar;C:\Users\user\.m2\repository\org\apache\poi\poi-ooxml\4.1.2\poi-ooxml-4.1.2.jar;C:\Users\user\.m2\repository\org\apache\poi\poi-ooxml-schemas\4.1.2\poi-ooxml-schemas-4.1.2.jar;C:\Users\user\.m2\repository\org\apache\xmlbeans\xmlbeans\3.1.0\xmlbeans-3.1.0.jar;C:\Users\user\.m2\repository\org\apache\commons\commons-compress\1.19\commons-compress-1.19.jar;C:\Users\user\.m2\repository\com\github\virtuald\curvesapi\1.06\curvesapi-1.06.jar;C:\Users\user\.m2\repository\org\apache\tika\tika-core\2.3.0\tika-core-2.3.0.jar;C:\Users\user\.m2\repository\org\slf4j\slf4j-api\2.0.16\slf4j-api-2.0.16.jar;C:\Users\user\.m2\repository\commons-io\commons-io\2.11.0\commons-io-2.11.0.jar;C:\Users\user\.m2\repository\org\json\json\20210307\json-20210307.jar;C:\Users\user\.m2\repository\org\springframework\boot\spring-boot-starter-thymeleaf\3.4.1\spring-boot-starter-thymeleaf-3.4.1.jar;C:\Users\user\.m2\repository\org\thymeleaf\thymeleaf-spring6\3.1.3.RELEASE\thymeleaf-spring6-3.1.3.RELEASE.jar;C:\Users\user\.m2\repository\org\thymeleaf\thymeleaf\3.1.3.RELEASE\thymeleaf-3.1.3.RELEASE.jar;C:\Users\user\.m2\repository\org\attoparser\attoparser\2.0.7.RELEASE\attoparser-2.0.7.RELEASE.jar;C:\Users\user\.m2\repository\org\unbescape\unbescape\1.1.6.RELEASE\unbescape-1.1.6.RELEASE.jar;C:\Users\user\.m2\repository\org\springframework\boot\spring-boot-devtools\3.4.1\spring-boot-devtools-3.4.1.jar;C:\Users\user\.m2\repository\org\springframework\boot\spring-boot\3.4.1\spring-boot-3.4.1.jar;C:\Users\user\.m2\repository\org\springframework\boot\spring-boot-autoconfigure\3.4.1\spring-boot-autoconfigure-3.4.1.jar
Launcher Type: SUN_STANDARD

[Global flags]
     intx CICompilerCount                          = 12                                        {product} {ergonomic}
     uint ConcGCThreads                            = 4                                         {product} {ergonomic}
     uint G1ConcRefinementThreads                  = 15                                        {product} {ergonomic}
   size_t G1HeapRegionSize                         = 8388608                                   {product} {ergonomic}
    uintx GCDrainStackTargetSize                   = 64                                        {product} {ergonomic}
   size_t InitialHeapSize                          = 671088640                                 {product} {ergonomic}
     bool ManagementServer                         = true                                      {product} {command line}
   size_t MarkStackSize                            = 4194304                                   {product} {ergonomic}
   size_t MaxHeapSize                              = 10645143552                               {product} {ergonomic}
   size_t MaxNewSize                               = 6383730688                                {product} {ergonomic}
   size_t MinHeapDeltaBytes                        = 8388608                                   {product} {ergonomic}
   size_t MinHeapSize                              = 8388608                                   {product} {ergonomic}
    uintx NonNMethodCodeHeapSize                   = 4096                                   {pd product} {ergonomic}
    uintx NonProfiledCodeHeapSize                  = 0                                      {pd product} {ergonomic}
     bool ProfileInterpreter                       = false                                  {pd product} {command line}
    uintx ProfiledCodeHeapSize                     = 0                                      {pd product} {ergonomic}
   size_t SoftMaxHeapSize                          = 10645143552                            {manageable} {ergonomic}
     intx TieredStopAtLevel                        = 1                                         {product} {command line}
     bool UseCompressedOops                        = true                           {product lp64_product} {ergonomic}
     bool UseG1GC                                  = true                                      {product} {ergonomic}
     bool UseLargePagesIndividualAllocation        = false                                  {pd product} {ergonomic}

Logging:
Log output configuration:
 #0: stdout all=warning uptime,level,tags foldmultilines=false
 #1: stderr all=off uptime,level,tags foldmultilines=false

Environment Variables:
JAVA_HOME=C:\Program Files\Java\jdk1.8.0_202
PATH=C:\Program Files\Java\jdk1.8.0_202\bin;C:\Program Files\Common Files\Oracle\Java\javapath;C:\PLM_Workspace\apache-maven-3.8.1\bin\;C:\windows\Softcamp\SDK;C:\windows\Softcamp\SDS\x64;C:\windows\Softcamp\SDS;.;C:\Program Files (x86)\WareValley\Chakra Max Client V2\;C:\Program Files (x86)\Common Files\Oracle\Java\javapath;C:\windows\system32;C:\windows;C:\windows\System32\Wbem;C:\windows\System32\WindowsPowerShell\v1.0\;C:\windows\System32\OpenSSH\;C:\Program Files (x86)\NVIDIA Corporation\PhysX\Common;C:\Program Files\Bandizip\;c:\windows\softcamp\vsd;c:\windows\softcamp\vsd\x64;c:\windows\softcamp\vsd\swork3;C:\Program Files\Git\cmd;C:\Program Files\dotnet\;C:\Program Files (x86)\Windows Kits\10\Windows Performance Toolkit\;C:\Program Files\Microsoft SQL Server\170\Tools\Binn\;C:\Program Files\Microsoft SQL Server\Client SDK\ODBC\170\Tools\Binn\;C:\Program Files\nodejs\;C:\Program Files\cursor\resources\app\bin;C:\Users\user\AppData\Local\Programs\Python\Launcher\;C:\Users\user\AppData\Local\Microsoft\WindowsApps;C:\Users\user\AppData\Roaming\npm;C:\Users\user\AppData\Local\Programs\Microsoft VS Code\bin;C:\Users\user\.dotnet\tools
USERNAME=helco2035570
OS=Windows_NT
PROCESSOR_IDENTIFIER=Intel64 Family 6 Model 186 Stepping 2, GenuineIntel
TMP=C:\Users\user\AppData\Local\Temp
TEMP=C:\Users\user\AppData\Local\Temp




Periodic native trim disabled

---------------  S Y S T E M  ---------------

OS:
 Windows 10 , 64 bit Build 19041 (10.0.19041.5915)
OS uptime: 0 days 1:35 hours

CPU: total 20 (initial active 20) (10 cores per cpu, 2 threads per core) family 6 model 186 stepping 2 microcode 0x4119, cx8, cmov, fxsr, ht, mmx, 3dnowpref, sse, sse2, sse3, ssse3, sse4.1, sse4.2, popcnt, lzcnt, tsc, tscinvbit, avx, avx2, aes, erms, clmul, bmi1, bmi2, adx, sha, fma, vzeroupper, clflush, clflushopt, clwb, serialize, rdtscp, rdpid, fsrm, f16c, pku, cet_ibt, cet_ss
Processor Information for processor 0
  Max Mhz: 2400, Current Mhz: 2400, Mhz Limit: 1800
Processor Information for processor 1
  Max Mhz: 2400, Current Mhz: 2400, Mhz Limit: 2400
Processor Information for processor 2
  Max Mhz: 2400, Current Mhz: 2400, Mhz Limit: 2400
Processor Information for processor 3
  Max Mhz: 2400, Current Mhz: 2400, Mhz Limit: 2400
Processor Information for processor 4
  Max Mhz: 2400, Current Mhz: 2400, Mhz Limit: 2400
Processor Information for processor 5
  Max Mhz: 2400, Current Mhz: 2400, Mhz Limit: 2400
Processor Information for processor 6
  Max Mhz: 2400, Current Mhz: 2400, Mhz Limit: 2400
Processor Information for processor 7
  Max Mhz: 2400, Current Mhz: 2400, Mhz Limit: 2400
Processor Information for processor 8
  Max Mhz: 2400, Current Mhz: 2400, Mhz Limit: 2400
Processor Information for processor 9
  Max Mhz: 2400, Current Mhz: 2400, Mhz Limit: 2400
Processor Information for processor 10
  Max Mhz: 2400, Current Mhz: 2400, Mhz Limit: 2400
Processor Information for processor 11
  Max Mhz: 2400, Current Mhz: 2400, Mhz Limit: 2400
Processor Information for processor 12
  Max Mhz: 2400, Current Mhz: 1800, Mhz Limit: 1800
Processor Information for processor 13
  Max Mhz: 2400, Current Mhz: 1800, Mhz Limit: 1800
Processor Information for processor 14
  Max Mhz: 2400, Current Mhz: 1800, Mhz Limit: 1800
Processor Information for processor 15
  Max Mhz: 2400, Current Mhz: 1800, Mhz Limit: 1800
Processor Information for processor 16
  Max Mhz: 2400, Current Mhz: 1800, Mhz Limit: 1800
Processor Information for processor 17
  Max Mhz: 2400, Current Mhz: 1800, Mhz Limit: 1800
Processor Information for processor 18
  Max Mhz: 2400, Current Mhz: 1800, Mhz Limit: 1800
Processor Information for processor 19
  Max Mhz: 2400, Current Mhz: 1800, Mhz Limit: 1800

Memory: 4k page, system-wide physical 40600M (16642M free)
TotalPageFile size 46488M (AvailPageFile size 14915M)
current process WorkingSet (physical memory assigned to process): 317M, peak: 317M
current process commit charge ("private bytes"): 371M, peak: 793M

vm_info: Java HotSpot(TM) 64-Bit Server VM (21.0.4+8-LTS-274) for windows-amd64 JRE (21.0.4+8-LTS-274), built on 2024-06-05T05:23:33Z by "mach5one" with MS VC++ 17.6 (VS2022)

END.
